Last login: Thu Oct 29 01:57:03 on ttys002
administrators-MacBook-Pro:terraform admin$ ssh -i my-key-pair ec2-user@18.179.245.147
Last login: Thu Oct 29 10:45:58 2020 from 118-87-62-233.cnc.jp
-bash: /etc/profile: Permission denied
-bash-4.2$ sudo su - ozaki
最終ログイン: 2020/10/29 (木) 10:46:05 UTC日時 pts/0
[ozaki@ip-10-1-1-229 ~]$ exit
logout
-bash-4.2$ exit
ログアウト
-bash: /etc/bash.bash_logout: Permission denied
Connection to 18.179.245.147 closed.
administrators-MacBook-Pro:terraform admin$ ssh -i my-key-pair ec2-user@18.179.245.147
Last login: Thu Oct 29 11:00:40 2020 from 118-87-62-233.cnc.jp
-bash: /etc/profile: Permission denied
-bash-4.2$ sudo su - ozaki
最終ログイン: 2020/10/29 (木) 11:00:45 UTC日時 pts/1
[ozaki@ip-10-1-1-229 ~]$ ss -natu | grep LISTEN
tcp  LISTEN 0      128                             0.0.0.0:22           0.0.0.0:*                                                                               
tcp  LISTEN 0      128                             0.0.0.0:3000         0.0.0.0:*                                                                               
tcp  LISTEN 0      100                           127.0.0.1:25           0.0.0.0:*                                                                               
tcp  LISTEN 0      128                             0.0.0.0:111          0.0.0.0:*                                                                               
tcp  LISTEN 0      128                             0.0.0.0:80           0.0.0.0:*                                                                               
tcp  LISTEN 0      128                                [::]:22              [::]:*                                                                               
tcp  LISTEN 0      80                                    *:3306               *:*                                                                               
tcp  LISTEN 0      128                                [::]:111             [::]:*                                                                               
tcp  LISTEN 0      128                                [::]:80              [::]:*                                                                               
[ozaki@ip-10-1-1-229 ~]$ ss -x | grep puma
[ozaki@ip-10-1-1-229 ~]$ ss -x
Netid  State   Recv-Q   Send-Q                     Local Address:Port         Peer Address:Port     
u_str  ESTAB   0        0                                      * 19345                   * 19344    
u_str  ESTAB   0        0                                      * 19344                   * 19345    
u_str  ESTAB   0        0                                      * 19350                   * 19351    
u_str  ESTAB   0        0                                      * 19292                   * 19291    
u_str  ESTAB   0        0                                      * 17422                   * 17423    
u_str  ESTAB   0        0            /run/systemd/journal/stdout 15084                   * 15083    
u_str  ESTAB   0        0                                      * 19348                   * 19347    
u_str  ESTAB   0        0                                      * 19347                   * 19348    
u_str  ESTAB   0        0            /run/dbus/system_bus_socket 16971                   * 16923    
u_str  ESTAB   0        0                                      * 19354                   * 19353    
u_str  ESTAB   0        0                                      * 566516                  * 566515   
u_str  ESTAB   0        0            /run/dbus/system_bus_socket 16970                   * 16859    
u_str  ESTAB   0        0                                      * 15083                   * 15084    
u_str  ESTAB   0        0                                      * 19353                   * 19354    
u_str  ESTAB   0        0                                      * 199510                  * 199511   
u_str  ESTAB   0        0                                      * 17423                   * 17422    
u_str  ESTAB   0        0                                      * 20830                   * 20831    
u_str  ESTAB   0        0                                      * 19351                   * 19350    
u_str  ESTAB   0        0                                      * 19357                   * 19356    
u_str  ESTAB   0        0            /run/systemd/journal/stdout 20831                   * 20830    
u_str  ESTAB   0        0                                      * 19356                   * 19357    
u_str  ESTAB   0        0                                      * 17212                   * 17213    
u_str  ESTAB   0        0                                      * 19333                   * 19332    
u_str  ESTAB   0        0                                      * 566515                  * 566516   
u_str  ESTAB   0        0                                      * 19291                   * 19292    
u_str  ESTAB   0        0            /run/systemd/journal/stdout 17213                   * 17212    
u_str  ESTAB   0        0                                      * 19332                   * 19333    
u_str  ESTAB   0        0                                      * 17261                   * 17262    
u_str  ESTAB   0        0            /run/systemd/journal/stdout 17262                   * 17261    
u_str  ESTAB   0        0                                      * 19330                   * 19329    
u_str  ESTAB   0        0                                      * 19336                   * 19335    
u_str  ESTAB   0        0                                      * 19335                   * 19336    
u_str  ESTAB   0        0                                      * 16908                   * 16909    
u_str  ESTAB   0        0                                      * 16923                   * 16971    
u_str  ESTAB   0        0                                      * 17160                   * 17161    
u_str  ESTAB   0        0            /run/systemd/journal/stdout 16909                   * 16908    
u_str  ESTAB   0        0                                      * 19339                   * 19338    
u_str  ESTAB   0        0                                      * 19338                   * 19339    
u_str  ESTAB   0        0            /run/systemd/journal/stdout 199511                  * 199510   
u_str  ESTAB   0        0            /run/systemd/journal/stdout 17161                   * 17160    
u_str  ESTAB   0        0                                      * 19342                   * 19341    
u_str  ESTAB   0        0                                      * 17209                   * 17210    
u_str  ESTAB   0        0                                      * 19341                   * 19342    
u_str  ESTAB   0        0            /run/systemd/journal/stdout 17210                   * 17209    
u_str  ESTAB   0        0                                      * 592813                  * 592814   
u_str  ESTAB   0        0                                      * 19305                   * 19306    
u_str  ESTAB   0        0            /run/systemd/journal/stdout 19677                   * 19676    
u_str  ESTAB   0        0                                      * 19302                   * 19301    
u_str  ESTAB   0        0                                      * 16410                   * 16409    
u_str  ESTAB   0        0                                      * 19301                   * 19302    
u_str  ESTAB   0        0                                      * 19676                   * 19677    
u_str  ESTAB   0        0                                      * 594304                  * 594305   
u_str  ESTAB   0        0                                      * 19299                   * 19298    
u_str  ESTAB   0        0                                      * 19295                   * 19294    
u_str  ESTAB   0        0                                      * 19312                   * 19311    
u_str  ESTAB   0        0                                      * 16968                   * 16969    
u_str  ESTAB   0        0                                      * 19311                   * 19312    
u_str  ESTAB   0        0                                      * 20363                   * 20364    
u_str  ESTAB   0        0                                      * 19309                   * 19308    
u_str  ESTAB   0        0                                      * 19308                   * 19309    
u_str  ESTAB   0        0                                      * 16969                   * 16968    
u_str  ESTAB   0        0                                      * 19306                   * 19305    
u_str  ESTAB   0        0                                      * 19321                   * 19320    
u_str  ESTAB   0        0                                      * 14959                   * 14986    
u_str  ESTAB   0        0                                      * 19294                   * 19295    
u_str  ESTAB   0        0                                      * 594305                  * 594304   
u_str  ESTAB   0        0                                      * 19320                   * 19321    
u_str  ESTAB   0        0            /run/systemd/journal/stdout 14986                   * 14959    
u_str  ESTAB   0        0                                      * 16409                   * 16410    
u_str  ESTAB   0        0                                      * 19318                   * 19317    
u_str  ESTAB   0        0                                      * 19317                   * 19318    
u_str  ESTAB   0        0                                      * 592814                  * 592813   
u_str  ESTAB   0        0                                      * 19315                   * 19314    
u_str  ESTAB   0        0                                      * 19314                   * 19315    
u_str  ESTAB   0        0                                      * 19359                   * 19360    
u_str  ESTAB   0        0                                      * 19329                   * 19330    
u_str  ESTAB   0        0                                      * 19298                   * 19299    
u_str  ESTAB   0        0            /run/systemd/journal/stdout 20364                   * 20363    
u_str  ESTAB   0        0                                      * 19360                   * 19359    
u_str  ESTAB   0        0                                      * 19327                   * 19326    
u_str  ESTAB   0        0                                      * 19326                   * 19327    
u_str  ESTAB   0        0                                      * 19362                   * 19363    
u_str  ESTAB   0        0            /run/systemd/journal/stdout 16858                   * 16857    
u_str  ESTAB   0        0                                      * 19363                   * 19362    
u_str  ESTAB   0        0                                      * 19324                   * 19323    
u_str  ESTAB   0        0                                      * 16857                   * 16858    
u_str  ESTAB   0        0                                      * 19323                   * 19324    
u_str  ESTAB   0        0                                      * 16859                   * 16970    
[ozaki@ip-10-1-1-229 ~]$ cd /var/www/rails/locker_app
[ozaki@ip-10-1-1-229 locker_app]$ ls
app        db                  ext.txt       lib           public     test
bin        docker              Gemfile       log           Rakefile   tmp
config     docker-compose.yml  Gemfile.lock  node_modules  README.md  vendor
config.ru  erd.pdf             import.sh     package.json  shell      yarn.lock
[ozaki@ip-10-1-1-229 locker_app]$ vi /etc/nginx/conf.d/nginx.conf
[ozaki@ip-10-1-1-229 locker_app]$ cd tmp/sockets
[ozaki@ip-10-1-1-229 sockets]$ pwd
/var/www/rails/locker_app/tmp/sockets
[ozaki@ip-10-1-1-229 sockets]$ ls
puma.sock
[ozaki@ip-10-1-1-229 sockets]$ vi /etc/nginx/conf.d/nginx.conf
[ozaki@ip-10-1-1-229 sockets]$ cd ../../
[ozaki@ip-10-1-1-229 locker_app]$ vi config/puma.rb
[ozaki@ip-10-1-1-229 locker_app]$ cd config
[ozaki@ip-10-1-1-229 config]$ ls
application.rb  cable.yml     environment.rb  initializers  puma.rb    secrets.yml
boot.rb         database.yml  environments    locales       routes.rb  spring.rb
[ozaki@ip-10-1-1-229 config]$ vi puma.rb
[ozaki@ip-10-1-1-229 config]$ cd ../
[ozaki@ip-10-1-1-229 locker_app]$ ss -natu | grep LISTEN
tcp    LISTEN      0        128                                 0.0.0.0:22                                            0.0.0.0:*                                 
tcp    LISTEN      0        128                                 0.0.0.0:3000                                          0.0.0.0:*                                 
tcp    LISTEN      0        100                               127.0.0.1:25                                            0.0.0.0:*                                 
tcp    LISTEN      0        128                                 0.0.0.0:111                                           0.0.0.0:*                                 
tcp    LISTEN      0        128                                 0.0.0.0:80                                            0.0.0.0:*                                 
tcp    LISTEN      0        128                                    [::]:22                                               [::]:*                                 
tcp    LISTEN      0        80                                        *:3306                                                *:*                                 
tcp    LISTEN      0        128                                    [::]:111                                              [::]:*                                 
tcp    LISTEN      0        128                                    [::]:80                                               [::]:*                                 
[ozaki@ip-10-1-1-229 locker_app]$ kill -9 `cat tmp/pids/server.pid`
[ozaki@ip-10-1-1-229 locker_app]$ sudo systemctl restart nginx.service
[sudo] password for ozaki: 
[ozaki@ip-10-1-1-229 locker_app]$ exit
logout
-bash-4.2$ exit
ログアウト
-bash: /etc/bash.bash_logout: Permission denied
Connection to 18.179.245.147 closed.
administrators-MacBook-Pro:terraform admin$ ssh -i my-key-pair ec2-user@18.179.245.147
Last login: Thu Oct 29 11:03:50 2020 from 118-87-62-233.cnc.jp
-bash: /etc/profile: Permission denied
-bash-4.2$ sudo su - ozaki
最終ログイン: 2020/10/29 (木) 11:03:55 UTC日時 pts/1
[ozaki@ip-10-1-1-229 ~]$ cd /
[ozaki@ip-10-1-1-229 /]$ ls
bin   dev  home  lib64  media  opt   root  sbin  sys  usr
boot  etc  lib   local  mnt    proc  run   srv   tmp  var
[ozaki@ip-10-1-1-229 /]$ ll tmp
total 132
lrwxrwxrwx 1 ozaki ozaki     25 Oct 25 08:52 mysql.sock -> /var/lib/mysql/mysql.sock
-rw-rw-r-- 1 ozaki ozaki    224 Oct 24 01:58 ruby-build.20201024015805.3606.log
drwx------ 3 ozaki ozaki     24 Oct 24 01:58 ruby-build.20201024015805.3606.TvtC2e
-rw-rw-r-- 1 ozaki ozaki 127449 Oct 24 02:16 ruby-build.20201024021132.4149.log
drwx------ 2 ozaki ozaki     25 Oct 24 03:16 ssh-TZrH6wFw2L02
drwx------ 3 root  root      17 Oct 23 10:43 systemd-private-deeda8db7c714a3a8a457503bdf992cb-chronyd.service-LxPTmK
drwx------ 3 root  root      17 Oct 29 11:19 systemd-private-deeda8db7c714a3a8a457503bdf992cb-nginx.service-x1Bol2
drwxrwxr-x 3 ozaki ozaki     25 Oct 25 14:34 v8-compile-cache-1001
drwx------ 2 ozaki ozaki      6 Oct 29 10:47 vJUt7bI
[ozaki@ip-10-1-1-229 /]$ ls tmp
mysql.sock
ruby-build.20201024015805.3606.log
ruby-build.20201024015805.3606.TvtC2e
ruby-build.20201024021132.4149.log
ssh-TZrH6wFw2L02
systemd-private-deeda8db7c714a3a8a457503bdf992cb-chronyd.service-LxPTmK
systemd-private-deeda8db7c714a3a8a457503bdf992cb-nginx.service-x1Bol2
v8-compile-cache-1001
vJUt7bI
[ozaki@ip-10-1-1-229 /]$ packet_write_wait: Connection to 18.179.245.147 port 22: Broken pipe
administrators-MacBook-Pro:terraform admin$ ssh -i my-key-pair ec2-user@18.179.245.147
Last login: Thu Oct 29 12:36:39 2020 from 118-87-62-233.cnc.jp
-bash: /etc/profile: Permission denied
-bash-4.2$ sudo su - ozaki
最終ログイン: 2020/10/29 (木) 12:36:46 UTC日時 pts/1
[ozaki@ip-10-1-1-229 ~]$ ls /
bin   dev  home  lib64  media  opt   root  sbin  sys  usr
boot  etc  lib   local  mnt    proc  run   srv   tmp  var
[ozaki@ip-10-1-1-229 ~]$ ls /opt
aws  rh
[ozaki@ip-10-1-1-229 ~]$ ll /opt
total 0
drwxr-xr-x 4 root root 33 Sep 21 21:11 aws
drwxr-xr-x 2 root root  6 Aug 16  2018 rh
[ozaki@ip-10-1-1-229 ~]$ ll /var
total 8
drwxr-xr-x  2 root  root   19 Sep 21 21:11 account
drwxr-xr-x  2 root  root    6 Apr  9  2019 adm
drwxr-xr-x  6 root  root   63 Sep 21 21:11 cache
drwxr-xr-x  3 root  root   18 Sep 21 21:11 db
drwxr-xr-x  3 root  root   18 Sep 21 21:11 empty
drwxr-xr-x  2 root  root    6 Apr  9  2019 games
drwxr-xr-x  2 root  root    6 Apr  9  2019 gopher
drwxr-xr-x  3 root  root   18 Sep 21 21:11 kerberos
drwxr-xr-x 34 root  root 4096 Oct 25 06:19 lib
drwxr-xr-x  2 root  root    6 Apr  9  2019 local
lrwxrwxrwx  1 root  root   11 Sep 21 21:10 lock -> ../run/lock
drwxr-xr-x  8 root  root 4096 Oct 29 03:15 log
lrwxrwxrwx  1 root  root   10 Sep 21 21:10 mail -> spool/mail
drwxr-xr-x  2 root  root    6 Apr  9  2019 nis
drwxr-xr-x  2 root  root    6 Apr  9  2019 opt
drwxr-xr-x  2 root  root    6 Apr  9  2019 preserve
lrwxrwxrwx  1 root  root    6 Sep 21 21:10 run -> ../run
drwxr-xr-x  9 root  root   97 Sep 21 21:11 spool
drwxrwxrwt  5 root  root  186 Oct 29 11:19 tmp
drwxr-xr-x  3 ozaki root   19 Oct 24 02:26 www
drwxr-xr-x  2 root  root    6 Apr  9  2019 yp
[ozaki@ip-10-1-1-229 ~]$ cd /var/www/rails/locker_app /opt
[ozaki@ip-10-1-1-229 locker_app]$ cd ~
[ozaki@ip-10-1-1-229 ~]$ mv /var/www/rails/locker_app /opt
mv: cannot move ‘/var/www/rails/locker_app’ to ‘/opt/locker_app’: Permission denied
[ozaki@ip-10-1-1-229 ~]$ ll /var/www/rails/locker_app
total 84
drwxrwxr-x 11 ozaki ozaki   158 Oct 25 05:33 app
drwxrwxr-x  2 ozaki ozaki    98 Oct 24 03:47 bin
drwxrwxr-x  5 ozaki ozaki   225 Oct 29 12:58 config
-rw-rw-r--  1 ozaki ozaki   130 Oct 24 03:47 config.ru
drwxrwxr-x  3 ozaki ozaki   101 Oct 25 05:33 db
drwxrwxr-x  2 ozaki ozaki    24 Oct 25 05:35 docker
-rw-rw-r--  1 ozaki ozaki   247 Oct 25 05:33 docker-compose.yml
-rw-rw-r--  1 ozaki ozaki 40032 Oct 25 05:33 erd.pdf
-rw-rw-r--  1 ozaki ozaki   973 Oct 25 05:33 ext.txt
-rw-rw-r--  1 ozaki ozaki  2628 Oct 25 05:33 Gemfile
-rw-rw-r--  1 ozaki ozaki  6886 Oct 25 05:33 Gemfile.lock
-rw-rw-r--  1 ozaki ozaki   130 Oct 24 03:47 import.sh
drwxrwxr-x  4 ozaki ozaki    33 Oct 24 03:47 lib
drwxrwxr-x  2 ozaki ozaki   127 Oct 25 13:03 log
drwxrwxr-x  2 ozaki ozaki    29 Oct 25 14:34 node_modules
-rw-rw-r--  1 ozaki ozaki    68 Oct 24 03:47 package.json
drwxrwxr-x  4 ozaki ozaki   205 Oct 25 14:45 public
-rw-rw-r--  1 ozaki ozaki   227 Oct 24 03:47 Rakefile
-rw-rw-r--  1 ozaki ozaki   387 Oct 25 05:33 README.md
-rw-rw-r--  1 ozaki ozaki     0 Oct 24 03:47 shell
drwxrwxr-x  9 ozaki ozaki   179 Oct 24 03:47 test
drwxrwxr-x  5 ozaki ozaki    78 Oct 25 14:52 tmp
drwxrwxr-x  2 ozaki ozaki    19 Oct 24 03:47 vendor
-rw-rw-r--  1 ozaki ozaki    86 Oct 25 14:34 yarn.lock
[ozaki@ip-10-1-1-229 ~]$ ll /var/www/rails
total 4
drwxrwxr-x 15 ozaki ozaki 4096 Oct 29 00:46 locker_app
[ozaki@ip-10-1-1-229 ~]$ mv /var/www/rails/locker_app /opt
mv: cannot move ‘/var/www/rails/locker_app’ to ‘/opt/locker_app’: Permission denied
[ozaki@ip-10-1-1-229 ~]$ sudo chmod 777 /var/www/rails/locker_app
[sudo] password for ozaki: 
[ozaki@ip-10-1-1-229 ~]$ mv /var/www/rails/locker_app /opt
mv: cannot move ‘/var/www/rails/locker_app’ to ‘/opt/locker_app’: Permission denied
[ozaki@ip-10-1-1-229 ~]$ cd /
[ozaki@ip-10-1-1-229 /]$ mv var/www/rails/locker_app/ opt/
mv: cannot move ‘var/www/rails/locker_app/’ to ‘opt/locker_app’: Permission denied
[ozaki@ip-10-1-1-229 /]$ ll var
total 8
drwxr-xr-x  2 root  root   19 Sep 21 21:11 account
drwxr-xr-x  2 root  root    6 Apr  9  2019 adm
drwxr-xr-x  6 root  root   63 Sep 21 21:11 cache
drwxr-xr-x  3 root  root   18 Sep 21 21:11 db
drwxr-xr-x  3 root  root   18 Sep 21 21:11 empty
drwxr-xr-x  2 root  root    6 Apr  9  2019 games
drwxr-xr-x  2 root  root    6 Apr  9  2019 gopher
drwxr-xr-x  3 root  root   18 Sep 21 21:11 kerberos
drwxr-xr-x 34 root  root 4096 Oct 25 06:19 lib
drwxr-xr-x  2 root  root    6 Apr  9  2019 local
lrwxrwxrwx  1 root  root   11 Sep 21 21:10 lock -> ../run/lock
drwxr-xr-x  8 root  root 4096 Oct 29 03:15 log
lrwxrwxrwx  1 root  root   10 Sep 21 21:10 mail -> spool/mail
drwxr-xr-x  2 root  root    6 Apr  9  2019 nis
drwxr-xr-x  2 root  root    6 Apr  9  2019 opt
drwxr-xr-x  2 root  root    6 Apr  9  2019 preserve
lrwxrwxrwx  1 root  root    6 Sep 21 21:10 run -> ../run
drwxr-xr-x  9 root  root   97 Sep 21 21:11 spool
drwxrwxrwt  5 root  root  186 Oct 29 11:19 tmp
drwxr-xr-x  3 ozaki root   19 Oct 24 02:26 www
drwxr-xr-x  2 root  root    6 Apr  9  2019 yp
[ozaki@ip-10-1-1-229 /]$ ll var/www
total 0
drwxr-xr-x 3 ozaki root 24 Oct 24 03:46 rails
[ozaki@ip-10-1-1-229 /]$ cd var
[ozaki@ip-10-1-1-229 var]$ cd www
[ozaki@ip-10-1-1-229 www]$ ls
rails
[ozaki@ip-10-1-1-229 www]$ ll
total 0
drwxr-xr-x 3 ozaki root 24 Oct 24 03:46 rails
[ozaki@ip-10-1-1-229 www]$ cd rails
[ozaki@ip-10-1-1-229 rails]$ ll
total 4
drwxrwxrwx 15 ozaki ozaki 4096 Oct 29 00:46 locker_app
[ozaki@ip-10-1-1-229 rails]$ exit
logout
-bash-4.2$ exit
ログアウト
-bash: /etc/bash.bash_logout: Permission denied
Connection to 18.179.245.147 closed.
administrators-MacBook-Pro:terraform admin$ ssh -i my-key-pair ec2-user@18.179.245.147
Last login: Thu Oct 29 12:55:08 2020 from 118-87-62-233.cnc.jp
-bash: /etc/profile: Permission denied
-bash-4.2$ sudo su - ozaki
最終ログイン: 2020/10/29 (木) 12:55:11 UTC日時 pts/2
[ozaki@ip-10-1-1-229 ~]$ mv var/www/rails/locker_app/ opt/
mv: cannot stat ‘var/www/rails/locker_app/’: No such file or directory
[ozaki@ip-10-1-1-229 ~]$ mv /var/www/rails/locker_app/ opt/
[ozaki@ip-10-1-1-229 ~]$ ls /opt
aws  rh
[ozaki@ip-10-1-1-229 ~]$ ls /
bin   dev  home  lib64  media  opt   root  sbin  sys  usr
boot  etc  lib   local  mnt    proc  run   srv   tmp  var
[ozaki@ip-10-1-1-229 ~]$ ls
opt
[ozaki@ip-10-1-1-229 ~]$ packet_write_wait: Connection to 18.179.245.147 port 22: Broken pipe
administrators-MacBook-Pro:terraform admin$ 
  [復元日時2020/10/30 10:28:15]
Last login: Fri Oct 30 10:28:14 on ttys000
Restored session: 2020年 10月30日 金曜日 01時30分21秒 JST
administrators-MacBook-Pro:terraform admin$ ssh -i my-key-pair ec2-user@18.179.245.147
Last login: Thu Oct 29 13:16:35 2020 from 118-87-62-233.cnc.jp
-bash: /etc/profile: Permission denied
-bash-4.2$ sudo su - ozaki
最終ログイン: 2020/10/29 (木) 13:16:40 UTC日時 pts/0
[ozaki@ip-10-1-1-229 ~]$ ls
opt
[ozaki@ip-10-1-1-229 ~]$ ll
total 4
drwxrwxrwx 15 ozaki ozaki 4096 Oct 29 00:46 opt
[ozaki@ip-10-1-1-229 ~]$ vi /etc/nginx/conf.d/nginx.conf
[ozaki@ip-10-1-1-229 ~]$ cd opt
[ozaki@ip-10-1-1-229 opt]$ ls
app        db                  ext.txt       lib           public     test
bin        docker              Gemfile       log           Rakefile   tmp
config     docker-compose.yml  Gemfile.lock  node_modules  README.md  vendor
config.ru  erd.pdf             import.sh     package.json  shell      yarn.lock
[ozaki@ip-10-1-1-229 opt]$ cd ~
[ozaki@ip-10-1-1-229 ~]$ mv opt locker_app
[ozaki@ip-10-1-1-229 ~]$ ls
locker_app
[ozaki@ip-10-1-1-229 ~]$ vi /etc/nginx/conf.d/nginx.conf
[ozaki@ip-10-1-1-229 ~]$ vi locker_app/config/puma.rb
[ozaki@ip-10-1-1-229 ~]$ cd /locker_app
-bash: cd: /locker_app: No such file or directory
[ozaki@ip-10-1-1-229 ~]$ cd /var/www/rails/locker_app
-bash: cd: /var/www/rails/locker_app: No such file or directory
[ozaki@ip-10-1-1-229 ~]$ cd locker_app
[ozaki@ip-10-1-1-229 locker_app]$ kill -9 `cat tmp/pids/server.pid`
-bash: kill: (23112) - No such process
[ozaki@ip-10-1-1-229 locker_app]$ ss -natu | grep LISTEN
tcp  LISTEN 0      128                             0.0.0.0:22           0.0.0.0:*                                                                               
tcp  LISTEN 0      100                           127.0.0.1:25           0.0.0.0:*                                                                               
tcp  LISTEN 0      128                             0.0.0.0:111          0.0.0.0:*                                                                               
tcp  LISTEN 0      128                             0.0.0.0:80           0.0.0.0:*                                                                               
tcp  LISTEN 0      128                                [::]:22              [::]:*                                                                               
tcp  LISTEN 0      80                                    *:3306               *:*                                                                               
tcp  LISTEN 0      128                                [::]:111             [::]:*                                                                               
tcp  LISTEN 0      128                                [::]:80              [::]:*                                                                               
[ozaki@ip-10-1-1-229 locker_app]$ rails s -d -e production
=> Booting Puma
=> Rails 5.1.7 application starting in production 
=> Run `rails server -h` for more startup options
[ozaki@ip-10-1-1-229 locker_app]$ sudo systemctl restart nginx.service
[sudo] password for ozaki: 
Job for nginx.service failed because the control process exited with error code. See "systemctl status nginx.service" and "journalctl -xe" for details.
[ozaki@ip-10-1-1-229 locker_app]$ sudo systemctl status nginx.service
● nginx.service - The nginx HTTP and reverse proxy server
   Loaded: loaded (/usr/lib/systemd/system/nginx.service; enabled; vendor preset: disabled)
   Active: failed (Result: exit-code) since Fri 2020-10-30 04:34:23 UTC; 24s ago
  Process: 20415 ExecStart=/usr/sbin/nginx (code=exited, status=0/SUCCESS)
  Process: 9497 ExecStartPre=/usr/sbin/nginx -t (code=exited, status=1/FAILURE)
  Process: 9495 ExecStartPre=/usr/bin/rm -f /run/nginx.pid (code=exited, status=0/SUCCESS)
 Main PID: 20417 (code=exited, status=0/SUCCESS)

Oct 30 04:34:23 ip-10-1-1-229.ap-northeast-1.compute.internal systemd[1]: Starting The nginx HTTP...
Oct 30 04:34:23 ip-10-1-1-229.ap-northeast-1.compute.internal nginx[9497]: nginx: the configurati...
Oct 30 04:34:23 ip-10-1-1-229.ap-northeast-1.compute.internal nginx[9497]: nginx: [emerg] open() ...
Oct 30 04:34:23 ip-10-1-1-229.ap-northeast-1.compute.internal nginx[9497]: nginx: configuration f...
Oct 30 04:34:23 ip-10-1-1-229.ap-northeast-1.compute.internal systemd[1]: nginx.service: control ...
Oct 30 04:34:23 ip-10-1-1-229.ap-northeast-1.compute.internal systemd[1]: Failed to start The ngi...
Oct 30 04:34:23 ip-10-1-1-229.ap-northeast-1.compute.internal systemd[1]: Unit nginx.service ente...
Oct 30 04:34:23 ip-10-1-1-229.ap-northeast-1.compute.internal systemd[1]: nginx.service failed.
Hint: Some lines were ellipsized, use -l to show in full.
[ozaki@ip-10-1-1-229 locker_app]$ sudo systemctl stop nginx.service
[ozaki@ip-10-1-1-229 locker_app]$ sudo systemctl restart nginx.service
Job for nginx.service failed because the control process exited with error code. See "systemctl status nginx.service" and "journalctl -xe" for details.
[ozaki@ip-10-1-1-229 locker_app]$ sudo systemctl status -l nginx.service
● nginx.service - The nginx HTTP and reverse proxy server
   Loaded: loaded (/usr/lib/systemd/system/nginx.service; enabled; vendor preset: disabled)
   Active: failed (Result: exit-code) since Fri 2020-10-30 04:35:04 UTC; 17s ago
  Process: 20415 ExecStart=/usr/sbin/nginx (code=exited, status=0/SUCCESS)
  Process: 9550 ExecStartPre=/usr/sbin/nginx -t (code=exited, status=1/FAILURE)
  Process: 9549 ExecStartPre=/usr/bin/rm -f /run/nginx.pid (code=exited, status=0/SUCCESS)
 Main PID: 20417 (code=exited, status=0/SUCCESS)

Oct 30 04:35:04 ip-10-1-1-229.ap-northeast-1.compute.internal systemd[1]: Starting The nginx HTTP and reverse proxy server...
Oct 30 04:35:04 ip-10-1-1-229.ap-northeast-1.compute.internal nginx[9550]: nginx: the configuration file /etc/nginx/nginx.conf syntax is ok
Oct 30 04:35:04 ip-10-1-1-229.ap-northeast-1.compute.internal nginx[9550]: nginx: [emerg] open() "/var/www/rails/locker_app/log/nginx.error.log" failed (2: No such file or directory)
Oct 30 04:35:04 ip-10-1-1-229.ap-northeast-1.compute.internal nginx[9550]: nginx: configuration file /etc/nginx/nginx.conf test failed
Oct 30 04:35:04 ip-10-1-1-229.ap-northeast-1.compute.internal systemd[1]: nginx.service: control process exited, code=exited status=1
Oct 30 04:35:04 ip-10-1-1-229.ap-northeast-1.compute.internal systemd[1]: Failed to start The nginx HTTP and reverse proxy server.
Oct 30 04:35:04 ip-10-1-1-229.ap-northeast-1.compute.internal systemd[1]: Unit nginx.service entered failed state.
Oct 30 04:35:04 ip-10-1-1-229.ap-northeast-1.compute.internal systemd[1]: nginx.service failed.
[ozaki@ip-10-1-1-229 locker_app]$ vi /etc/nginx/conf.d/nginx.conf
[ozaki@ip-10-1-1-229 locker_app]$ sudo systemctl restart nginx.service
Job for nginx.service failed because the control process exited with error code. See "systemctl status nginx.service" and "journalctl -xe" for details.
[ozaki@ip-10-1-1-229 locker_app]$ sudo systemctl status -l nginx.service
● nginx.service - The nginx HTTP and reverse proxy server
   Loaded: loaded (/usr/lib/systemd/system/nginx.service; enabled; vendor preset: disabled)
   Active: failed (Result: exit-code) since Fri 2020-10-30 04:36:59 UTC; 4s ago
  Process: 20415 ExecStart=/usr/sbin/nginx (code=exited, status=0/SUCCESS)
  Process: 9657 ExecStartPre=/usr/sbin/nginx -t (code=exited, status=1/FAILURE)
  Process: 9656 ExecStartPre=/usr/bin/rm -f /run/nginx.pid (code=exited, status=0/SUCCESS)
 Main PID: 20417 (code=exited, status=0/SUCCESS)

Oct 30 04:36:59 ip-10-1-1-229.ap-northeast-1.compute.internal systemd[1]: Starting The nginx HTTP and reverse proxy server...
Oct 30 04:36:59 ip-10-1-1-229.ap-northeast-1.compute.internal nginx[9657]: nginx: the configuration file /etc/nginx/nginx.conf syntax is ok
Oct 30 04:36:59 ip-10-1-1-229.ap-northeast-1.compute.internal nginx[9657]: nginx: [emerg] open() "/usr/share/nginx/locker_app/log/nginx.error.log" failed (2: No such file or directory)
Oct 30 04:36:59 ip-10-1-1-229.ap-northeast-1.compute.internal nginx[9657]: nginx: configuration file /etc/nginx/nginx.conf test failed
Oct 30 04:36:59 ip-10-1-1-229.ap-northeast-1.compute.internal systemd[1]: nginx.service: control process exited, code=exited status=1
Oct 30 04:36:59 ip-10-1-1-229.ap-northeast-1.compute.internal systemd[1]: Failed to start The nginx HTTP and reverse proxy server.
Oct 30 04:36:59 ip-10-1-1-229.ap-northeast-1.compute.internal systemd[1]: Unit nginx.service entered failed state.
Oct 30 04:36:59 ip-10-1-1-229.ap-northeast-1.compute.internal systemd[1]: nginx.service failed.
[ozaki@ip-10-1-1-229 locker_app]$ vi /etc/nginx/conf.d/nginx.conf
[ozaki@ip-10-1-1-229 locker_app]$ sudo systemctl restart nginx.service
Job for nginx.service failed because the control process exited with error code. See "systemctl status nginx.service" and "journalctl -xe" for details.
[ozaki@ip-10-1-1-229 locker_app]$ sudo systemctl status -l nginx.service
● nginx.service - The nginx HTTP and reverse proxy server
   Loaded: loaded (/usr/lib/systemd/system/nginx.service; enabled; vendor preset: disabled)
   Active: failed (Result: exit-code) since Fri 2020-10-30 04:38:15 UTC; 4s ago
  Process: 20415 ExecStart=/usr/sbin/nginx (code=exited, status=0/SUCCESS)
  Process: 9733 ExecStartPre=/usr/sbin/nginx -t (code=exited, status=1/FAILURE)
  Process: 9732 ExecStartPre=/usr/bin/rm -f /run/nginx.pid (code=exited, status=0/SUCCESS)
 Main PID: 20417 (code=exited, status=0/SUCCESS)

Oct 30 04:38:15 ip-10-1-1-229.ap-northeast-1.compute.internal systemd[1]: Starting The nginx HTTP and reverse proxy server...
Oct 30 04:38:15 ip-10-1-1-229.ap-northeast-1.compute.internal nginx[9733]: nginx: the configuration file /etc/nginx/nginx.conf syntax is ok
Oct 30 04:38:15 ip-10-1-1-229.ap-northeast-1.compute.internal nginx[9733]: nginx: [emerg] open() "/usr/share/nginx/locker_app/log/nginx.error.log" failed (2: No such file or directory)
Oct 30 04:38:15 ip-10-1-1-229.ap-northeast-1.compute.internal nginx[9733]: nginx: configuration file /etc/nginx/nginx.conf test failed
Oct 30 04:38:15 ip-10-1-1-229.ap-northeast-1.compute.internal systemd[1]: nginx.service: control process exited, code=exited status=1
Oct 30 04:38:15 ip-10-1-1-229.ap-northeast-1.compute.internal systemd[1]: Failed to start The nginx HTTP and reverse proxy server.
Oct 30 04:38:15 ip-10-1-1-229.ap-northeast-1.compute.internal systemd[1]: Unit nginx.service entered failed state.
Oct 30 04:38:15 ip-10-1-1-229.ap-northeast-1.compute.internal systemd[1]: nginx.service failed.
[ozaki@ip-10-1-1-229 locker_app]$ vi /etc/nginx/conf.d/nginx.conf
[ozaki@ip-10-1-1-229 locker_app]$ ll /etc/nginx
total 68
drwxr-xr-x 2 root root   24 Oct 25 01:39 conf.d
drwxr-xr-x 2 root root    6 Jun  7 16:30 default.d
-rw-r--r-- 1 root root 1077 Jun  7 16:30 fastcgi.conf
-rw-r--r-- 1 root root 1077 Jun  7 16:30 fastcgi.conf.default
-rw-r--r-- 1 root root 1007 Jun  7 16:30 fastcgi_params
-rw-r--r-- 1 root root 1007 Jun  7 16:30 fastcgi_params.default
-rw-r--r-- 1 root root 2837 Jun  7 16:30 koi-utf
-rw-r--r-- 1 root root 2223 Jun  7 16:30 koi-win
-rw-r--r-- 1 root root 5231 Jun  7 16:30 mime.types
-rw-r--r-- 1 root root 5231 Jun  7 16:30 mime.types.default
-rw-r--r-- 1 root root 2455 Jun  7 16:29 nginx.conf
-rw-r--r-- 1 root root 2656 Jun  7 16:30 nginx.conf.default
-rw-r--r-- 1 root root  636 Jun  7 16:30 scgi_params
-rw-r--r-- 1 root root  636 Jun  7 16:30 scgi_params.default
-rw-r--r-- 1 root root  664 Jun  7 16:30 uwsgi_params
-rw-r--r-- 1 root root  664 Jun  7 16:30 uwsgi_params.default
-rw-r--r-- 1 root root 3610 Jun  7 16:30 win-utf
[ozaki@ip-10-1-1-229 locker_app]$ ll /usr/share/nginx/locker_app/log/
ls: cannot access /usr/share/nginx/locker_app/log/: No such file or directory
[ozaki@ip-10-1-1-229 locker_app]$ ll /usr/share/nginx/locker_app/log/nginx.error.log
ls: cannot access /usr/share/nginx/locker_app/log/nginx.error.log: No such file or directory
[ozaki@ip-10-1-1-229 locker_app]$ ll /usr/share/nginx/locker_app/log/nginx.error.log
ls: cannot access /usr/share/nginx/locker_app/log/nginx.error.log: No such file or directory
[ozaki@ip-10-1-1-229 locker_app]$ ll /usr/share/nginx/locker_app
ls: cannot access /usr/share/nginx/locker_app: No such file or directory
[ozaki@ip-10-1-1-229 locker_app]$ ll /usr/share/nginx
total 0
drwxr-xr-x 3 root root 136 Oct 25 01:37 html
drwxr-xr-x 2 root root 143 Oct 25 01:37 modules
[ozaki@ip-10-1-1-229 locker_app]$ packet_write_wait: Connection to 18.179.245.147 port 22: Broken pipe
administrators-MacBook-Pro:terraform admin$ ssh -i my-key-pair ec2-user@18.179.245.147
Last login: Fri Oct 30 04:29:33 2020 from 118-87-62-233.cnc.jp
-bash: /etc/profile: Permission denied
-bash-4.2$ sudo su - ozaki
最終ログイン: 2020/10/30 (金) 04:29:39 UTC日時 pts/0
[ozaki@ip-10-1-1-229 ~]$ ss -natu | grep LISTEN
tcp  LISTEN 0      128                             0.0.0.0:22           0.0.0.0:*                                                                               
tcp  LISTEN 0      128                             0.0.0.0:3000         0.0.0.0:*                                                                               
tcp  LISTEN 0      100                           127.0.0.1:25           0.0.0.0:*                                                                               
tcp  LISTEN 0      128                             0.0.0.0:111          0.0.0.0:*                                                                               
tcp  LISTEN 0      128                                [::]:22              [::]:*                                                                               
tcp  LISTEN 0      80                                    *:3306               *:*                                                                               
tcp  LISTEN 0      128                                [::]:111             [::]:*                                                                               
[ozaki@ip-10-1-1-229 ~]$ sudo systemctl start nginx.conf
[sudo] password for ozaki: 
Failed to start nginx.conf.service: Unit not found.
[ozaki@ip-10-1-1-229 ~]$ sudo systemctl start nginx.service
Job for nginx.service failed because the control process exited with error code. See "systemctl status nginx.service" and "journalctl -xe" for details.
[ozaki@ip-10-1-1-229 ~]$ sudo systemctl status nginx.service
● nginx.service - The nginx HTTP and reverse proxy server
   Loaded: loaded (/usr/lib/systemd/system/nginx.service; enabled; vendor preset: disabled)
   Active: failed (Result: exit-code) since Fri 2020-10-30 13:29:41 UTC; 27s ago
  Process: 20415 ExecStart=/usr/sbin/nginx (code=exited, status=0/SUCCESS)
  Process: 4735 ExecStartPre=/usr/sbin/nginx -t (code=exited, status=1/FAILURE)
  Process: 4734 ExecStartPre=/usr/bin/rm -f /run/nginx.pid (code=exited, status=0/SUCCESS)
 Main PID: 20417 (code=exited, status=0/SUCCESS)

Oct 30 13:29:41 ip-10-1-1-229.ap-northeast-1.compute.internal systemd[1]: Starting The nginx HTTP...
Oct 30 13:29:41 ip-10-1-1-229.ap-northeast-1.compute.internal nginx[4735]: nginx: the configurati...
Oct 30 13:29:41 ip-10-1-1-229.ap-northeast-1.compute.internal nginx[4735]: nginx: [emerg] open() ...
Oct 30 13:29:41 ip-10-1-1-229.ap-northeast-1.compute.internal nginx[4735]: nginx: configuration f...
Oct 30 13:29:41 ip-10-1-1-229.ap-northeast-1.compute.internal systemd[1]: nginx.service: control ...
Oct 30 13:29:41 ip-10-1-1-229.ap-northeast-1.compute.internal systemd[1]: Failed to start The ngi...
Oct 30 13:29:41 ip-10-1-1-229.ap-northeast-1.compute.internal systemd[1]: Unit nginx.service ente...
Oct 30 13:29:41 ip-10-1-1-229.ap-northeast-1.compute.internal systemd[1]: nginx.service failed.
Hint: Some lines were ellipsized, use -l to show in full.
[ozaki@ip-10-1-1-229 ~]$ sudo systemctl status -l nginx.service
● nginx.service - The nginx HTTP and reverse proxy server
   Loaded: loaded (/usr/lib/systemd/system/nginx.service; enabled; vendor preset: disabled)
   Active: failed (Result: exit-code) since Fri 2020-10-30 13:29:41 UTC; 35s ago
  Process: 20415 ExecStart=/usr/sbin/nginx (code=exited, status=0/SUCCESS)
  Process: 4735 ExecStartPre=/usr/sbin/nginx -t (code=exited, status=1/FAILURE)
  Process: 4734 ExecStartPre=/usr/bin/rm -f /run/nginx.pid (code=exited, status=0/SUCCESS)
 Main PID: 20417 (code=exited, status=0/SUCCESS)

Oct 30 13:29:41 ip-10-1-1-229.ap-northeast-1.compute.internal systemd[1]: Starting The nginx HTTP and reverse proxy server...
Oct 30 13:29:41 ip-10-1-1-229.ap-northeast-1.compute.internal nginx[4735]: nginx: the configuration file /etc/nginx/nginx.conf syntax is ok
Oct 30 13:29:41 ip-10-1-1-229.ap-northeast-1.compute.internal nginx[4735]: nginx: [emerg] open() "/usr/share/nginx/locker_app/log/nginx.error.log" failed (2: No such file or directory)
Oct 30 13:29:41 ip-10-1-1-229.ap-northeast-1.compute.internal nginx[4735]: nginx: configuration file /etc/nginx/nginx.conf test failed
Oct 30 13:29:41 ip-10-1-1-229.ap-northeast-1.compute.internal systemd[1]: nginx.service: control process exited, code=exited status=1
Oct 30 13:29:41 ip-10-1-1-229.ap-northeast-1.compute.internal systemd[1]: Failed to start The nginx HTTP and reverse proxy server.
Oct 30 13:29:41 ip-10-1-1-229.ap-northeast-1.compute.internal systemd[1]: Unit nginx.service entered failed state.
Oct 30 13:29:41 ip-10-1-1-229.ap-northeast-1.compute.internal systemd[1]: nginx.service failed.
[ozaki@ip-10-1-1-229 ~]$ ll /usr/share/nginx
total 0
drwxr-xr-x 3 root root 136 Oct 25 01:37 html
drwxr-xr-x 2 root root 143 Oct 25 01:37 modules
[ozaki@ip-10-1-1-229 ~]$ mkdir /usr/share/nginx/locker_app/log
mkdir: cannot create directory ‘/usr/share/nginx/locker_app/log’: No such file or directory
[ozaki@ip-10-1-1-229 ~]$ mkdir /usr/share/nginx/locker_app
mkdir: cannot create directory ‘/usr/share/nginx/locker_app’: Permission denied
[ozaki@ip-10-1-1-229 ~]$ exit
logout
-bash-4.2$ exit
ログアウト
-bash: /etc/bash.bash_logout: Permission denied
Connection to 18.179.245.147 closed.
administrators-MacBook-Pro:terraform admin$ ssh -i my-key-pair ec2-user@18.179.245.147
Last login: Fri Oct 30 13:25:29 2020 from 118-87-62-233.cnc.jp
-bash: /etc/profile: Permission denied
-bash-4.2$ sudo su - ozaki
最終ログイン: 2020/10/30 (金) 13:25:33 UTC日時 pts/0
[ozaki@ip-10-1-1-229 ~]$ cd locker_app
[ozaki@ip-10-1-1-229 locker_app]$ cd log
[ozaki@ip-10-1-1-229 log]$ ls
development.log  nginx.access.log  nginx.error.log  production.log  test.log
[ozaki@ip-10-1-1-229 log]$ exit
logout
-bash-4.2$ exit
ログアウト
-bash: /etc/bash.bash_logout: Permission denied
Connection to 18.179.245.147 closed.
administrators-MacBook-Pro:terraform admin$ ssh -i my-key-pair ec2-user@18.179.245.147
Last login: Fri Oct 30 13:47:58 2020 from 118-87-62-233.cnc.jp
-bash: /etc/profile: Permission denied
-bash-4.2$ sudo su - ozaki
最終ログイン: 2020/10/30 (金) 13:48:04 UTC日時 pts/0
[ozaki@ip-10-1-1-229 ~]$ cd locker_app
[ozaki@ip-10-1-1-229 locker_app]$ cd ~
[ozaki@ip-10-1-1-229 ~]$ sudo systemctl start nginx.service
[sudo] password for ozaki: 
Job for nginx.service failed because the control process exited with error code. See "systemctl status nginx.service" and "journalctl -xe" for details.
[ozaki@ip-10-1-1-229 ~]$ sudo systemctl statuts nginx.service
Unknown operation 'statuts'.
[ozaki@ip-10-1-1-229 ~]$ sudo systemctl status nginx.service
● nginx.service - The nginx HTTP and reverse proxy server
   Loaded: loaded (/usr/lib/systemd/system/nginx.service; enabled; vendor preset: disabled)
   Active: failed (Result: exit-code) since Fri 2020-10-30 14:21:15 UTC; 33s ago
  Process: 20415 ExecStart=/usr/sbin/nginx (code=exited, status=0/SUCCESS)
  Process: 7614 ExecStartPre=/usr/sbin/nginx -t (code=exited, status=1/FAILURE)
  Process: 7613 ExecStartPre=/usr/bin/rm -f /run/nginx.pid (code=exited, status=0/SUCCESS)
 Main PID: 20417 (code=exited, status=0/SUCCESS)

Oct 30 14:21:15 ip-10-1-1-229.ap-northeast-1.compute.internal systemd[1]: Starting The nginx HTTP...
Oct 30 14:21:15 ip-10-1-1-229.ap-northeast-1.compute.internal nginx[7614]: nginx: the configurati...
Oct 30 14:21:15 ip-10-1-1-229.ap-northeast-1.compute.internal nginx[7614]: nginx: [emerg] open() ...
Oct 30 14:21:15 ip-10-1-1-229.ap-northeast-1.compute.internal nginx[7614]: nginx: configuration f...
Oct 30 14:21:15 ip-10-1-1-229.ap-northeast-1.compute.internal systemd[1]: nginx.service: control ...
Oct 30 14:21:15 ip-10-1-1-229.ap-northeast-1.compute.internal systemd[1]: Failed to start The ngi...
Oct 30 14:21:15 ip-10-1-1-229.ap-northeast-1.compute.internal systemd[1]: Unit nginx.service ente...
Oct 30 14:21:15 ip-10-1-1-229.ap-northeast-1.compute.internal systemd[1]: nginx.service failed.
Hint: Some lines were ellipsized, use -l to show in full.
[ozaki@ip-10-1-1-229 ~]$ sudo systemctl status -l nginx.service
● nginx.service - The nginx HTTP and reverse proxy server
   Loaded: loaded (/usr/lib/systemd/system/nginx.service; enabled; vendor preset: disabled)
   Active: failed (Result: exit-code) since Fri 2020-10-30 14:21:15 UTC; 38s ago
  Process: 20415 ExecStart=/usr/sbin/nginx (code=exited, status=0/SUCCESS)
  Process: 7614 ExecStartPre=/usr/sbin/nginx -t (code=exited, status=1/FAILURE)
  Process: 7613 ExecStartPre=/usr/bin/rm -f /run/nginx.pid (code=exited, status=0/SUCCESS)
 Main PID: 20417 (code=exited, status=0/SUCCESS)

Oct 30 14:21:15 ip-10-1-1-229.ap-northeast-1.compute.internal systemd[1]: Starting The nginx HTTP and reverse proxy server...
Oct 30 14:21:15 ip-10-1-1-229.ap-northeast-1.compute.internal nginx[7614]: nginx: the configuration file /etc/nginx/nginx.conf syntax is ok
Oct 30 14:21:15 ip-10-1-1-229.ap-northeast-1.compute.internal nginx[7614]: nginx: [emerg] open() "/usr/share/nginx/locker_app/log/nginx.error.log" failed (2: No such file or directory)
Oct 30 14:21:15 ip-10-1-1-229.ap-northeast-1.compute.internal nginx[7614]: nginx: configuration file /etc/nginx/nginx.conf test failed
Oct 30 14:21:15 ip-10-1-1-229.ap-northeast-1.compute.internal systemd[1]: nginx.service: control process exited, code=exited status=1
Oct 30 14:21:15 ip-10-1-1-229.ap-northeast-1.compute.internal systemd[1]: Failed to start The nginx HTTP and reverse proxy server.
Oct 30 14:21:15 ip-10-1-1-229.ap-northeast-1.compute.internal systemd[1]: Unit nginx.service entered failed state.
Oct 30 14:21:15 ip-10-1-1-229.ap-northeast-1.compute.internal systemd[1]: nginx.service failed.
[ozaki@ip-10-1-1-229 ~]$ packet_write_wait: Connection to 18.179.245.147 port 22: Broken pipe
administrators-MacBook-Pro:terraform admin$ ssh -i my-key-pair ec2-user@18.179.245.147
Last login: Fri Oct 30 14:20:35 2020 from 118-87-62-233.cnc.jp
-bash: /etc/profile: Permission denied
-bash-4.2$ sudo su - ozaki
最終ログイン: 2020/10/30 (金) 14:20:42 UTC日時 pts/0
[ozaki@ip-10-1-1-229 ~]$ ll /usr/share/nginx
total 0
drwxr-xr-x 3 root root 136 Oct 25 01:37 html
drwxr-xr-x 2 root root 143 Oct 25 01:37 modules
[ozaki@ip-10-1-1-229 ~]$ ln locker_app/log/nginx.error.log /usr/share/nginx/locker_app
ln: failed to create hard link ‘/usr/share/nginx/locker_app’ => ‘locker_app/log/nginx.error.log’: Operation not permitted
[ozaki@ip-10-1-1-229 ~]$ ln locker_app /usr/share/nginx/locker_app
ln: ‘locker_app’: hard link not allowed for directory
[ozaki@ip-10-1-1-229 ~]$ ln -s locker_app /usr/share/nginx/locker_app
ln: failed to create symbolic link ‘/usr/share/nginx/locker_app’: Permission denied
[ozaki@ip-10-1-1-229 ~]$ ll /usr/share
total 116
drwxr-xr-x   2 root root   150 Oct 25 06:19 aclocal
drwxr-xr-x   4 root root    33 Sep 21 21:11 anaconda
drwxr-xr-x   2 root root    54 Sep 21 21:11 applications
drwxr-xr-x   3 root root    20 Sep 21 21:10 augeas
drwxr-xr-x   2 root root  4096 Sep 21 21:11 authconfig
drwxr-xr-x   2 root root  4096 Sep 21 21:10 awk
drwxr-xr-x   2 root root     6 Apr  9  2019 backgrounds
drwxr-xr-x   4 root root    63 May  1 22:32 bash-completion
drwxr-xr-x   2 root root   163 Sep 21 21:11 cracklib
drwxr-xr-x   5 root root   102 Sep 21 21:11 dbus-1
drwxr-xr-x   2 root root     6 Apr  9  2019 desktop-directories
drwxr-xr-x   2 root root    38 Sep 21 21:11 dict
drwxr-xr-x 408 root root 16384 Oct 25 13:27 doc
drwxr-xr-x   3 root root    37 Oct 24 01:36 egl
drwxr-xr-x   3 root root    23 Oct 24 01:35 emacs
dr-xr-xr-x   2 root root     6 Apr  9  2019 empty
drwxr-xr-x   2 root root    38 Oct 24 01:35 et
drwxr-xr-x   2 root root    19 Sep 21 21:10 file
drwxr-xr-x   3 root root    20 Sep 21 21:11 firstboot
drwxr-xr-x   3 root root    24 Oct 24 01:36 fontconfig
drwxr-xr-x   4 root root    48 Oct 24 01:36 fonts
drwxr-xr-x   2 root root     6 Apr  9  2019 games
drwxr-xr-x   3 root root    20 Sep 21 21:10 gcc-7
drwxr-xr-x   3 root root    23 Sep 21 21:10 gdb
drwxr-xr-x   7 root root    82 Oct 24 02:11 gems
drwxr-xr-x   2 root root    94 Sep 21 21:10 GeoIP
drwxr-xr-x   5 root root    58 Sep 21 21:11 gettext
drwxr-xr-x   3 root root    17 Sep 21 21:11 gettext-0.19.8
drwxr-xr-x   4 root root    32 Oct 24 01:36 ghostscript
drwxr-xr-x   4 root root    38 Oct 24 01:35 git-core
drwxr-xr-x   3 root root    21 Sep 21 21:11 glib-2.0
drwxr-xr-x   3 root root    26 Oct 24 01:36 glvnd
drwxr-xr-x   2 root root     6 Apr  9  2019 gnome
drwxr-xr-x   2 root root  4096 Sep 21 21:11 gnupg
drwxr-xr-x   3 root root    35 Sep 21 21:10 groff
drwxr-xr-x   2 root root    83 Sep 21 21:11 grub
drwxr-xr-x   3 root root    18 Oct 24 01:36 gtk-doc
drwxr-xr-x   2 root root    97 Sep 21 21:11 hwdata
drwxr-xr-x   4 root root    37 Sep 21 21:10 i18n
drwxr-xr-x   4 root root    35 Sep 21 21:11 icons
drwxr-xr-x   3 root root    18 Oct 24 01:36 icu
drwxr-xr-x   2 root root     6 Apr  9  2019 idl
drwxr-xr-x   2 root root    63 Oct 24 01:36 ImageMagick-6.7.8
drwxr-xr-x   2 root root  4096 Oct 24 01:36 info
drwxr-xr-x   3 root root    18 Sep 21 21:11 kde4
drwxr-xr-x   2 root root    34 Sep 21 21:10 keyutils
drwxr-xr-x   3 root root   149 Sep 21 21:10 langtable
drwxr-xr-x   2 root root    24 Sep 21 21:11 libdrm
drwxr-xr-x   2 root root    23 Oct 24 01:36 libthai
drwxr-xr-x  92 root root  4096 Oct 25 01:37 licenses
drwxr-xr-x 596 root root 12288 Sep 21 21:11 locale
drwxr-xr-x   3 root root    17 Sep 21 21:10 lua
lrwxrwxrwx   1 root root    10 Sep 21 21:10 magic -> misc/magic
drwxr-xr-x  47 root root  4096 Sep 21 21:11 man
drwxr-xr-x   4 root root    51 Sep 21 21:11 microcode_ctl
drwxr-xr-x  14 root root  4096 Sep 21 21:11 mime
drwxr-xr-x   2 root root     6 Apr  9  2019 mime-info
drwxr-xr-x   2 root root    36 Sep 21 21:10 misc
drwxr-xr-x   2 root root  4096 Sep 21 21:11 myspell
drwxr-xr-x  27 root root  4096 Oct 25 06:19 mysql
drwxr-xr-x   2 root root  4096 Sep 21 21:11 nano
drwxr-xr-x   4 root root    33 Oct 25 01:37 nginx
drwxr-xr-x   2 root root     6 Jun 18  2019 node
drwxr-xr-x   2 root root     6 Apr  9  2019 omf
drwxr-xr-x   2 root root    23 Sep 21 21:11 os-prober
drwxr-xr-x   3 root root    21 Sep 21 21:10 p11-kit
drwxr-xr-x  46 root root  4096 Sep 21 21:10 perl5
drwxr-xr-x   4 root root   149 Sep 21 21:11 pixmaps
drwxr-xr-x   2 root root  4096 Oct 24 01:36 pkgconfig
drwxr-xr-x   4 root root    52 Sep 21 21:11 pki
drwxr-xr-x   3 root root    75 Sep 21 21:11 plymouth
drwxr-xr-x   3 root root    21 Sep 21 21:11 polkit-1
drwxr-xr-x   6 root root    77 Oct 24 01:36 poppler
drwxr-xr-x  27 root root  4096 Oct 24 02:11 ruby
drwxr-xr-x   4 root root    75 Oct 24 02:11 rubygems
drwxr-xr-x   3 root root    27 Sep 21 21:11 screen
drwxr-xr-x   4 root root    38 Sep 21 21:11 selinux
drwxr-xr-x   3 root root    25 Sep 21 21:11 setuptool
drwxr-xr-x   2 root root     6 Apr  9  2019 sounds
drwxr-xr-x   2 root root    56 Sep 21 21:11 systemd
drwxr-xr-x   3 root root    20 Aug 19  2019 systemtap
drwxr-xr-x   2 root root    57 Sep 21 21:10 tabset
drwxr-xr-x  23 root root   195 Sep 21 21:10 terminfo
drwxr-xr-x   2 root root     6 Apr  9  2019 themes
drwxr-xr-x   2 root root    75 Oct 24 01:36 thumbnailers
drwxr-xr-x   4 root root    35 Sep 21 21:10 vim
drwxr-xr-x   5 root root    69 Oct 24 01:36 X11
drwxr-xr-x   3 root root    24 Oct 24 01:36 xml
drwxr-xr-x   2 root root     6 Apr  9  2019 xsessions
drwxr-xr-x   4 root root    80 Oct 25 13:27 yarn
drwxr-xr-x   2 root root   285 Sep 21 21:11 yum-cli
drwxr-xr-x   2 root root     6 Apr 30  2020 yum-plugins
drwxr-xr-x  20 root root  4096 Sep 21 21:10 zoneinfo
drwxr-xr-x   3 root root    28 Sep 21 21:11 zsh
[ozaki@ip-10-1-1-229 ~]$ ll /usr/share | grep nginx
drwxr-xr-x   4 root root    33 Oct 25 01:37 nginx
[ozaki@ip-10-1-1-229 ~]$ sudo chmod 777 /usr/share/nginx
[sudo] password for ozaki: 
[ozaki@ip-10-1-1-229 ~]$ ln -s locker_app /usr/share/nginx/locker_app
[ozaki@ip-10-1-1-229 ~]$ ll /usr/share/nginx
total 0
drwxr-xr-x 3 root  root  136 Oct 25 01:37 html
lrwxrwxrwx 1 ozaki ozaki  10 Oct 30 14:34 locker_app -> locker_app
drwxr-xr-x 2 root  root  143 Oct 25 01:37 modules
[ozaki@ip-10-1-1-229 ~]$ sudo systemctl start nginx.service
Job for nginx.service failed because the control process exited with error code. See "systemctl status nginx.service" and "journalctl -xe" for details.
[ozaki@ip-10-1-1-229 ~]$ sudo systemctl status nginx.service
● nginx.service - The nginx HTTP and reverse proxy server
   Loaded: loaded (/usr/lib/systemd/system/nginx.service; enabled; vendor preset: disabled)
   Active: failed (Result: exit-code) since Fri 2020-10-30 14:35:00 UTC; 8s ago
  Process: 20415 ExecStart=/usr/sbin/nginx (code=exited, status=0/SUCCESS)
  Process: 8428 ExecStartPre=/usr/sbin/nginx -t (code=exited, status=1/FAILURE)
  Process: 8427 ExecStartPre=/usr/bin/rm -f /run/nginx.pid (code=exited, status=0/SUCCESS)
 Main PID: 20417 (code=exited, status=0/SUCCESS)

Oct 30 14:35:00 ip-10-1-1-229.ap-northeast-1.compute.internal systemd[1]: Starting The nginx HTTP...
Oct 30 14:35:00 ip-10-1-1-229.ap-northeast-1.compute.internal nginx[8428]: nginx: the configurati...
Oct 30 14:35:00 ip-10-1-1-229.ap-northeast-1.compute.internal nginx[8428]: nginx: [emerg] open() ...
Oct 30 14:35:00 ip-10-1-1-229.ap-northeast-1.compute.internal nginx[8428]: nginx: configuration f...
Oct 30 14:35:00 ip-10-1-1-229.ap-northeast-1.compute.internal systemd[1]: nginx.service: control ...
Oct 30 14:35:00 ip-10-1-1-229.ap-northeast-1.compute.internal systemd[1]: Failed to start The ngi...
Oct 30 14:35:00 ip-10-1-1-229.ap-northeast-1.compute.internal systemd[1]: Unit nginx.service ente...
Oct 30 14:35:00 ip-10-1-1-229.ap-northeast-1.compute.internal systemd[1]: nginx.service failed.
Hint: Some lines were ellipsized, use -l to show in full.
[ozaki@ip-10-1-1-229 ~]$ sudo systemctl status -l nginx.service
● nginx.service - The nginx HTTP and reverse proxy server
   Loaded: loaded (/usr/lib/systemd/system/nginx.service; enabled; vendor preset: disabled)
   Active: failed (Result: exit-code) since Fri 2020-10-30 14:35:00 UTC; 14s ago
  Process: 20415 ExecStart=/usr/sbin/nginx (code=exited, status=0/SUCCESS)
  Process: 8428 ExecStartPre=/usr/sbin/nginx -t (code=exited, status=1/FAILURE)
  Process: 8427 ExecStartPre=/usr/bin/rm -f /run/nginx.pid (code=exited, status=0/SUCCESS)
 Main PID: 20417 (code=exited, status=0/SUCCESS)

Oct 30 14:35:00 ip-10-1-1-229.ap-northeast-1.compute.internal systemd[1]: Starting The nginx HTTP and reverse proxy server...
Oct 30 14:35:00 ip-10-1-1-229.ap-northeast-1.compute.internal nginx[8428]: nginx: the configuration file /etc/nginx/nginx.conf syntax is ok
Oct 30 14:35:00 ip-10-1-1-229.ap-northeast-1.compute.internal nginx[8428]: nginx: [emerg] open() "/usr/share/nginx/locker_app/log/nginx.error.log" failed (40: Too many levels of symbolic links)
Oct 30 14:35:00 ip-10-1-1-229.ap-northeast-1.compute.internal nginx[8428]: nginx: configuration file /etc/nginx/nginx.conf test failed
Oct 30 14:35:00 ip-10-1-1-229.ap-northeast-1.compute.internal systemd[1]: nginx.service: control process exited, code=exited status=1
Oct 30 14:35:00 ip-10-1-1-229.ap-northeast-1.compute.internal systemd[1]: Failed to start The nginx HTTP and reverse proxy server.
Oct 30 14:35:00 ip-10-1-1-229.ap-northeast-1.compute.internal systemd[1]: Unit nginx.service entered failed state.
Oct 30 14:35:00 ip-10-1-1-229.ap-northeast-1.compute.internal systemd[1]: nginx.service failed.
[ozaki@ip-10-1-1-229 ~]$ vi /etc/nginx/conf.d/nginx.conf
[ozaki@ip-10-1-1-229 ~]$ exit
logout
-bash-4.2$ exit
ログアウト
-bash: /etc/bash.bash_logout: Permission denied
Connection to 18.179.245.147 closed.
administrators-MacBook-Pro:terraform admin$ ssh -i my-key-pair ec2-user@18.179.245.147
Last login: Fri Oct 30 14:28:52 2020 from 118-87-62-233.cnc.jp
-bash: /etc/profile: Permission denied
-bash-4.2$ sudo su - ozaki
最終ログイン: 2020/10/30 (金) 14:28:56 UTC日時 pts/1
[ozaki@ip-10-1-1-229 ~]$ ll /opt
total 0
drwxr-xr-x 4 root root 33 Sep 21 21:11 aws
drwxr-xr-x 2 root root  6 Aug 16  2018 rh
[ozaki@ip-10-1-1-229 ~]$ exit
logout
-bash-4.2$ exit
ログアウト
-bash: /etc/bash.bash_logout: Permission denied
Connection to 18.179.245.147 closed.
administrators-MacBook-Pro:terraform admin$ ssh -i my-key-pair ec2-user@18.179.245.147
Last login: Fri Oct 30 15:13:39 2020 from 118-87-62-233.cnc.jp
-bash: /etc/profile: Permission denied
-bash-4.2$ sudo su - ozaki
最終ログイン: 2020/10/30 (金) 15:13:44 UTC日時 pts/1
[ozaki@ip-10-1-1-229 ~]$ ll /
total 20
lrwxrwxrwx   1 root  root    7 Sep 21 21:10 bin -> usr/bin
dr-xr-xr-x   4 root  root 4096 Sep 21 21:12 boot
drwxr-xr-x  15 root  root 2820 Oct 23 10:43 dev
drwxrwx---  86 ozaki root 8192 Oct 25 07:52 etc
drwxr-xr-x   4 root  root   35 Oct 24 01:20 home
lrwxrwxrwx   1 root  root    7 Sep 21 21:10 lib -> usr/lib
lrwxrwxrwx   1 root  root    9 Sep 21 21:10 lib64 -> usr/lib64
drwxr-xr-x   2 root  root    6 Sep 21 21:10 local
drwxr-xr-x   2 root  root    6 Apr  9  2019 media
drwxr-xr-x   2 root  root    6 Apr  9  2019 mnt
drwxr-xr-x   4 root  root   27 Sep 21 21:11 opt
dr-xr-xr-x 108 root  root    0 Oct 23 10:43 proc
dr-xr-x---   3 root  root  103 Oct 23 10:43 root
drwxrwxrwx  28 root  root  980 Oct 30 14:35 run
lrwxrwxrwx   1 root  root    8 Sep 21 21:10 sbin -> usr/sbin
drwxr-xr-x   2 root  root    6 Apr  9  2019 srv
dr-xr-xr-x  13 root  root    0 Oct 29 01:59 sys
drwxrwxrwt  11 root  root 4096 Oct 30 15:16 tmp
drwxr-xr-x  13 root  root  155 Sep 21 21:10 usr
drwxr-xr-x  20 ozaki root  280 Oct 24 02:24 var
[ozaki@ip-10-1-1-229 ~]$ ll /tmp
total 132
lrwxrwxrwx 1 ozaki ozaki     25 Oct 25 08:52 mysql.sock -> /var/lib/mysql/mysql.sock
-rw-rw-r-- 1 ozaki ozaki    224 Oct 24 01:58 ruby-build.20201024015805.3606.log
drwx------ 3 ozaki ozaki     24 Oct 24 01:58 ruby-build.20201024015805.3606.TvtC2e
-rw-rw-r-- 1 ozaki ozaki 127449 Oct 24 02:16 ruby-build.20201024021132.4149.log
drwx------ 2 ozaki ozaki     25 Oct 24 03:16 ssh-TZrH6wFw2L02
drwx------ 3 root  root      17 Oct 23 10:43 systemd-private-deeda8db7c714a3a8a457503bdf992cb-chronyd.service-LxPTmK
drwxrwxr-x 3 ozaki ozaki     25 Oct 25 14:34 v8-compile-cache-1001
[ozaki@ip-10-1-1-229 ~]$ mv locker_app /tmp
[ozaki@ip-10-1-1-229 ~]$ cd /tmp
[ozaki@ip-10-1-1-229 tmp]$ ll
total 136
drwxrwxrwx 15 ozaki ozaki   4096 Oct 29 00:46 locker_app
lrwxrwxrwx  1 ozaki ozaki     25 Oct 25 08:52 mysql.sock -> /var/lib/mysql/mysql.sock
-rw-rw-r--  1 ozaki ozaki    224 Oct 24 01:58 ruby-build.20201024015805.3606.log
drwx------  3 ozaki ozaki     24 Oct 24 01:58 ruby-build.20201024015805.3606.TvtC2e
-rw-rw-r--  1 ozaki ozaki 127449 Oct 24 02:16 ruby-build.20201024021132.4149.log
drwx------  2 ozaki ozaki     25 Oct 24 03:16 ssh-TZrH6wFw2L02
drwx------  3 root  root      17 Oct 23 10:43 systemd-private-deeda8db7c714a3a8a457503bdf992cb-chronyd.service-LxPTmK
drwxrwxr-x  3 ozaki ozaki     25 Oct 25 14:34 v8-compile-cache-1001
[ozaki@ip-10-1-1-229 tmp]$ exit
logout
-bash-4.2$ exit
ログアウト
-bash: /etc/bash.bash_logout: Permission denied
Connection to 18.179.245.147 closed.
administrators-MacBook-Pro:terraform admin$ ssh -i my-key-pair ec2-user@18.179.245.147
Last login: Fri Oct 30 15:16:04 2020 from 118-87-62-233.cnc.jp
-bash: /etc/profile: Permission denied
-bash-4.2$ sudo su - ozaki
最終ログイン: 2020/10/30 (金) 15:16:09 UTC日時 pts/1
[ozaki@ip-10-1-1-229 ~]$ vi /etc/nginx/conf.d/nginx.conf
[ozaki@ip-10-1-1-229 ~]$ ll /
total 20
lrwxrwxrwx   1 root  root    7 Sep 21 21:10 bin -> usr/bin
dr-xr-xr-x   4 root  root 4096 Sep 21 21:12 boot
drwxr-xr-x  15 root  root 2820 Oct 23 10:43 dev
drwxrwx---  86 ozaki root 8192 Oct 25 07:52 etc
drwxr-xr-x   4 root  root   35 Oct 24 01:20 home
lrwxrwxrwx   1 root  root    7 Sep 21 21:10 lib -> usr/lib
lrwxrwxrwx   1 root  root    9 Sep 21 21:10 lib64 -> usr/lib64
drwxr-xr-x   2 root  root    6 Sep 21 21:10 local
drwxr-xr-x   2 root  root    6 Apr  9  2019 media
drwxr-xr-x   2 root  root    6 Apr  9  2019 mnt
drwxr-xr-x   4 root  root   27 Sep 21 21:11 opt
dr-xr-xr-x 109 root  root    0 Oct 23 10:43 proc
dr-xr-x---   3 root  root  103 Oct 23 10:43 root
drwxrwxrwx  28 root  root  980 Oct 30 14:35 run
lrwxrwxrwx   1 root  root    8 Sep 21 21:10 sbin -> usr/sbin
drwxr-xr-x   2 root  root    6 Apr  9  2019 srv
dr-xr-xr-x  13 root  root    0 Oct 29 01:59 sys
drwxrwxrwt  12 root  root 4096 Oct 31 02:21 tmp
drwxr-xr-x  13 root  root  155 Sep 21 21:10 usr
drwxr-xr-x  20 ozaki root  280 Oct 24 02:24 var
[ozaki@ip-10-1-1-229 ~]$ vi /tmp/locker_app/
[ozaki@ip-10-1-1-229 ~]$ vi /tmp/locker_app/config/puma.rb
[ozaki@ip-10-1-1-229 ~]$ sudo systemctl start nginx.service
[sudo] password for ozaki: 
Job for nginx.service failed because the control process exited with error code. See "systemctl status nginx.service" and "journalctl -xe" for details.
[ozaki@ip-10-1-1-229 ~]$ sudo systemctl status nginx.service
● nginx.service - The nginx HTTP and reverse proxy server
   Loaded: loaded (/usr/lib/systemd/system/nginx.service; enabled; vendor preset: disabled)
   Active: failed (Result: exit-code) since Sat 2020-10-31 02:33:12 UTC; 1min 35s ago
  Process: 20415 ExecStart=/usr/sbin/nginx (code=exited, status=0/SUCCESS)
  Process: 13621 ExecStartPre=/usr/sbin/nginx -t (code=exited, status=1/FAILURE)
  Process: 13620 ExecStartPre=/usr/bin/rm -f /run/nginx.pid (code=exited, status=0/SUCCESS)
 Main PID: 20417 (code=exited, status=0/SUCCESS)

Oct 31 02:33:12 ip-10-1-1-229.ap-northeast-1.compute.internal systemd[1]: Starting The nginx HTTP...
Oct 31 02:33:12 ip-10-1-1-229.ap-northeast-1.compute.internal nginx[13621]: nginx: the configurat...
Oct 31 02:33:12 ip-10-1-1-229.ap-northeast-1.compute.internal nginx[13621]: nginx: [emerg] open()...
Oct 31 02:33:12 ip-10-1-1-229.ap-northeast-1.compute.internal nginx[13621]: nginx: configuration ...
Oct 31 02:33:12 ip-10-1-1-229.ap-northeast-1.compute.internal systemd[1]: nginx.service: control ...
Oct 31 02:33:12 ip-10-1-1-229.ap-northeast-1.compute.internal systemd[1]: Failed to start The ngi...
Oct 31 02:33:12 ip-10-1-1-229.ap-northeast-1.compute.internal systemd[1]: Unit nginx.service ente...
Oct 31 02:33:12 ip-10-1-1-229.ap-northeast-1.compute.internal systemd[1]: nginx.service failed.
Hint: Some lines were ellipsized, use -l to show in full.
[ozaki@ip-10-1-1-229 ~]$ sudo systemctl status -l nginx.service
● nginx.service - The nginx HTTP and reverse proxy server
   Loaded: loaded (/usr/lib/systemd/system/nginx.service; enabled; vendor preset: disabled)
   Active: failed (Result: exit-code) since Sat 2020-10-31 02:33:12 UTC; 1min 42s ago
  Process: 20415 ExecStart=/usr/sbin/nginx (code=exited, status=0/SUCCESS)
  Process: 13621 ExecStartPre=/usr/sbin/nginx -t (code=exited, status=1/FAILURE)
  Process: 13620 ExecStartPre=/usr/bin/rm -f /run/nginx.pid (code=exited, status=0/SUCCESS)
 Main PID: 20417 (code=exited, status=0/SUCCESS)

Oct 31 02:33:12 ip-10-1-1-229.ap-northeast-1.compute.internal systemd[1]: Starting The nginx HTTP and reverse proxy server...
Oct 31 02:33:12 ip-10-1-1-229.ap-northeast-1.compute.internal nginx[13621]: nginx: the configuration file /etc/nginx/nginx.conf syntax is ok
Oct 31 02:33:12 ip-10-1-1-229.ap-northeast-1.compute.internal nginx[13621]: nginx: [emerg] open() "/usr/share/nginx/locker_app/log/nginx.error.log" failed (40: Too many levels of symbolic links)
Oct 31 02:33:12 ip-10-1-1-229.ap-northeast-1.compute.internal nginx[13621]: nginx: configuration file /etc/nginx/nginx.conf test failed
Oct 31 02:33:12 ip-10-1-1-229.ap-northeast-1.compute.internal systemd[1]: nginx.service: control process exited, code=exited status=1
Oct 31 02:33:12 ip-10-1-1-229.ap-northeast-1.compute.internal systemd[1]: Failed to start The nginx HTTP and reverse proxy server.
Oct 31 02:33:12 ip-10-1-1-229.ap-northeast-1.compute.internal systemd[1]: Unit nginx.service entered failed state.
Oct 31 02:33:12 ip-10-1-1-229.ap-northeast-1.compute.internal systemd[1]: nginx.service failed.
[ozaki@ip-10-1-1-229 ~]$ packet_write_wait: Connection to 18.179.245.147 port 22: Broken pipe
administrators-MacBook-Pro:terraform admin$ ssh -i my-key-pair ec2-user@18.179.245.147
Last login: Sat Oct 31 02:21:40 2020 from 118-87-62-233.cnc.jp
-bash: /etc/profile: Permission denied
-bash-4.2$ sudo su - ozaki
最終ログイン: 2020/10/31 (土) 02:21:46 UTC日時 pts/0
[ozaki@ip-10-1-1-229 ~]$ ll /usr/share/nginx
total 0
drwxr-xr-x 3 root  root  136 Oct 25 01:37 html
lrwxrwxrwx 1 ozaki ozaki  10 Oct 30 14:34 locker_app -> locker_app
drwxr-xr-x 2 root  root  143 Oct 25 01:37 modules
[ozaki@ip-10-1-1-229 ~]$ rm /usr/share/nginx/locker_app
[ozaki@ip-10-1-1-229 ~]$ ll /usr/share/nginx
total 0
drwxr-xr-x 3 root root 136 Oct 25 01:37 html
drwxr-xr-x 2 root root 143 Oct 25 01:37 modules
[ozaki@ip-10-1-1-229 ~]$ packet_write_wait: Connection to 18.179.245.147 port 22: Broken pipe
administrators-MacBook-Pro:terraform admin$ ssh -i my-key-pair ec2-user@18.179.245.147
Last login: Sat Oct 31 02:49:29 2020 from 118-87-62-233.cnc.jp
-bash: /etc/profile: Permission denied
-bash-4.2$ sudo su - ozaki
最終ログイン: 2020/10/31 (土) 02:49:33 UTC日時 pts/1
[ozaki@ip-10-1-1-229 ~]$ cd /tmp
[ozaki@ip-10-1-1-229 tmp]$ ls
locker_app
mysql.sock
ruby-build.20201024015805.3606.log
ruby-build.20201024015805.3606.TvtC2e
ruby-build.20201024021132.4149.log
ssh-TZrH6wFw2L02
systemd-private-deeda8db7c714a3a8a457503bdf992cb-chronyd.service-LxPTmK
v8-compile-cache-1001
[ozaki@ip-10-1-1-229 tmp]$ cd locker_app
[ozaki@ip-10-1-1-229 locker_app]$ ls
app        db                  ext.txt       lib           public     test
bin        docker              Gemfile       log           Rakefile   tmp
config     docker-compose.yml  Gemfile.lock  node_modules  README.md  vendor
config.ru  erd.pdf             import.sh     package.json  shell      yarn.lock
[ozaki@ip-10-1-1-229 locker_app]$ cd /
[ozaki@ip-10-1-1-229 /]$ ls
bin   dev  home  lib64  media  opt   root  sbin  sys  usr
boot  etc  lib   local  mnt    proc  run   srv   tmp  var
[ozaki@ip-10-1-1-229 /]$ cd ~
[ozaki@ip-10-1-1-229 ~]$ ls
[ozaki@ip-10-1-1-229 ~]$ ll
total 0
[ozaki@ip-10-1-1-229 ~]$ ls -a
.   .bash_history  .bash_profile  .bundle  .gem        .mysql_history  .ssh  .viminfo
..  .bash_logout   .bashrc        .cache   .gitconfig  .rbenv          .vim  .yarnrc
[ozaki@ip-10-1-1-229 ~]$ cd /tmp/locker_app
[ozaki@ip-10-1-1-229 locker_app]$ git status
On branch temporal
Changes not staged for commit:
  (use "git add <file>..." to update what will be committed)
  (use "git restore <file>..." to discard changes in working directory)
	modified:   config/puma.rb

no changes added to commit (use "git add" and/or "git commit -a")
[ozaki@ip-10-1-1-229 locker_app]$ cd ../
[ozaki@ip-10-1-1-229 tmp]$ rm locker_app
rm: cannot remove ‘locker_app’: Is a directory
[ozaki@ip-10-1-1-229 tmp]$ rm /locker_app
rm: cannot remove ‘/locker_app’: No such file or directory
[ozaki@ip-10-1-1-229 tmp]$ ls
locker_app
mysql.sock
ruby-build.20201024015805.3606.log
ruby-build.20201024015805.3606.TvtC2e
ruby-build.20201024021132.4149.log
ssh-TZrH6wFw2L02
systemd-private-deeda8db7c714a3a8a457503bdf992cb-chronyd.service-LxPTmK
v8-compile-cache-1001
[ozaki@ip-10-1-1-229 tmp]$ rmdir locker_app
rmdir: failed to remove ‘locker_app’: Directory not empty
[ozaki@ip-10-1-1-229 tmp]$ rm -r locker_app
rm: remove write-protected regular file ‘locker_app/.git/objects/pack/pack-dc8acae44fa5d97e696a6f4ce9c5148ffe797e0d.pack’? y       
rm: remove write-protected regular file ‘locker_app/.git/objects/pack/pack-dc8acae44fa5d97e696a6f4ce9c5148ffe797e0d.idx’? yes
rm: remove write-protected regular file ‘locker_app/.git/objects/66/b0032b994ecddfd2adec843654a2d8e0bebfbc’? yes
rm: remove write-protected regular file ‘locker_app/.git/objects/62/d402800fa5daf3dd7808530ed647c360ce6ea1’? yes
rm: remove write-protected regular file ‘locker_app/.git/objects/15/49d675413a0cb280da7584af2abda75e84b484’? yes
rm: remove write-protected regular file ‘locker_app/.git/objects/73/cae9eecfe41c65380880dec22df42768315a41’? yes
rm: remove write-protected regular file ‘locker_app/.git/objects/73/646ab6452e12fe362bbe33e20c774d7652fb2b’? yes
rm: remove write-protected regular file ‘locker_app/.git/objects/20/07c07c1fa1db64f9557b880c833994662984b4’? yes
rm: remove write-protected regular file ‘locker_app/.git/objects/e0/606fc31339f89db47e13ef9c3f6c9a16712ab3’? ^C
[ozaki@ip-10-1-1-229 tmp]$ rm -rf locker_app
[ozaki@ip-10-1-1-229 tmp]$ ls
mysql.sock
ruby-build.20201024015805.3606.log
ruby-build.20201024015805.3606.TvtC2e
ruby-build.20201024021132.4149.log
ssh-TZrH6wFw2L02
systemd-private-deeda8db7c714a3a8a457503bdf992cb-chronyd.service-LxPTmK
v8-compile-cache-1001
[ozaki@ip-10-1-1-229 tmp]$ packet_write_wait: Connection to 18.179.245.147 port 22: Broken pipe
administrators-MacBook-Pro:terraform admin$ ssh -i my-key-pair ec2-user@18.179.245.147
Last login: Sat Oct 31 06:36:51 2020 from 118-87-62-233.cnc.jp
-bash: /etc/profile: Permission denied
-bash-4.2$ sudo su - ozaki
最終ログイン: 2020/10/31 (土) 06:36:54 UTC日時 pts/0
[ozaki@ip-10-1-1-229 ~]$ ssh -T github
Hi daichi213! You've successfully authenticated, but GitHub does not provide shell access.
[ozaki@ip-10-1-1-229 ~]$ git clone git@github.com:daichi213/locker_app.git
Cloning into 'locker_app'...
remote: Enumerating objects: 173, done.
remote: Counting objects: 100% (173/173), done.
remote: Compressing objects: 100% (121/121), done.
remote: Total 8909 (delta 69), reused 121 (delta 35), pack-reused 8736
Receiving objects: 100% (8909/8909), 43.42 MiB | 6.45 MiB/s, done.
Resolving deltas: 100% (3618/3618), done.
Updating files: 100% (614/614), done.
[ozaki@ip-10-1-1-229 ~]$ ls
locker_app
[ozaki@ip-10-1-1-229 ~]$ cd locker_app
[ozaki@ip-10-1-1-229 locker_app]$ ls
app        containers          entrypoint.sh  Gemfile.lock  my.cnf        README.md  vendor
bin        db                  erd.pdf        import.sh     package.json  shell      yarn.lock
config     docker-compose.yml  ext.txt        lib           public        test
config.ru  Dockerfile          Gemfile        log           Rakefile      tmp
[ozaki@ip-10-1-1-229 locker_app]$ git branch
* master
[ozaki@ip-10-1-1-229 locker_app]$ git checkout temporal
Branch 'temporal' set up to track remote branch 'temporal' from 'origin'.
Switched to a new branch 'temporal'
[ozaki@ip-10-1-1-229 locker_app]$ git branch
  master
* temporal
[ozaki@ip-10-1-1-229 locker_app]$ ls
app     config.ru  docker-compose.yml  Gemfile       lib           public     shell  vendor
bin     db         erd.pdf             Gemfile.lock  log           Rakefile   test   yarn.lock
config  docker     ext.txt             import.sh     package.json  README.md  tmp
[ozaki@ip-10-1-1-229 locker_app]$ bundle install
The dependency tzinfo-data (>= 0) will be unused by any of the platforms Bundler is installing for. Bundler is installing for ruby but the dependency is only for x86-mingw32, x86-mswin32, x64-mingw32, java. To add those platforms to the bundle, run `bundle lock --add-platform x86-mingw32 x86-mswin32 x64-mingw32 java`.
Using rake 13.0.1
Using concurrent-ruby 1.1.7
Using i18n 1.8.5
Using minitest 5.14.2
Using thread_safe 0.3.6
Using tzinfo 1.2.7
Using activesupport 5.1.7
Using builder 3.2.4
Using erubi 1.9.0
Using mini_portile2 2.4.0
Using nokogiri 1.10.10
Using rails-dom-testing 2.0.3
Using crass 1.0.6
Using loofah 2.7.0
Using rails-html-sanitizer 1.3.0
Using actionview 5.1.7
Using rack 2.2.3
Using rack-test 1.1.0
Using actionpack 5.1.7
Using nio4r 2.5.2
Using websocket-extensions 0.1.5
Using websocket-driver 0.6.5
Using actioncable 5.1.7
Using globalid 0.4.2
Using activejob 5.1.7
Using mini_mime 1.0.2
Using mail 2.7.1
Using actionmailer 5.1.7
Using activemodel 5.1.7
Using arel 8.0.0
Using activerecord 5.1.7
Using public_suffix 4.0.5
Using addressable 2.7.0
Using ast 2.4.1
Using execjs 2.7.0
Using autoprefixer-rails 9.8.6.3
Using bcrypt 3.1.15
Using bindex 0.8.1
Using rb-fsevent 0.10.4
Using ffi 1.13.1
Using rb-inotify 0.10.1
Using sass-listen 4.0.0
Using sass 3.7.4
Using bootstrap-sass 3.3.7
Using will_paginate 3.1.6
Using bootstrap-will_paginate 1.0.0
Using bundler 2.1.4
Using byebug 11.1.3
Using regexp_parser 1.7.1
Using xpath 3.2.0
Using capybara 3.33.0
Using mime-types-data 3.2020.0512
Using mime-types 3.3.1
Using carrierwave 1.2.2
Using childprocess 3.0.0
Using choice 0.2.0
Using coffee-script-source 1.12.2
Using coffee-script 2.4.1
Using method_source 1.0.0
Using thor 1.0.1
Using railties 5.1.7
Using coffee-rails 4.2.2
Using faker 2.13.0
Using forgery 0.3.12
Using forgery_ja 0.2.2
Using geocoder 1.6.3
Using geokit 1.13.1
Using sprockets 3.7.2
Using sprockets-rails 3.2.1
Using rails 5.1.7
Using geokit-rails 2.3.1
Using multi_json 1.15.0
Using request_store 1.5.0
Using gon 6.3.2
Using jbuilder 2.10.0
Using jp_prefecture 0.10.0
Using jquery-rails 4.4.0
Using libv8 3.16.14.19 (x86_64-linux)
Using ruby_dep 1.5.0
Using listen 3.1.5
Using mini_magick 4.7.0
Using mysql2 0.5.3
Using parallel 1.19.2
Using parser 2.7.1.4
Using puma 3.12.6
Using rexml 3.2.4
Using ruby-graphviz 1.2.5
Using rails-erd 1.6.0
Using rainbow 3.0.0
Using ref 2.0.0
Using rmagick 4.1.2
Using rubocop-ast 0.3.0
Using ruby-progressbar 1.10.1
Using unicode-display_width 1.7.0
Using rubocop 0.90.0
Using rubyzip 2.3.0
Using tilt 2.0.10
Using sass-rails 5.0.7
Using selenium-webdriver 3.142.7
Using spring 2.1.1
Using spring-watcher-listen 2.0.1
Using therubyracer 0.12.3
Using turbolinks-source 5.2.0
Using turbolinks 5.2.1
Using uglifier 4.2.0
Using web-console 3.7.0
Bundle complete! 33 Gemfile dependencies, 106 gems now installed.
Use `bundle info [gemname]` to see where a bundled gem is installed.
[ozaki@ip-10-1-1-229 locker_app]$ ss -natu | grep LISTEN
tcp  LISTEN 0      128                             0.0.0.0:22           0.0.0.0:*                                                                               
tcp  LISTEN 0      128                             0.0.0.0:3000         0.0.0.0:*                                                                               
tcp  LISTEN 0      100                           127.0.0.1:25           0.0.0.0:*                                                                               
tcp  LISTEN 0      128                             0.0.0.0:111          0.0.0.0:*                                                                               
tcp  LISTEN 0      128                                [::]:22              [::]:*                                                                               
tcp  LISTEN 0      80                                    *:3306               *:*                                                                               
tcp  LISTEN 0      128                                [::]:111             [::]:*                                                                               
[ozaki@ip-10-1-1-229 locker_app]$ kill -9 `cat tmp/pids/server.pid`
cat: tmp/pids/server.pid: No such file or directory
kill: usage: kill [-s sigspec | -n signum | -sigspec] pid | jobspec ... or kill -l [sigspec]
[ozaki@ip-10-1-1-229 locker_app]$ ll tmp/pids
ls: cannot access tmp/pids: No such file or directory
[ozaki@ip-10-1-1-229 locker_app]$ ll tmp
total 0
drwxrwxr-x 3 ozaki ozaki 20 Oct 31 07:16 cache
-rw-rw-r-- 1 ozaki ozaki  0 Oct 31 07:16 restart.txt
[ozaki@ip-10-1-1-229 locker_app]$ rails s -d -e production
=> Booting Puma
=> Rails 5.1.7 application starting in production 
=> Run `rails server -h` for more startup options
[ozaki@ip-10-1-1-229 locker_app]$ sudo systemctl restart nginx.service
[sudo] password for ozaki: 
Job for nginx.service failed because the control process exited with error code. See "systemctl status nginx.service" and "journalctl -xe" for details.
[ozaki@ip-10-1-1-229 locker_app]$ sudo systemctl status -l nginx.service
● nginx.service - The nginx HTTP and reverse proxy server
   Loaded: loaded (/usr/lib/systemd/system/nginx.service; enabled; vendor preset: disabled)
   Active: failed (Result: exit-code) since Sat 2020-10-31 07:23:49 UTC; 16s ago
  Process: 20415 ExecStart=/usr/sbin/nginx (code=exited, status=0/SUCCESS)
  Process: 29612 ExecStartPre=/usr/sbin/nginx -t (code=exited, status=1/FAILURE)
  Process: 29611 ExecStartPre=/usr/bin/rm -f /run/nginx.pid (code=exited, status=0/SUCCESS)
 Main PID: 20417 (code=exited, status=0/SUCCESS)

Oct 31 07:23:49 ip-10-1-1-229.ap-northeast-1.compute.internal systemd[1]: Starting The nginx HTTP and reverse proxy server...
Oct 31 07:23:49 ip-10-1-1-229.ap-northeast-1.compute.internal nginx[29612]: nginx: the configuration file /etc/nginx/nginx.conf syntax is ok
Oct 31 07:23:49 ip-10-1-1-229.ap-northeast-1.compute.internal nginx[29612]: nginx: [emerg] open() "/usr/share/nginx/locker_app/log/nginx.error.log" failed (2: No such file or directory)
Oct 31 07:23:49 ip-10-1-1-229.ap-northeast-1.compute.internal nginx[29612]: nginx: configuration file /etc/nginx/nginx.conf test failed
Oct 31 07:23:49 ip-10-1-1-229.ap-northeast-1.compute.internal systemd[1]: nginx.service: control process exited, code=exited status=1
Oct 31 07:23:49 ip-10-1-1-229.ap-northeast-1.compute.internal systemd[1]: Failed to start The nginx HTTP and reverse proxy server.
Oct 31 07:23:49 ip-10-1-1-229.ap-northeast-1.compute.internal systemd[1]: Unit nginx.service entered failed state.
Oct 31 07:23:49 ip-10-1-1-229.ap-northeast-1.compute.internal systemd[1]: nginx.service failed.
[ozaki@ip-10-1-1-229 locker_app]$ ss -natu | grep LISTEN
tcp  LISTEN 0      128                             0.0.0.0:22           0.0.0.0:*                                                                               
tcp  LISTEN 0      128                             0.0.0.0:3000         0.0.0.0:*                                                                               
tcp  LISTEN 0      100                           127.0.0.1:25           0.0.0.0:*                                                                               
tcp  LISTEN 0      128                             0.0.0.0:111          0.0.0.0:*                                                                               
tcp  LISTEN 0      128                                [::]:22              [::]:*                                                                               
tcp  LISTEN 0      80                                    *:3306               *:*                                                                               
tcp  LISTEN 0      128                                [::]:111             [::]:*                                                                               
[ozaki@ip-10-1-1-229 locker_app]$ vi /etc/nginx/conf.d/nginx.conf
[ozaki@ip-10-1-1-229 locker_app]$ vi /etc/nginx/conf.d/nginx.conf
[ozaki@ip-10-1-1-229 locker_app]$ vi /etc/nginx/conf.d/nginx.conf
[ozaki@ip-10-1-1-229 locker_app]$ yum remove nginx
Loaded plugins: extras_suggestions, langpacks, priorities, update-motd
You need to be root to perform this command.
[ozaki@ip-10-1-1-229 locker_app]$ cd ~
[ozaki@ip-10-1-1-229 ~]$ yum remove nginx
Loaded plugins: extras_suggestions, langpacks, priorities, update-motd
You need to be root to perform this command.
[ozaki@ip-10-1-1-229 ~]$ cd /
[ozaki@ip-10-1-1-229 /]$ yum remove nginx
Loaded plugins: extras_suggestions, langpacks, priorities, update-motd
You need to be root to perform this command.
[ozaki@ip-10-1-1-229 /]$ cd ~
[ozaki@ip-10-1-1-229 ~]$ sudo yum remove nginx
[sudo] password for ozaki: 
Loaded plugins: extras_suggestions, langpacks, priorities, update-motd
Resolving Dependencies
--> Running transaction check
---> Package nginx.x86_64 1:1.16.1-2.el7 will be erased
--> Processing Dependency: nginx for package: 1:nginx-mod-http-image-filter-1.16.1-2.el7.x86_64
--> Processing Dependency: nginx for package: 1:nginx-mod-mail-1.16.1-2.el7.x86_64
--> Processing Dependency: nginx for package: 1:nginx-mod-http-perl-1.16.1-2.el7.x86_64
--> Processing Dependency: nginx for package: 1:nginx-mod-http-xslt-filter-1.16.1-2.el7.x86_64
--> Processing Dependency: nginx for package: 1:nginx-mod-stream-1.16.1-2.el7.x86_64
--> Running transaction check
---> Package nginx-mod-http-image-filter.x86_64 1:1.16.1-2.el7 will be erased
--> Processing Dependency: nginx-mod-http-image-filter = 1:1.16.1-2.el7 for package: 1:nginx-all-modules-1.16.1-2.el7.noarch
---> Package nginx-mod-http-perl.x86_64 1:1.16.1-2.el7 will be erased
---> Package nginx-mod-http-xslt-filter.x86_64 1:1.16.1-2.el7 will be erased
---> Package nginx-mod-mail.x86_64 1:1.16.1-2.el7 will be erased
---> Package nginx-mod-stream.x86_64 1:1.16.1-2.el7 will be erased
--> Running transaction check
---> Package nginx-all-modules.noarch 1:1.16.1-2.el7 will be erased
--> Finished Dependency Resolution
amzn2-core/2/x86_64                                                          | 3.7 kB  00:00:00     

Dependencies Resolved

====================================================================================================
 Package                              Arch            Version                  Repository      Size
====================================================================================================
Removing:
 nginx                                x86_64          1:1.16.1-2.el7           @epel          1.6 M
Removing for dependencies:
 nginx-all-modules                    noarch          1:1.16.1-2.el7           @epel          0.0  
 nginx-mod-http-image-filter          x86_64          1:1.16.1-2.el7           @epel           24 k
 nginx-mod-http-perl                  x86_64          1:1.16.1-2.el7           @epel           54 k
 nginx-mod-http-xslt-filter           x86_64          1:1.16.1-2.el7           @epel           24 k
 nginx-mod-mail                       x86_64          1:1.16.1-2.el7           @epel           99 k
 nginx-mod-stream                     x86_64          1:1.16.1-2.el7           @epel          171 k

Transaction Summary
====================================================================================================
Remove  1 Package (+6 Dependent packages)

Installed size: 2.0 M
Is this ok [y/N]: y
Downloading packages:
Running transaction check
Running transaction test
Transaction test succeeded
Running transaction
  Erasing    : 1:nginx-mod-http-image-filter-1.16.1-2.el7.x86_64                                1/7 
  Erasing    : 1:nginx-mod-http-perl-1.16.1-2.el7.x86_64                                        2/7 
  Erasing    : 1:nginx-mod-http-xslt-filter-1.16.1-2.el7.x86_64                                 3/7 
  Erasing    : 1:nginx-mod-mail-1.16.1-2.el7.x86_64                                             4/7 
  Erasing    : 1:nginx-1.16.1-2.el7.x86_64                                                      5/7 
  Erasing    : 1:nginx-all-modules-1.16.1-2.el7.noarch                                          6/7 
  Erasing    : 1:nginx-mod-stream-1.16.1-2.el7.x86_64                                           7/7 
  Verifying  : 1:nginx-all-modules-1.16.1-2.el7.noarch                                          1/7 
  Verifying  : 1:nginx-mod-stream-1.16.1-2.el7.x86_64                                           2/7 
  Verifying  : 1:nginx-mod-http-image-filter-1.16.1-2.el7.x86_64                                3/7 
  Verifying  : 1:nginx-mod-http-xslt-filter-1.16.1-2.el7.x86_64                                 4/7 
  Verifying  : 1:nginx-mod-http-perl-1.16.1-2.el7.x86_64                                        5/7 
  Verifying  : 1:nginx-mod-mail-1.16.1-2.el7.x86_64                                             6/7 
  Verifying  : 1:nginx-1.16.1-2.el7.x86_64                                                      7/7 

Removed:
  nginx.x86_64 1:1.16.1-2.el7                                                                       

Dependency Removed:
  nginx-all-modules.noarch 1:1.16.1-2.el7      nginx-mod-http-image-filter.x86_64 1:1.16.1-2.el7   
  nginx-mod-http-perl.x86_64 1:1.16.1-2.el7    nginx-mod-http-xslt-filter.x86_64 1:1.16.1-2.el7    
  nginx-mod-mail.x86_64 1:1.16.1-2.el7         nginx-mod-stream.x86_64 1:1.16.1-2.el7              

Complete!
[ozaki@ip-10-1-1-229 ~]$ sudo yum install nginx
Loaded plugins: extras_suggestions, langpacks, priorities, update-motd
232 packages excluded due to repository priority protections
Resolving Dependencies
--> Running transaction check
---> Package nginx.x86_64 1:1.16.1-2.el7 will be installed
--> Processing Dependency: nginx-all-modules = 1:1.16.1-2.el7 for package: 1:nginx-1.16.1-2.el7.x86_64
--> Running transaction check
---> Package nginx-all-modules.noarch 1:1.16.1-2.el7 will be installed
--> Processing Dependency: nginx-mod-http-image-filter = 1:1.16.1-2.el7 for package: 1:nginx-all-modules-1.16.1-2.el7.noarch
--> Processing Dependency: nginx-mod-http-perl = 1:1.16.1-2.el7 for package: 1:nginx-all-modules-1.16.1-2.el7.noarch
--> Processing Dependency: nginx-mod-http-xslt-filter = 1:1.16.1-2.el7 for package: 1:nginx-all-modules-1.16.1-2.el7.noarch
--> Processing Dependency: nginx-mod-mail = 1:1.16.1-2.el7 for package: 1:nginx-all-modules-1.16.1-2.el7.noarch
--> Processing Dependency: nginx-mod-stream = 1:1.16.1-2.el7 for package: 1:nginx-all-modules-1.16.1-2.el7.noarch
--> Running transaction check
---> Package nginx-mod-http-image-filter.x86_64 1:1.16.1-2.el7 will be installed
---> Package nginx-mod-http-perl.x86_64 1:1.16.1-2.el7 will be installed
---> Package nginx-mod-http-xslt-filter.x86_64 1:1.16.1-2.el7 will be installed
---> Package nginx-mod-mail.x86_64 1:1.16.1-2.el7 will be installed
---> Package nginx-mod-stream.x86_64 1:1.16.1-2.el7 will be installed
--> Finished Dependency Resolution

Dependencies Resolved

====================================================================================================
 Package                              Arch            Version                   Repository     Size
====================================================================================================
Installing:
 nginx                                x86_64          1:1.16.1-2.el7            epel          562 k
Installing for dependencies:
 nginx-all-modules                    noarch          1:1.16.1-2.el7            epel           20 k
 nginx-mod-http-image-filter          x86_64          1:1.16.1-2.el7            epel           30 k
 nginx-mod-http-perl                  x86_64          1:1.16.1-2.el7            epel           39 k
 nginx-mod-http-xslt-filter           x86_64          1:1.16.1-2.el7            epel           29 k
 nginx-mod-mail                       x86_64          1:1.16.1-2.el7            epel           57 k
 nginx-mod-stream                     x86_64          1:1.16.1-2.el7            epel           85 k

Transaction Summary
====================================================================================================
Install  1 Package (+6 Dependent packages)

Total download size: 822 k
Installed size: 2.0 M
Is this ok [y/d/N]: y
Downloading packages:
(1/7): nginx-1.16.1-2.el7.x86_64.rpm                                         | 562 kB  00:00:00     
(2/7): nginx-all-modules-1.16.1-2.el7.noarch.rpm                             |  20 kB  00:00:00     
(3/7): nginx-mod-http-image-filter-1.16.1-2.el7.x86_64.rpm                   |  30 kB  00:00:00     
(4/7): nginx-mod-http-perl-1.16.1-2.el7.x86_64.rpm                           |  39 kB  00:00:00     
(5/7): nginx-mod-http-xslt-filter-1.16.1-2.el7.x86_64.rpm                    |  29 kB  00:00:00     
(6/7): nginx-mod-mail-1.16.1-2.el7.x86_64.rpm                                |  57 kB  00:00:00     
(7/7): nginx-mod-stream-1.16.1-2.el7.x86_64.rpm                              |  85 kB  00:00:00     
----------------------------------------------------------------------------------------------------
Total                                                               4.4 MB/s | 822 kB  00:00:00     
Running transaction check
Running transaction test
Transaction test succeeded
Running transaction
  Installing : 1:nginx-mod-stream-1.16.1-2.el7.x86_64                                           1/7 
  Installing : 1:nginx-mod-http-image-filter-1.16.1-2.el7.x86_64                                2/7 
  Installing : 1:nginx-mod-http-xslt-filter-1.16.1-2.el7.x86_64                                 3/7 
  Installing : 1:nginx-mod-http-perl-1.16.1-2.el7.x86_64                                        4/7 
  Installing : 1:nginx-mod-mail-1.16.1-2.el7.x86_64                                             5/7 
  Installing : 1:nginx-all-modules-1.16.1-2.el7.noarch                                          6/7 
  Installing : 1:nginx-1.16.1-2.el7.x86_64                                                      7/7 
  Verifying  : 1:nginx-all-modules-1.16.1-2.el7.noarch                                          1/7 
  Verifying  : 1:nginx-mod-stream-1.16.1-2.el7.x86_64                                           2/7 
  Verifying  : 1:nginx-mod-http-image-filter-1.16.1-2.el7.x86_64                                3/7 
  Verifying  : 1:nginx-mod-http-xslt-filter-1.16.1-2.el7.x86_64                                 4/7 
  Verifying  : 1:nginx-mod-http-perl-1.16.1-2.el7.x86_64                                        5/7 
  Verifying  : 1:nginx-mod-mail-1.16.1-2.el7.x86_64                                             6/7 
  Verifying  : 1:nginx-1.16.1-2.el7.x86_64                                                      7/7 

Installed:
  nginx.x86_64 1:1.16.1-2.el7                                                                       

Dependency Installed:
  nginx-all-modules.noarch 1:1.16.1-2.el7      nginx-mod-http-image-filter.x86_64 1:1.16.1-2.el7   
  nginx-mod-http-perl.x86_64 1:1.16.1-2.el7    nginx-mod-http-xslt-filter.x86_64 1:1.16.1-2.el7    
  nginx-mod-mail.x86_64 1:1.16.1-2.el7         nginx-mod-stream.x86_64 1:1.16.1-2.el7              

Complete!
[ozaki@ip-10-1-1-229 ~]$ cd /etc/nginx/conf.d
[ozaki@ip-10-1-1-229 conf.d]$ ls
nginx.conf
[ozaki@ip-10-1-1-229 conf.d]$ vi nginx.conf
[ozaki@ip-10-1-1-229 conf.d]$ ll
total 4
-rwxrwxrwx 1 ozaki root 851 Oct 31 07:26 nginx.conf
[ozaki@ip-10-1-1-229 conf.d]$ cd /var/lib
[ozaki@ip-10-1-1-229 lib]$ ls
alternatives  cloud     gssproxy       machines  mysql-files    os-prober  rpm        systemd
amazon        dbus      hibinit-agent  misc      mysql-keyring  plymouth   rpm-state  update-motd
authconfig    dhclient  initramfs      mlocate   nfs            postfix    rsyslog    xfsdump
chrony        games     logrotate      mysql     nginx          rpcbind    stateless  yum
[ozaki@ip-10-1-1-229 lib]$ ls | grep nginx
nginx
[ozaki@ip-10-1-1-229 lib]$ ll | grep nginx
drwxrwx--- 3 nginx   root      17 Jun  7 16:30 nginx
[ozaki@ip-10-1-1-229 lib]$ sudo chmod -R 775 nginx
[ozaki@ip-10-1-1-229 lib]$ ll | grep nginx
drwxrwxr-x 3 nginx   root      17 Jun  7 16:30 nginx
[ozaki@ip-10-1-1-229 lib]$ cd ~
[ozaki@ip-10-1-1-229 ~]$ sudo systemctl start nginx.service
Job for nginx.service failed because the control process exited with error code. See "systemctl status nginx.service" and "journalctl -xe" for details.
[ozaki@ip-10-1-1-229 ~]$ sudo sytemctl status -l nginx.service
sudo: sytemctl: command not found
[ozaki@ip-10-1-1-229 ~]$ sudo systemctl status -l nginx.service
● nginx.service - The nginx HTTP and reverse proxy server
   Loaded: loaded (/usr/lib/systemd/system/nginx.service; disabled; vendor preset: disabled)
   Active: failed (Result: exit-code) since Sat 2020-10-31 07:36:40 UTC; 27s ago
  Process: 30408 ExecStartPre=/usr/sbin/nginx -t (code=exited, status=1/FAILURE)
  Process: 30407 ExecStartPre=/usr/bin/rm -f /run/nginx.pid (code=exited, status=0/SUCCESS)
 Main PID: 20417 (code=exited, status=0/SUCCESS)

Oct 31 07:36:40 ip-10-1-1-229.ap-northeast-1.compute.internal systemd[1]: Starting The nginx HTTP and reverse proxy server...
Oct 31 07:36:40 ip-10-1-1-229.ap-northeast-1.compute.internal nginx[30408]: nginx: the configuration file /etc/nginx/nginx.conf syntax is ok
Oct 31 07:36:40 ip-10-1-1-229.ap-northeast-1.compute.internal systemd[1]: nginx.service: control process exited, code=exited status=1
Oct 31 07:36:40 ip-10-1-1-229.ap-northeast-1.compute.internal nginx[30408]: nginx: [emerg] open() "/usr/share/nginx/locker_app/log/nginx.error.log" failed (2: No such file or directory)
Oct 31 07:36:40 ip-10-1-1-229.ap-northeast-1.compute.internal nginx[30408]: nginx: configuration file /etc/nginx/nginx.conf test failed
Oct 31 07:36:40 ip-10-1-1-229.ap-northeast-1.compute.internal systemd[1]: Failed to start The nginx HTTP and reverse proxy server.
Oct 31 07:36:40 ip-10-1-1-229.ap-northeast-1.compute.internal systemd[1]: Unit nginx.service entered failed state.
Oct 31 07:36:40 ip-10-1-1-229.ap-northeast-1.compute.internal systemd[1]: nginx.service failed.
[ozaki@ip-10-1-1-229 ~]$ cd /var/lib
[ozaki@ip-10-1-1-229 lib]$ ls
alternatives  cloud     gssproxy       machines  mysql-files    os-prober  rpm        systemd
amazon        dbus      hibinit-agent  misc      mysql-keyring  plymouth   rpm-state  update-motd
authconfig    dhclient  initramfs      mlocate   nfs            postfix    rsyslog    xfsdump
chrony        games     logrotate      mysql     nginx          rpcbind    stateless  yum
[ozaki@ip-10-1-1-229 lib]$ cd nginx
[ozaki@ip-10-1-1-229 nginx]$ ls
tmp
[ozaki@ip-10-1-1-229 nginx]$ ll tmp
total 0
drwxrwxr-x 2 nginx root 6 Oct 25 13:03 client_body
drwxrwxr-x 2 nginx root 6 Oct 25 13:03 fastcgi
drwxrwxr-x 2 nginx root 6 Oct 25 13:03 proxy
drwxrwxr-x 2 nginx root 6 Oct 25 13:03 scgi
drwxrwxr-x 2 nginx root 6 Oct 25 13:03 uwsgi
[ozaki@ip-10-1-1-229 nginx]$ cd proxy
-bash: cd: proxy: No such file or directory
[ozaki@ip-10-1-1-229 nginx]$ cd tmp
[ozaki@ip-10-1-1-229 tmp]$ cd proxy
[ozaki@ip-10-1-1-229 proxy]$ ls
[ozaki@ip-10-1-1-229 proxy]$ cd ../
[ozaki@ip-10-1-1-229 tmp]$ find .
.
./client_body
./proxy
./fastcgi
./uwsgi
./scgi
[ozaki@ip-10-1-1-229 tmp]$ cd ../
[ozaki@ip-10-1-1-229 nginx]$ 
[ozaki@ip-10-1-1-229 nginx]$ cd ../
[ozaki@ip-10-1-1-229 lib]$ ls
alternatives  cloud     gssproxy       machines  mysql-files    os-prober  rpm        systemd
amazon        dbus      hibinit-agent  misc      mysql-keyring  plymouth   rpm-state  update-motd
authconfig    dhclient  initramfs      mlocate   nfs            postfix    rsyslog    xfsdump
chrony        games     logrotate      mysql     nginx          rpcbind    stateless  yum
[ozaki@ip-10-1-1-229 lib]$ cd /
[ozaki@ip-10-1-1-229 /]$ find . | grep nginx
find: ‘./dev/shm/eic-hostkey-AJIPqbrn’: Permission denied
find: ‘./etc/grub.d’: Permission denied
find: ‘./etc/pki/CA/private’: Permission denied
find: ‘./etc/pki/rsyslog’: Permission denied
find: ‘./etc/dhcp’: Permission denied
./etc/logrotate.d/nginx
find: ‘./etc/sudoers.d’: Permission denied
find: ‘./etc/selinux/targeted/active’: Permission denied
./etc/systemd/system/nginx.service.d
find: ‘./etc/lvm/archive’: Permission denied
find: ‘./etc/lvm/backup’: Permission denied
find: ‘./etc/lvm/cache’: Permission denied
find: ‘./etc/audisp’: Permission denied
find: ‘./etc/audit’: Permission denied
./etc/nginx
./etc/nginx/conf.d
./etc/nginx/conf.d/nginx.conf
./etc/nginx/default.d
./etc/nginx/fastcgi.conf
./etc/nginx/fastcgi.conf.default
./etc/nginx/fastcgi_params
./etc/nginx/fastcgi_params.default
./etc/nginx/koi-utf
./etc/nginx/koi-win
./etc/nginx/mime.types
./etc/nginx/mime.types.default
./etc/nginx/nginx.conf
./etc/nginx/nginx.conf.default
./etc/nginx/scgi_params
./etc/nginx/scgi_params.default
./etc/nginx/uwsgi_params
./etc/nginx/uwsgi_params.default
./etc/nginx/win-utf
find: ‘./proc/tty/driver’: Permission denied
find: ‘./proc/1/task/1/fd’: Permission denied
find: ‘./proc/1/task/1/fdinfo’: Permission denied
find: ‘./proc/1/task/1/ns’: Permission denied
find: ‘./proc/1/fd’: Permission denied
find: ‘./proc/1/map_files’: Permission denied
find: ‘./proc/1/fdinfo’: Permission denied
find: ‘./proc/1/ns’: Permission denied
find: ‘./proc/2/task/2/fd’: Permission denied
find: ‘./proc/2/task/2/fdinfo’: Permission denied
find: ‘./proc/2/task/2/ns’: Permission denied
find: ‘./proc/2/fd’: Permission denied
find: ‘./proc/2/map_files’: Permission denied
find: ‘./proc/2/fdinfo’: Permission denied
find: ‘./proc/2/ns’: Permission denied
find: ‘./proc/4/task/4/fd’: Permission denied
find: ‘./proc/4/task/4/fdinfo’: Permission denied
find: ‘./proc/4/task/4/ns’: Permission denied
find: ‘./proc/4/fd’: Permission denied
find: ‘./proc/4/map_files’: Permission denied
find: ‘./proc/4/fdinfo’: Permission denied
find: ‘./proc/4/ns’: Permission denied
find: ‘./proc/6/task/6/fd’: Permission denied
find: ‘./proc/6/task/6/fdinfo’: Permission denied
find: ‘./proc/6/task/6/ns’: Permission denied
find: ‘./proc/6/fd’: Permission denied
find: ‘./proc/6/map_files’: Permission denied
find: ‘./proc/6/fdinfo’: Permission denied
find: ‘./proc/6/ns’: Permission denied
find: ‘./proc/7/task/7/fd’: Permission denied
find: ‘./proc/7/task/7/fdinfo’: Permission denied
find: ‘./proc/7/task/7/ns’: Permission denied
find: ‘./proc/7/fd’: Permission denied
find: ‘./proc/7/map_files’: Permission denied
find: ‘./proc/7/fdinfo’: Permission denied
find: ‘./proc/7/ns’: Permission denied
find: ‘./proc/8/task/8/fd’: Permission denied
find: ‘./proc/8/task/8/fdinfo’: Permission denied
find: ‘./proc/8/task/8/ns’: Permission denied
find: ‘./proc/8/fd’: Permission denied
find: ‘./proc/8/map_files’: Permission denied
find: ‘./proc/8/fdinfo’: Permission denied
find: ‘./proc/8/ns’: Permission denied
find: ‘./proc/9/task/9/fd’: Permission denied
find: ‘./proc/9/task/9/fdinfo’: Permission denied
find: ‘./proc/9/task/9/ns’: Permission denied
find: ‘./proc/9/fd’: Permission denied
find: ‘./proc/9/map_files’: Permission denied
find: ‘./proc/9/fdinfo’: Permission denied
find: ‘./proc/9/ns’: Permission denied
find: ‘./proc/10/task/10/fd’: Permission denied
find: ‘./proc/10/task/10/fdinfo’: Permission denied
find: ‘./proc/10/task/10/ns’: Permission denied
find: ‘./proc/10/fd’: Permission denied
find: ‘./proc/10/map_files’: Permission denied
find: ‘./proc/10/fdinfo’: Permission denied
find: ‘./proc/10/ns’: Permission denied
find: ‘./proc/11/task/11/fd’: Permission denied
find: ‘./proc/11/task/11/fdinfo’: Permission denied
find: ‘./proc/11/task/11/ns’: Permission denied
find: ‘./proc/11/fd’: Permission denied
find: ‘./proc/11/map_files’: Permission denied
find: ‘./proc/11/fdinfo’: Permission denied
find: ‘./proc/11/ns’: Permission denied
find: ‘./proc/12/task/12/fd’: Permission denied
find: ‘./proc/12/task/12/fdinfo’: Permission denied
find: ‘./proc/12/task/12/ns’: Permission denied
find: ‘./proc/12/fd’: Permission denied
find: ‘./proc/12/map_files’: Permission denied
find: ‘./proc/12/fdinfo’: Permission denied
find: ‘./proc/12/ns’: Permission denied
find: ‘./proc/14/task/14/fd’: Permission denied
find: ‘./proc/14/task/14/fdinfo’: Permission denied
find: ‘./proc/14/task/14/ns’: Permission denied
find: ‘./proc/14/fd’: Permission denied
find: ‘./proc/14/map_files’: Permission denied
find: ‘./proc/14/fdinfo’: Permission denied
find: ‘./proc/14/ns’: Permission denied
find: ‘./proc/15/task/15/fd’: Permission denied
find: ‘./proc/15/task/15/fdinfo’: Permission denied
find: ‘./proc/15/task/15/ns’: Permission denied
find: ‘./proc/15/fd’: Permission denied
find: ‘./proc/15/map_files’: Permission denied
find: ‘./proc/15/fdinfo’: Permission denied
find: ‘./proc/15/ns’: Permission denied
find: ‘./proc/21/task/21/fd’: Permission denied
find: ‘./proc/21/task/21/fdinfo’: Permission denied
find: ‘./proc/21/task/21/ns’: Permission denied
find: ‘./proc/21/fd’: Permission denied
find: ‘./proc/21/map_files’: Permission denied
find: ‘./proc/21/fdinfo’: Permission denied
find: ‘./proc/21/ns’: Permission denied
find: ‘./proc/22/task/22/fd’: Permission denied
find: ‘./proc/22/task/22/fdinfo’: Permission denied
find: ‘./proc/22/task/22/ns’: Permission denied
find: ‘./proc/22/fd’: Permission denied
find: ‘./proc/22/map_files’: Permission denied
find: ‘./proc/22/fdinfo’: Permission denied
find: ‘./proc/22/ns’: Permission denied
find: ‘./proc/172/task/172/fd’: Permission denied
find: ‘./proc/172/task/172/fdinfo’: Permission denied
find: ‘./proc/172/task/172/ns’: Permission denied
find: ‘./proc/172/fd’: Permission denied
find: ‘./proc/172/map_files’: Permission denied
find: ‘./proc/172/fdinfo’: Permission denied
find: ‘./proc/172/ns’: Permission denied
find: ‘./proc/173/task/173/fd’: Permission denied
find: ‘./proc/173/task/173/fdinfo’: Permission denied
find: ‘./proc/173/task/173/ns’: Permission denied
find: ‘./proc/173/fd’: Permission denied
find: ‘./proc/173/map_files’: Permission denied
find: ‘./proc/173/fdinfo’: Permission denied
find: ‘./proc/173/ns’: Permission denied
find: ‘./proc/174/task/174/fd’: Permission denied
find: ‘./proc/174/task/174/fdinfo’: Permission denied
find: ‘./proc/174/task/174/ns’: Permission denied
find: ‘./proc/174/fd’: Permission denied
find: ‘./proc/174/map_files’: Permission denied
find: ‘./proc/174/fdinfo’: Permission denied
find: ‘./proc/174/ns’: Permission denied
find: ‘./proc/176/task/176/fd’: Permission denied
find: ‘./proc/176/task/176/fdinfo’: Permission denied
find: ‘./proc/176/task/176/ns’: Permission denied
find: ‘./proc/176/fd’: Permission denied
find: ‘./proc/176/map_files’: Permission denied
find: ‘./proc/176/fdinfo’: Permission denied
find: ‘./proc/176/ns’: Permission denied
find: ‘./proc/177/task/177/fd’: Permission denied
find: ‘./proc/177/task/177/fdinfo’: Permission denied
find: ‘./proc/177/task/177/ns’: Permission denied
find: ‘./proc/177/fd’: Permission denied
find: ‘./proc/177/map_files’: Permission denied
find: ‘./proc/177/fdinfo’: Permission denied
find: ‘./proc/177/ns’: Permission denied
find: ‘./proc/178/task/178/fd’: Permission denied
find: ‘./proc/178/task/178/fdinfo’: Permission denied
find: ‘./proc/178/task/178/ns’: Permission denied
find: ‘./proc/178/fd’: Permission denied
find: ‘./proc/178/map_files’: Permission denied
find: ‘./proc/178/fdinfo’: Permission denied
find: ‘./proc/178/ns’: Permission denied
find: ‘./proc/179/task/179/fd’: Permission denied
find: ‘./proc/179/task/179/fdinfo’: Permission denied
find: ‘./proc/179/task/179/ns’: Permission denied
find: ‘./proc/179/fd’: Permission denied
find: ‘./proc/179/map_files’: Permission denied
find: ‘./proc/179/fdinfo’: Permission denied
find: ‘./proc/179/ns’: Permission denied
find: ‘./proc/180/task/180/fd’: Permission denied
find: ‘./proc/180/task/180/fdinfo’: Permission denied
find: ‘./proc/180/task/180/ns’: Permission denied
find: ‘./proc/180/fd’: Permission denied
find: ‘./proc/180/map_files’: Permission denied
find: ‘./proc/180/fdinfo’: Permission denied
find: ‘./proc/180/ns’: Permission denied
find: ‘./proc/182/task/182/fd’: Permission denied
find: ‘./proc/182/task/182/fdinfo’: Permission denied
find: ‘./proc/182/task/182/ns’: Permission denied
find: ‘./proc/182/fd’: Permission denied
find: ‘./proc/182/map_files’: Permission denied
find: ‘./proc/182/fdinfo’: Permission denied
find: ‘./proc/182/ns’: Permission denied
find: ‘./proc/535/task/535/fd’: Permission denied
find: ‘./proc/535/task/535/fdinfo’: Permission denied
find: ‘./proc/535/task/535/ns’: Permission denied
find: ‘./proc/535/fd’: Permission denied
find: ‘./proc/535/map_files’: Permission denied
find: ‘./proc/535/fdinfo’: Permission denied
find: ‘./proc/535/ns’: Permission denied
find: ‘./proc/538/task/538/fd’: Permission denied
find: ‘./proc/538/task/538/fdinfo’: Permission denied
find: ‘./proc/538/task/538/ns’: Permission denied
find: ‘./proc/538/fd’: Permission denied
find: ‘./proc/538/map_files’: Permission denied
find: ‘./proc/538/fdinfo’: Permission denied
find: ‘./proc/538/ns’: Permission denied
find: ‘./proc/543/task/543/fd’: Permission denied
find: ‘./proc/543/task/543/fdinfo’: Permission denied
find: ‘./proc/543/task/543/ns’: Permission denied
find: ‘./proc/543/fd’: Permission denied
find: ‘./proc/543/map_files’: Permission denied
find: ‘./proc/543/fdinfo’: Permission denied
find: ‘./proc/543/ns’: Permission denied
find: ‘./proc/684/task/684/fd’: Permission denied
find: ‘./proc/684/task/684/fdinfo’: Permission denied
find: ‘./proc/684/task/684/ns’: Permission denied
find: ‘./proc/684/fd’: Permission denied
find: ‘./proc/684/map_files’: Permission denied
find: ‘./proc/684/fdinfo’: Permission denied
find: ‘./proc/684/ns’: Permission denied
find: ‘./proc/690/task/690/fd’: Permission denied
find: ‘./proc/690/task/690/fdinfo’: Permission denied
find: ‘./proc/690/task/690/ns’: Permission denied
find: ‘./proc/690/fd’: Permission denied
find: ‘./proc/690/map_files’: Permission denied
find: ‘./proc/690/fdinfo’: Permission denied
find: ‘./proc/690/ns’: Permission denied
find: ‘./proc/822/task/822/fd’: Permission denied
find: ‘./proc/822/task/822/fdinfo’: Permission denied
find: ‘./proc/822/task/822/ns’: Permission denied
find: ‘./proc/822/fd’: Permission denied
find: ‘./proc/822/map_files’: Permission denied
find: ‘./proc/822/fdinfo’: Permission denied
find: ‘./proc/822/ns’: Permission denied
find: ‘./proc/872/task/872/fd’: Permission denied
find: ‘./proc/872/task/872/fdinfo’: Permission denied
find: ‘./proc/872/task/872/ns’: Permission denied
find: ‘./proc/872/fd’: Permission denied
find: ‘./proc/872/map_files’: Permission denied
find: ‘./proc/872/fdinfo’: Permission denied
find: ‘./proc/872/ns’: Permission denied
find: ‘./proc/900/task/900/fd’: Permission denied
find: ‘./proc/900/task/900/fdinfo’: Permission denied
find: ‘./proc/900/task/900/ns’: Permission denied
find: ‘./proc/900/fd’: Permission denied
find: ‘./proc/900/map_files’: Permission denied
find: ‘./proc/900/fdinfo’: Permission denied
find: ‘./proc/900/ns’: Permission denied
find: ‘./proc/1737/task/1737/fd’: Permission denied
find: ‘./proc/1737/task/1737/fdinfo’: Permission denied
find: ‘./proc/1737/task/1737/ns’: Permission denied
find: ‘./proc/1737/fd’: Permission denied
find: ‘./proc/1737/map_files’: Permission denied
find: ‘./proc/1737/fdinfo’: Permission denied
find: ‘./proc/1737/ns’: Permission denied
find: ‘./proc/1754/task/1754/fd’: Permission denied
find: ‘./proc/1754/task/1754/fdinfo’: Permission denied
find: ‘./proc/1754/task/1754/ns’: Permission denied
find: ‘./proc/1754/fd’: Permission denied
find: ‘./proc/1754/map_files’: Permission denied
find: ‘./proc/1754/fdinfo’: Permission denied
find: ‘./proc/1754/ns’: Permission denied
find: ‘./proc/1755/task/1755/fd’: Permission denied
find: ‘./proc/1755/task/1755/fdinfo’: Permission denied
find: ‘./proc/1755/task/1755/ns’: Permission denied
find: ‘./proc/1755/fd’: Permission denied
find: ‘./proc/1755/map_files’: Permission denied
find: ‘./proc/1755/fdinfo’: Permission denied
find: ‘./proc/1755/ns’: Permission denied
find: ‘./proc/1759/task/1759/fd’: Permission denied
find: ‘./proc/1759/task/1759/fdinfo’: Permission denied
find: ‘./proc/1759/task/1759/ns’: Permission denied
find: ‘./proc/1759/fd’: Permission denied
find: ‘./proc/1759/map_files’: Permission denied
find: ‘./proc/1759/fdinfo’: Permission denied
find: ‘./proc/1759/ns’: Permission denied
find: ‘./proc/1761/task/1761/fd’: Permission denied
find: ‘./proc/1761/task/1761/fdinfo’: Permission denied
find: ‘./proc/1761/task/1761/ns’: Permission denied
find: ‘./proc/1761/fd’: Permission denied
find: ‘./proc/1761/map_files’: Permission denied
find: ‘./proc/1761/fdinfo’: Permission denied
find: ‘./proc/1761/ns’: Permission denied
find: ‘./proc/1855/task/1855/fd’: Permission denied
find: ‘./proc/1855/task/1855/fdinfo’: Permission denied
find: ‘./proc/1855/task/1855/ns’: Permission denied
find: ‘./proc/1855/fd’: Permission denied
find: ‘./proc/1855/map_files’: Permission denied
find: ‘./proc/1855/fdinfo’: Permission denied
find: ‘./proc/1855/ns’: Permission denied
find: ‘./proc/1856/task/1856/fd’: Permission denied
find: ‘./proc/1856/task/1856/fdinfo’: Permission denied
find: ‘./proc/1856/task/1856/ns’: Permission denied
find: ‘./proc/1856/fd’: Permission denied
find: ‘./proc/1856/map_files’: Permission denied
find: ‘./proc/1856/fdinfo’: Permission denied
find: ‘./proc/1856/ns’: Permission denied
find: ‘./proc/1858/task/1858/fd’: Permission denied
find: ‘./proc/1858/task/1858/fdinfo’: Permission denied
find: ‘./proc/1858/task/1858/ns’: Permission denied
find: ‘./proc/1858/fd’: Permission denied
find: ‘./proc/1858/map_files’: Permission denied
find: ‘./proc/1858/fdinfo’: Permission denied
find: ‘./proc/1858/ns’: Permission denied
find: ‘./proc/1859/task/1859/fd’: Permission denied
find: ‘./proc/1859/task/1859/fdinfo’: Permission denied
find: ‘./proc/1859/task/1859/ns’: Permission denied
find: ‘./proc/1859/fd’: Permission denied
find: ‘./proc/1859/map_files’: Permission denied
find: ‘./proc/1859/fdinfo’: Permission denied
find: ‘./proc/1859/ns’: Permission denied
find: ‘./proc/1860/task/1860/fd’: Permission denied
find: ‘./proc/1860/task/1860/fdinfo’: Permission denied
find: ‘./proc/1860/task/1860/ns’: Permission denied
find: ‘./proc/1860/fd’: Permission denied
find: ‘./proc/1860/map_files’: Permission denied
find: ‘./proc/1860/fdinfo’: Permission denied
find: ‘./proc/1860/ns’: Permission denied
find: ‘./proc/1861/task/1861/fd’: Permission denied
find: ‘./proc/1861/task/1861/fdinfo’: Permission denied
find: ‘./proc/1861/task/1861/ns’: Permission denied
find: ‘./proc/1861/fd’: Permission denied
find: ‘./proc/1861/map_files’: Permission denied
find: ‘./proc/1861/fdinfo’: Permission denied
find: ‘./proc/1861/ns’: Permission denied
find: ‘./proc/1862/task/1862/fd’: Permission denied
find: ‘./proc/1862/task/1862/fdinfo’: Permission denied
find: ‘./proc/1862/task/1862/ns’: Permission denied
find: ‘./proc/1862/fd’: Permission denied
find: ‘./proc/1862/map_files’: Permission denied
find: ‘./proc/1862/fdinfo’: Permission denied
find: ‘./proc/1862/ns’: Permission denied
find: ‘./proc/1863/task/1863/fd’: Permission denied
find: ‘./proc/1863/task/1863/fdinfo’: Permission denied
find: ‘./proc/1863/task/1863/ns’: Permission denied
find: ‘./proc/1863/fd’: Permission denied
find: ‘./proc/1863/map_files’: Permission denied
find: ‘./proc/1863/fdinfo’: Permission denied
find: ‘./proc/1863/ns’: Permission denied
find: ‘./proc/1864/task/1864/fd’: Permission denied
find: ‘./proc/1864/task/1864/fdinfo’: Permission denied
find: ‘./proc/1864/task/1864/ns’: Permission denied
find: ‘./proc/1864/fd’: Permission denied
find: ‘./proc/1864/map_files’: Permission denied
find: ‘./proc/1864/fdinfo’: Permission denied
find: ‘./proc/1864/ns’: Permission denied
find: ‘./proc/1865/task/1865/fd’: Permission denied
find: ‘./proc/1865/task/1865/fdinfo’: Permission denied
find: ‘./proc/1865/task/1865/ns’: Permission denied
find: ‘./proc/1865/fd’: Permission denied
find: ‘./proc/1865/map_files’: Permission denied
find: ‘./proc/1865/fdinfo’: Permission denied
find: ‘./proc/1865/ns’: Permission denied
find: ‘./proc/1866/task/1866/fd’: Permission denied
find: ‘./proc/1866/task/1866/fdinfo’: Permission denied
find: ‘./proc/1866/task/1866/ns’: Permission denied
find: ‘./proc/1866/fd’: Permission denied
find: ‘./proc/1866/map_files’: Permission denied
find: ‘./proc/1866/fdinfo’: Permission denied
find: ‘./proc/1866/ns’: Permission denied
find: ‘./proc/1931/task/1931/fd’: Permission denied
find: ‘./proc/1931/task/1931/fdinfo’: Permission denied
find: ‘./proc/1931/task/1931/ns’: Permission denied
find: ‘./proc/1931/fd’: Permission denied
find: ‘./proc/1931/map_files’: Permission denied
find: ‘./proc/1931/fdinfo’: Permission denied
find: ‘./proc/1931/ns’: Permission denied
find: ‘./proc/1956/task/1956/fd’: Permission denied
find: ‘./proc/1956/task/1956/fdinfo’: Permission denied
find: ‘./proc/1956/task/1956/ns’: Permission denied
find: ‘./proc/1956/fd’: Permission denied
find: ‘./proc/1956/map_files’: Permission denied
find: ‘./proc/1956/fdinfo’: Permission denied
find: ‘./proc/1956/ns’: Permission denied
find: ‘./proc/1963/task/1963/fd’: Permission denied
find: ‘./proc/1963/task/1963/fdinfo’: Permission denied
find: ‘./proc/1963/task/1963/ns’: Permission denied
find: ‘./proc/1963/fd’: Permission denied
find: ‘./proc/1963/map_files’: Permission denied
find: ‘./proc/1963/fdinfo’: Permission denied
find: ‘./proc/1963/ns’: Permission denied
find: ‘./proc/1968/task/1968/fd’: Permission denied
find: ‘./proc/1968/task/1968/fdinfo’: Permission denied
find: ‘./proc/1968/task/1968/ns’: Permission denied
find: ‘./proc/1968/fd’: Permission denied
find: ‘./proc/1968/map_files’: Permission denied
find: ‘./proc/1968/fdinfo’: Permission denied
find: ‘./proc/1968/ns’: Permission denied
find: ‘./proc/2648/task/2648/fd’: Permission denied
find: ‘./proc/2648/task/2648/fdinfo’: Permission denied
find: ‘./proc/2648/task/2648/ns’: Permission denied
find: ‘./proc/2648/fd’: Permission denied
find: ‘./proc/2648/map_files’: Permission denied
find: ‘./proc/2648/fdinfo’: Permission denied
find: ‘./proc/2648/ns’: Permission denied
find: ‘./proc/2649/task/2649/fd’: Permission denied
find: ‘./proc/2649/task/2649/fdinfo’: Permission denied
find: ‘./proc/2649/task/2649/ns’: Permission denied
find: ‘./proc/2649/fd’: Permission denied
find: ‘./proc/2649/map_files’: Permission denied
find: ‘./proc/2649/fdinfo’: Permission denied
find: ‘./proc/2649/ns’: Permission denied
find: ‘./proc/2652/task/2652/fd’: Permission denied
find: ‘./proc/2652/task/2652/fdinfo’: Permission denied
find: ‘./proc/2652/task/2652/ns’: Permission denied
find: ‘./proc/2652/task/2653/fd’: Permission denied
find: ‘./proc/2652/task/2653/fdinfo’: Permission denied
find: ‘./proc/2652/task/2653/ns’: Permission denied
find: ‘./proc/2652/fd’: Permission denied
find: ‘./proc/2652/map_files’: Permission denied
find: ‘./proc/2652/fdinfo’: Permission denied
find: ‘./proc/2652/ns’: Permission denied
find: ‘./proc/2683/task/2683/fd’: Permission denied
find: ‘./proc/2683/task/2683/fdinfo’: Permission denied
find: ‘./proc/2683/task/2683/ns’: Permission denied
find: ‘./proc/2683/fd’: Permission denied
find: ‘./proc/2683/map_files’: Permission denied
find: ‘./proc/2683/fdinfo’: Permission denied
find: ‘./proc/2683/ns’: Permission denied
find: ‘./proc/2685/task/2685/fd’: Permission denied
find: ‘./proc/2685/task/2685/fdinfo’: Permission denied
find: ‘./proc/2685/task/2685/ns’: Permission denied
find: ‘./proc/2685/fd’: Permission denied
find: ‘./proc/2685/map_files’: Permission denied
find: ‘./proc/2685/fdinfo’: Permission denied
find: ‘./proc/2685/ns’: Permission denied
find: ‘./proc/2689/task/2689/fd’: Permission denied
find: ‘./proc/2689/task/2689/fdinfo’: Permission denied
find: ‘./proc/2689/task/2689/ns’: Permission denied
find: ‘./proc/2689/fd’: Permission denied
find: ‘./proc/2689/map_files’: Permission denied
find: ‘./proc/2689/fdinfo’: Permission denied
find: ‘./proc/2689/ns’: Permission denied
find: ‘./proc/2691/task/2691/fd’: Permission denied
find: ‘./proc/2691/task/2691/fdinfo’: Permission denied
find: ‘./proc/2691/task/2691/ns’: Permission denied
find: ‘./proc/2691/fd’: Permission denied
find: ‘./proc/2691/map_files’: Permission denied
find: ‘./proc/2691/fdinfo’: Permission denied
find: ‘./proc/2691/ns’: Permission denied
find: ‘./proc/2696/task/2696/fd’: Permission denied
find: ‘./proc/2696/task/2696/fdinfo’: Permission denied
find: ‘./proc/2696/task/2696/ns’: Permission denied
find: ‘./proc/2696/fd’: Permission denied
find: ‘./proc/2696/map_files’: Permission denied
find: ‘./proc/2696/fdinfo’: Permission denied
find: ‘./proc/2696/ns’: Permission denied
find: ‘./proc/2697/task/2697/fd’: Permission denied
find: ‘./proc/2697/task/2697/fdinfo’: Permission denied
find: ‘./proc/2697/task/2697/ns’: Permission denied
find: ‘./proc/2697/fd’: Permission denied
find: ‘./proc/2697/map_files’: Permission denied
find: ‘./proc/2697/fdinfo’: Permission denied
find: ‘./proc/2697/ns’: Permission denied
find: ‘./proc/2714/task/2714/fd’: Permission denied
find: ‘./proc/2714/task/2714/fdinfo’: Permission denied
find: ‘./proc/2714/task/2714/ns’: Permission denied
find: ‘./proc/2714/task/2715/fd’: Permission denied
find: ‘./proc/2714/task/2715/fdinfo’: Permission denied
find: ‘./proc/2714/task/2715/ns’: Permission denied
find: ‘./proc/2714/task/2716/fd’: Permission denied
find: ‘./proc/2714/task/2716/fdinfo’: Permission denied
find: ‘./proc/2714/task/2716/ns’: Permission denied
find: ‘./proc/2714/task/2717/fd’: Permission denied
find: ‘./proc/2714/task/2717/fdinfo’: Permission denied
find: ‘./proc/2714/task/2717/ns’: Permission denied
find: ‘./proc/2714/task/2718/fd’: Permission denied
find: ‘./proc/2714/task/2718/fdinfo’: Permission denied
find: ‘./proc/2714/task/2718/ns’: Permission denied
find: ‘./proc/2714/task/2719/fd’: Permission denied
find: ‘./proc/2714/task/2719/fdinfo’: Permission denied
find: ‘./proc/2714/task/2719/ns’: Permission denied
find: ‘./proc/2714/fd’: Permission denied
find: ‘./proc/2714/map_files’: Permission denied
find: ‘./proc/2714/fdinfo’: Permission denied
find: ‘./proc/2714/ns’: Permission denied
find: ‘./proc/2919/task/2919/fd’: Permission denied
find: ‘./proc/2919/task/2919/fdinfo’: Permission denied
find: ‘./proc/2919/task/2919/ns’: Permission denied
find: ‘./proc/2919/fd’: Permission denied
find: ‘./proc/2919/map_files’: Permission denied
find: ‘./proc/2919/fdinfo’: Permission denied
find: ‘./proc/2919/ns’: Permission denied
find: ‘./proc/3019/task/3019/fd’: Permission denied
find: ‘./proc/3019/task/3019/fdinfo’: Permission denied
find: ‘./proc/3019/task/3019/ns’: Permission denied
find: ‘./proc/3019/fd’: Permission denied
find: ‘./proc/3019/map_files’: Permission denied
find: ‘./proc/3019/fdinfo’: Permission denied
find: ‘./proc/3019/ns’: Permission denied
find: ‘./proc/3163/task/3163/fd’: Permission denied
find: ‘./proc/3163/task/3163/fdinfo’: Permission denied
find: ‘./proc/3163/task/3163/ns’: Permission denied
find: ‘./proc/3163/fd’: Permission denied
find: ‘./proc/3163/map_files’: Permission denied
find: ‘./proc/3163/fdinfo’: Permission denied
find: ‘./proc/3163/ns’: Permission denied
find: ‘./proc/3168/task/3168/fd’: Permission denied
find: ‘./proc/3168/task/3168/fdinfo’: Permission denied
find: ‘./proc/3168/task/3168/ns’: Permission denied
find: ‘./proc/3168/fd’: Permission denied
find: ‘./proc/3168/map_files’: Permission denied
find: ‘./proc/3168/fdinfo’: Permission denied
find: ‘./proc/3168/ns’: Permission denied
find: ‘./proc/3213/task/3213/fd’: Permission denied
find: ‘./proc/3213/task/3213/fdinfo’: Permission denied
find: ‘./proc/3213/task/3213/ns’: Permission denied
find: ‘./proc/3213/task/3248/fd’: Permission denied
find: ‘./proc/3213/task/3248/fdinfo’: Permission denied
find: ‘./proc/3213/task/3248/ns’: Permission denied
find: ‘./proc/3213/task/3249/fd’: Permission denied
find: ‘./proc/3213/task/3249/fdinfo’: Permission denied
find: ‘./proc/3213/task/3249/ns’: Permission denied
find: ‘./proc/3213/task/3250/fd’: Permission denied
find: ‘./proc/3213/task/3250/fdinfo’: Permission denied
find: ‘./proc/3213/task/3250/ns’: Permission denied
find: ‘./proc/3213/task/3251/fd’: Permission denied
find: ‘./proc/3213/task/3251/fdinfo’: Permission denied
find: ‘./proc/3213/task/3251/ns’: Permission denied
find: ‘./proc/3213/task/3261/fd’: Permission denied
find: ‘./proc/3213/task/3261/fdinfo’: Permission denied
find: ‘./proc/3213/task/3261/ns’: Permission denied
find: ‘./proc/3213/task/3262/fd’: Permission denied
find: ‘./proc/3213/task/3262/fdinfo’: Permission denied
find: ‘./proc/3213/task/3262/ns’: Permission denied
find: ‘./proc/3213/task/3263/fd’: Permission denied
find: ‘./proc/3213/task/3263/fdinfo’: Permission denied
find: ‘./proc/3213/task/3263/ns’: Permission denied
find: ‘./proc/3213/task/12139/fd’: Permission denied
find: ‘./proc/3213/task/12139/fdinfo’: Permission denied
find: ‘./proc/3213/task/12139/ns’: Permission denied
find: ‘./proc/3213/fd’: Permission denied
find: ‘./proc/3213/map_files’: Permission denied
find: ‘./proc/3213/fdinfo’: Permission denied
find: ‘./proc/3213/ns’: Permission denied
find: ‘./proc/3214/task/3214/fd’: Permission denied
find: ‘./proc/3214/task/3214/fdinfo’: Permission denied
find: ‘./proc/3214/task/3214/ns’: Permission denied
find: ‘./proc/3214/task/3232/fd’: Permission denied
find: ‘./proc/3214/task/3232/fdinfo’: Permission denied
find: ‘./proc/3214/task/3232/ns’: Permission denied
find: ‘./proc/3214/task/3237/fd’: Permission denied
find: ‘./proc/3214/task/3237/fdinfo’: Permission denied
find: ‘./proc/3214/task/3237/ns’: Permission denied
find: ‘./proc/3214/fd’: Permission denied
find: ‘./proc/3214/map_files’: Permission denied
find: ‘./proc/3214/fdinfo’: Permission denied
find: ‘./proc/3214/ns’: Permission denied
find: ‘./proc/3227/task/3227/fd’: Permission denied
find: ‘./proc/3227/task/3227/fdinfo’: Permission denied
find: ‘./proc/3227/task/3227/ns’: Permission denied
find: ‘./proc/3227/fd’: Permission denied
find: ‘./proc/3227/map_files’: Permission denied
find: ‘./proc/3227/fdinfo’: Permission denied
find: ‘./proc/3227/ns’: Permission denied
find: ‘./proc/3236/task/3236/fd’: Permission denied
find: ‘./proc/3236/task/3236/fdinfo’: Permission denied
find: ‘./proc/3236/task/3236/ns’: Permission denied
find: ‘./proc/3236/fd’: Permission denied
find: ‘./proc/3236/map_files’: Permission denied
find: ‘./proc/3236/fdinfo’: Permission denied
find: ‘./proc/3236/ns’: Permission denied
find: ‘./proc/3255/task/3255/fd’: Permission denied
find: ‘./proc/3255/task/3255/fdinfo’: Permission denied
find: ‘./proc/3255/task/3255/ns’: Permission denied
find: ‘./proc/3255/fd’: Permission denied
find: ‘./proc/3255/map_files’: Permission denied
find: ‘./proc/3255/fdinfo’: Permission denied
find: ‘./proc/3255/ns’: Permission denied
find: ‘./proc/3256/task/3256/fd’: Permission denied
find: ‘./proc/3256/task/3256/fdinfo’: Permission denied
find: ‘./proc/3256/task/3256/ns’: Permission denied
find: ‘./proc/3256/fd’: Permission denied
find: ‘./proc/3256/map_files’: Permission denied
find: ‘./proc/3256/fdinfo’: Permission denied
find: ‘./proc/3256/ns’: Permission denied
find: ‘./proc/3387/task/3387/fd’: Permission denied
find: ‘./proc/3387/task/3387/fdinfo’: Permission denied
find: ‘./proc/3387/task/3387/ns’: Permission denied
find: ‘./proc/3387/fd’: Permission denied
find: ‘./proc/3387/map_files’: Permission denied
find: ‘./proc/3387/fdinfo’: Permission denied
find: ‘./proc/3387/ns’: Permission denied
find: ‘./proc/3411/task/3411/fd’: Permission denied
find: ‘./proc/3411/task/3411/fdinfo’: Permission denied
find: ‘./proc/3411/task/3411/ns’: Permission denied
find: ‘./proc/3411/fd’: Permission denied
find: ‘./proc/3411/map_files’: Permission denied
find: ‘./proc/3411/fdinfo’: Permission denied
find: ‘./proc/3411/ns’: Permission denied
find: ‘./proc/16054/task/16054/fd’: Permission denied
find: ‘./proc/16054/task/16054/fdinfo’: Permission denied
find: ‘./proc/16054/task/16054/ns’: Permission denied
find: ‘./proc/16054/fd’: Permission denied
find: ‘./proc/16054/map_files’: Permission denied
find: ‘./proc/16054/fdinfo’: Permission denied
find: ‘./proc/16054/ns’: Permission denied
find: ‘./proc/24553/task/24553/fd’: Permission denied
find: ‘./proc/24553/task/24553/fdinfo’: Permission denied
find: ‘./proc/24553/task/24553/ns’: Permission denied
find: ‘./proc/24553/task/24554/fd’: Permission denied
find: ‘./proc/24553/task/24554/fdinfo’: Permission denied
find: ‘./proc/24553/task/24554/ns’: Permission denied
find: ‘./proc/24553/task/24555/fd’: Permission denied
find: ‘./proc/24553/task/24555/fdinfo’: Permission denied
find: ‘./proc/24553/task/24555/ns’: Permission denied
find: ‘./proc/24553/task/24556/fd’: Permission denied
find: ‘./proc/24553/task/24556/fdinfo’: Permission denied
find: ‘./proc/24553/task/24556/ns’: Permission denied
find: ‘./proc/24553/task/24557/fd’: Permission denied
find: ‘./proc/24553/task/24557/fdinfo’: Permission denied
find: ‘./proc/24553/task/24557/ns’: Permission denied
find: ‘./proc/24553/task/24558/fd’: Permission denied
find: ‘./proc/24553/task/24558/fdinfo’: Permission denied
find: ‘./proc/24553/task/24558/ns’: Permission denied
find: ‘./proc/24553/task/24559/fd’: Permission denied
find: ‘./proc/24553/task/24559/fdinfo’: Permission denied
find: ‘./proc/24553/task/24559/ns’: Permission denied
find: ‘./proc/24553/task/24560/fd’: Permission denied
find: ‘./proc/24553/task/24560/fdinfo’: Permission denied
find: ‘./proc/24553/task/24560/ns’: Permission denied
find: ‘./proc/24553/task/24561/fd’: Permission denied
find: ‘./proc/24553/task/24561/fdinfo’: Permission denied
find: ‘./proc/24553/task/24561/ns’: Permission denied
find: ‘./proc/24553/task/24562/fd’: Permission denied
find: ‘./proc/24553/task/24562/fdinfo’: Permission denied
find: ‘./proc/24553/task/24562/ns’: Permission denied
find: ‘./proc/24553/task/24563/fd’: Permission denied
find: ‘./proc/24553/task/24563/fdinfo’: Permission denied
find: ‘./proc/24553/task/24563/ns’: Permission denied
find: ‘./proc/24553/task/24564/fd’: Permission denied
find: ‘./proc/24553/task/24564/fdinfo’: Permission denied
find: ‘./proc/24553/task/24564/ns’: Permission denied
find: ‘./proc/24553/task/24565/fd’: Permission denied
find: ‘./proc/24553/task/24565/fdinfo’: Permission denied
find: ‘./proc/24553/task/24565/ns’: Permission denied
find: ‘./proc/24553/task/24567/fd’: Permission denied
find: ‘./proc/24553/task/24567/fdinfo’: Permission denied
find: ‘./proc/24553/task/24567/ns’: Permission denied
find: ‘./proc/24553/task/24568/fd’: Permission denied
find: ‘./proc/24553/task/24568/fdinfo’: Permission denied
find: ‘./proc/24553/task/24568/ns’: Permission denied
find: ‘./proc/24553/task/24569/fd’: Permission denied
find: ‘./proc/24553/task/24569/fdinfo’: Permission denied
find: ‘./proc/24553/task/24569/ns’: Permission denied
find: ‘./proc/24553/task/24570/fd’: Permission denied
find: ‘./proc/24553/task/24570/fdinfo’: Permission denied
find: ‘./proc/24553/task/24570/ns’: Permission denied
find: ‘./proc/24553/task/24571/fd’: Permission denied
find: ‘./proc/24553/task/24571/fdinfo’: Permission denied
find: ‘./proc/24553/task/24571/ns’: Permission denied
find: ‘./proc/24553/task/24572/fd’: Permission denied
find: ‘./proc/24553/task/24572/fdinfo’: Permission denied
find: ‘./proc/24553/task/24572/ns’: Permission denied
find: ‘./proc/24553/task/24573/fd’: Permission denied
find: ‘./proc/24553/task/24573/fdinfo’: Permission denied
find: ‘./proc/24553/task/24573/ns’: Permission denied
find: ‘./proc/24553/task/24574/fd’: Permission denied
find: ‘./proc/24553/task/24574/fdinfo’: Permission denied
find: ‘./proc/24553/task/24574/ns’: Permission denied
find: ‘./proc/24553/task/24575/fd’: Permission denied
find: ‘./proc/24553/task/24575/fdinfo’: Permission denied
find: ‘./proc/24553/task/24575/ns’: Permission denied
find: ‘./proc/24553/task/24576/fd’: Permission denied
find: ‘./proc/24553/task/24576/fdinfo’: Permission denied
find: ‘./proc/24553/task/24576/ns’: Permission denied
find: ‘./proc/24553/task/24577/fd’: Permission denied
find: ‘./proc/24553/task/24577/fdinfo’: Permission denied
find: ‘./proc/24553/task/24577/ns’: Permission denied
find: ‘./proc/24553/task/24578/fd’: Permission denied
find: ‘./proc/24553/task/24578/fdinfo’: Permission denied
find: ‘./proc/24553/task/24578/ns’: Permission denied
find: ‘./proc/24553/task/24579/fd’: Permission denied
find: ‘./proc/24553/task/24579/fdinfo’: Permission denied
find: ‘./proc/24553/task/24579/ns’: Permission denied
find: ‘./proc/24553/task/24580/fd’: Permission denied
find: ‘./proc/24553/task/24580/fdinfo’: Permission denied
find: ‘./proc/24553/task/24580/ns’: Permission denied
find: ‘./proc/24553/task/25038/fd’: Permission denied
find: ‘./proc/24553/task/25038/fdinfo’: Permission denied
find: ‘./proc/24553/task/25038/ns’: Permission denied
find: ‘./proc/24553/fd’: Permission denied
find: ‘./proc/24553/map_files’: Permission denied
find: ‘./proc/24553/fdinfo’: Permission denied
find: ‘./proc/24553/ns’: Permission denied
find: ‘./proc/26878/task/26878/fd’: Permission denied
find: ‘./proc/26878/task/26878/fdinfo’: Permission denied
find: ‘./proc/26878/task/26878/ns’: Permission denied
find: ‘./proc/26878/fd’: Permission denied
find: ‘./proc/26878/map_files’: Permission denied
find: ‘./proc/26878/fdinfo’: Permission denied
find: ‘./proc/26878/ns’: Permission denied
find: ‘./proc/26911/task/26911/fd’: Permission denied
find: ‘./proc/26911/task/26911/fdinfo’: Permission denied
find: ‘./proc/26911/task/26911/ns’: Permission denied
find: ‘./proc/26911/fd’: Permission denied
find: ‘./proc/26911/map_files’: Permission denied
find: ‘./proc/26911/fdinfo’: Permission denied
find: ‘./proc/26911/ns’: Permission denied
find: ‘./proc/26912/task/26912/fd’: Permission denied
find: ‘./proc/26912/task/26912/fdinfo’: Permission denied
find: ‘./proc/26912/task/26912/ns’: Permission denied
find: ‘./proc/26912/fd’: Permission denied
find: ‘./proc/26912/map_files’: Permission denied
find: ‘./proc/26912/fdinfo’: Permission denied
find: ‘./proc/26912/ns’: Permission denied
find: ‘./proc/26915/task/26915/fd’: Permission denied
find: ‘./proc/26915/task/26915/fdinfo’: Permission denied
find: ‘./proc/26915/task/26915/ns’: Permission denied
find: ‘./proc/26915/fd’: Permission denied
find: ‘./proc/26915/map_files’: Permission denied
find: ‘./proc/26915/fdinfo’: Permission denied
find: ‘./proc/26915/ns’: Permission denied
find: ‘./proc/26917/task/26917/fd’: Permission denied
find: ‘./proc/26917/task/26917/fdinfo’: Permission denied
find: ‘./proc/26917/task/26917/ns’: Permission denied
find: ‘./proc/26917/fd’: Permission denied
find: ‘./proc/26917/map_files’: Permission denied
find: ‘./proc/26917/fdinfo’: Permission denied
find: ‘./proc/26917/ns’: Permission denied
find: ‘./proc/28539/task/28539/fd’: Permission denied
find: ‘./proc/28539/task/28539/fdinfo’: Permission denied
find: ‘./proc/28539/task/28539/ns’: Permission denied
find: ‘./proc/28539/fd’: Permission denied
find: ‘./proc/28539/map_files’: Permission denied
find: ‘./proc/28539/fdinfo’: Permission denied
find: ‘./proc/28539/ns’: Permission denied
find: ‘./proc/28916/task/28916/fd’: Permission denied
find: ‘./proc/28916/task/28916/fdinfo’: Permission denied
find: ‘./proc/28916/task/28916/ns’: Permission denied
find: ‘./proc/28916/fd’: Permission denied
find: ‘./proc/28916/map_files’: Permission denied
find: ‘./proc/28916/fdinfo’: Permission denied
find: ‘./proc/28916/ns’: Permission denied
find: ‘./proc/28949/task/28949/fd’: Permission denied
find: ‘./proc/28949/task/28949/fdinfo’: Permission denied
find: ‘./proc/28949/task/28949/ns’: Permission denied
find: ‘./proc/28949/fd’: Permission denied
find: ‘./proc/28949/map_files’: Permission denied
find: ‘./proc/28949/fdinfo’: Permission denied
find: ‘./proc/28949/ns’: Permission denied
find: ‘./proc/28950/task/28950/fd’: Permission denied
find: ‘./proc/28950/task/28950/fdinfo’: Permission denied
find: ‘./proc/28950/task/28950/ns’: Permission denied
find: ‘./proc/28950/fd’: Permission denied
find: ‘./proc/28950/map_files’: Permission denied
find: ‘./proc/28950/fdinfo’: Permission denied
find: ‘./proc/28950/ns’: Permission denied
find: ‘./proc/28957/task/28957/fd’: Permission denied
find: ‘./proc/28957/task/28957/fdinfo’: Permission denied
find: ‘./proc/28957/task/28957/ns’: Permission denied
find: ‘./proc/28957/fd’: Permission denied
find: ‘./proc/28957/map_files’: Permission denied
find: ‘./proc/28957/fdinfo’: Permission denied
find: ‘./proc/28957/ns’: Permission denied
find: ‘./proc/28959/task/28959/fd’: Permission denied
find: ‘./proc/28959/task/28959/fdinfo’: Permission denied
find: ‘./proc/28959/task/28959/ns’: Permission denied
find: ‘./proc/28959/fd’: Permission denied
find: ‘./proc/28959/map_files’: Permission denied
find: ‘./proc/28959/fdinfo’: Permission denied
find: ‘./proc/28959/ns’: Permission denied
find: ‘./proc/29178/task/29178/fd’: Permission denied
find: ‘./proc/29178/task/29178/fdinfo’: Permission denied
find: ‘./proc/29178/task/29178/ns’: Permission denied
find: ‘./proc/29178/fd’: Permission denied
find: ‘./proc/29178/map_files’: Permission denied
find: ‘./proc/29178/fdinfo’: Permission denied
find: ‘./proc/29178/ns’: Permission denied
find: ‘./proc/29619/task/29619/fd’: Permission denied
find: ‘./proc/29619/task/29619/fdinfo’: Permission denied
find: ‘./proc/29619/task/29619/ns’: Permission denied
find: ‘./proc/29619/fd’: Permission denied
find: ‘./proc/29619/map_files’: Permission denied
find: ‘./proc/29619/fdinfo’: Permission denied
find: ‘./proc/29619/ns’: Permission denied
find: ‘./proc/29873/task/29873/fd’: Permission denied
find: ‘./proc/29873/task/29873/fdinfo’: Permission denied
find: ‘./proc/29873/task/29873/ns’: Permission denied
find: ‘./proc/29873/fd’: Permission denied
find: ‘./proc/29873/map_files’: Permission denied
find: ‘./proc/29873/fdinfo’: Permission denied
find: ‘./proc/29873/ns’: Permission denied
find: ‘./proc/30106/task/30106/fd’: Permission denied
find: ‘./proc/30106/task/30106/fdinfo’: Permission denied
find: ‘./proc/30106/task/30106/ns’: Permission denied
find: ‘./proc/30106/fd’: Permission denied
find: ‘./proc/30106/map_files’: Permission denied
find: ‘./proc/30106/fdinfo’: Permission denied
find: ‘./proc/30106/ns’: Permission denied
find: ‘./proc/30288/task/30288/fd’: Permission denied
find: ‘./proc/30288/task/30288/fdinfo’: Permission denied
find: ‘./proc/30288/task/30288/ns’: Permission denied
find: ‘./proc/30288/fd’: Permission denied
find: ‘./proc/30288/map_files’: Permission denied
find: ‘./proc/30288/fdinfo’: Permission denied
find: ‘./proc/30288/ns’: Permission denied
find: ‘./proc/30415/task/30415/fd’: Permission denied
find: ‘./proc/30415/task/30415/fdinfo’: Permission denied
find: ‘./proc/30415/task/30415/ns’: Permission denied
find: ‘./proc/30415/fd’: Permission denied
find: ‘./proc/30415/map_files’: Permission denied
find: ‘./proc/30415/fdinfo’: Permission denied
find: ‘./proc/30415/ns’: Permission denied
find: ‘./run/chrony’: Permission denied
find: ‘./run/user/1000’: Permission denied
find: ‘./run/rpcbind’: Permission denied
find: ‘./run/sudo’: Permission denied
find: ‘./run/lvm’: Permission denied
find: ‘./run/mdadm’: Permission denied
find: ‘./run/lock/lvm’: Permission denied
find: ‘./run/systemd/ask-password-block’: Permission denied
find: ‘./run/systemd/inaccessible’: Permission denied
find: ‘./sys/kernel/debug’: Permission denied
find: ‘./sys/fs/pstore’: Permission denied
find: ‘./tmp/systemd-private-deeda8db7c714a3a8a457503bdf992cb-chronyd.service-LxPTmK’: Permission denied
find: ‘./var/cache/ldconfig’: Permission denied
find: ‘./var/log/audit’: Permission denied
./var/log/nginx
find: ‘./var/log/nginx’: Permission denied
./var/lib/yum/yumdb/n/8ddecbc4f8a966cfe4be982bb24e566e893998b0-nginx-filesystem-1.16.1-2.el7-noarch
./var/lib/yum/yumdb/n/8ddecbc4f8a966cfe4be982bb24e566e893998b0-nginx-filesystem-1.16.1-2.el7-noarch/from_repo
./var/lib/yum/yumdb/n/8ddecbc4f8a966cfe4be982bb24e566e893998b0-nginx-filesystem-1.16.1-2.el7-noarch/reason
./var/lib/yum/yumdb/n/8ddecbc4f8a966cfe4be982bb24e566e893998b0-nginx-filesystem-1.16.1-2.el7-noarch/releasever
./var/lib/yum/yumdb/n/8ddecbc4f8a966cfe4be982bb24e566e893998b0-nginx-filesystem-1.16.1-2.el7-noarch/var_product
./var/lib/yum/yumdb/n/8ddecbc4f8a966cfe4be982bb24e566e893998b0-nginx-filesystem-1.16.1-2.el7-noarch/var_target
./var/lib/yum/yumdb/n/8ddecbc4f8a966cfe4be982bb24e566e893998b0-nginx-filesystem-1.16.1-2.el7-noarch/var_awsregion
./var/lib/yum/yumdb/n/8ddecbc4f8a966cfe4be982bb24e566e893998b0-nginx-filesystem-1.16.1-2.el7-noarch/var_awsdomain
./var/lib/yum/yumdb/n/8ddecbc4f8a966cfe4be982bb24e566e893998b0-nginx-filesystem-1.16.1-2.el7-noarch/var_uuid
./var/lib/yum/yumdb/n/8ddecbc4f8a966cfe4be982bb24e566e893998b0-nginx-filesystem-1.16.1-2.el7-noarch/command_line
./var/lib/yum/yumdb/n/8ddecbc4f8a966cfe4be982bb24e566e893998b0-nginx-filesystem-1.16.1-2.el7-noarch/checksum_type
./var/lib/yum/yumdb/n/8ddecbc4f8a966cfe4be982bb24e566e893998b0-nginx-filesystem-1.16.1-2.el7-noarch/checksum_data
./var/lib/yum/yumdb/n/8ddecbc4f8a966cfe4be982bb24e566e893998b0-nginx-filesystem-1.16.1-2.el7-noarch/origin_url
./var/lib/yum/yumdb/n/8ddecbc4f8a966cfe4be982bb24e566e893998b0-nginx-filesystem-1.16.1-2.el7-noarch/from_repo_revision
./var/lib/yum/yumdb/n/8ddecbc4f8a966cfe4be982bb24e566e893998b0-nginx-filesystem-1.16.1-2.el7-noarch/from_repo_timestamp
./var/lib/yum/yumdb/n/8ddecbc4f8a966cfe4be982bb24e566e893998b0-nginx-filesystem-1.16.1-2.el7-noarch/installed_by
./var/lib/yum/yumdb/n/47672cb4a2086b6b3aa5917a4ecd95dd450b9079-nginx-all-modules-1.16.1-2.el7-noarch
./var/lib/yum/yumdb/n/47672cb4a2086b6b3aa5917a4ecd95dd450b9079-nginx-all-modules-1.16.1-2.el7-noarch/from_repo
./var/lib/yum/yumdb/n/47672cb4a2086b6b3aa5917a4ecd95dd450b9079-nginx-all-modules-1.16.1-2.el7-noarch/reason
./var/lib/yum/yumdb/n/47672cb4a2086b6b3aa5917a4ecd95dd450b9079-nginx-all-modules-1.16.1-2.el7-noarch/releasever
./var/lib/yum/yumdb/n/47672cb4a2086b6b3aa5917a4ecd95dd450b9079-nginx-all-modules-1.16.1-2.el7-noarch/var_product
./var/lib/yum/yumdb/n/47672cb4a2086b6b3aa5917a4ecd95dd450b9079-nginx-all-modules-1.16.1-2.el7-noarch/var_target
./var/lib/yum/yumdb/n/47672cb4a2086b6b3aa5917a4ecd95dd450b9079-nginx-all-modules-1.16.1-2.el7-noarch/var_awsregion
./var/lib/yum/yumdb/n/47672cb4a2086b6b3aa5917a4ecd95dd450b9079-nginx-all-modules-1.16.1-2.el7-noarch/var_awsdomain
./var/lib/yum/yumdb/n/47672cb4a2086b6b3aa5917a4ecd95dd450b9079-nginx-all-modules-1.16.1-2.el7-noarch/var_uuid
./var/lib/yum/yumdb/n/47672cb4a2086b6b3aa5917a4ecd95dd450b9079-nginx-all-modules-1.16.1-2.el7-noarch/command_line
./var/lib/yum/yumdb/n/47672cb4a2086b6b3aa5917a4ecd95dd450b9079-nginx-all-modules-1.16.1-2.el7-noarch/checksum_type
./var/lib/yum/yumdb/n/47672cb4a2086b6b3aa5917a4ecd95dd450b9079-nginx-all-modules-1.16.1-2.el7-noarch/checksum_data
./var/lib/yum/yumdb/n/47672cb4a2086b6b3aa5917a4ecd95dd450b9079-nginx-all-modules-1.16.1-2.el7-noarch/origin_url
./var/lib/yum/yumdb/n/47672cb4a2086b6b3aa5917a4ecd95dd450b9079-nginx-all-modules-1.16.1-2.el7-noarch/from_repo_revision
./var/lib/yum/yumdb/n/47672cb4a2086b6b3aa5917a4ecd95dd450b9079-nginx-all-modules-1.16.1-2.el7-noarch/from_repo_timestamp
./var/lib/yum/yumdb/n/47672cb4a2086b6b3aa5917a4ecd95dd450b9079-nginx-all-modules-1.16.1-2.el7-noarch/installed_by
./var/lib/yum/yumdb/n/3bc86694c97be7f01fca0b34b0ffc25013f16468-nginx-mod-stream-1.16.1-2.el7-x86_64
./var/lib/yum/yumdb/n/3bc86694c97be7f01fca0b34b0ffc25013f16468-nginx-mod-stream-1.16.1-2.el7-x86_64/from_repo
./var/lib/yum/yumdb/n/3bc86694c97be7f01fca0b34b0ffc25013f16468-nginx-mod-stream-1.16.1-2.el7-x86_64/reason
./var/lib/yum/yumdb/n/3bc86694c97be7f01fca0b34b0ffc25013f16468-nginx-mod-stream-1.16.1-2.el7-x86_64/releasever
./var/lib/yum/yumdb/n/3bc86694c97be7f01fca0b34b0ffc25013f16468-nginx-mod-stream-1.16.1-2.el7-x86_64/var_product
./var/lib/yum/yumdb/n/3bc86694c97be7f01fca0b34b0ffc25013f16468-nginx-mod-stream-1.16.1-2.el7-x86_64/var_target
./var/lib/yum/yumdb/n/3bc86694c97be7f01fca0b34b0ffc25013f16468-nginx-mod-stream-1.16.1-2.el7-x86_64/var_awsregion
./var/lib/yum/yumdb/n/3bc86694c97be7f01fca0b34b0ffc25013f16468-nginx-mod-stream-1.16.1-2.el7-x86_64/var_awsdomain
./var/lib/yum/yumdb/n/3bc86694c97be7f01fca0b34b0ffc25013f16468-nginx-mod-stream-1.16.1-2.el7-x86_64/var_uuid
./var/lib/yum/yumdb/n/3bc86694c97be7f01fca0b34b0ffc25013f16468-nginx-mod-stream-1.16.1-2.el7-x86_64/command_line
./var/lib/yum/yumdb/n/3bc86694c97be7f01fca0b34b0ffc25013f16468-nginx-mod-stream-1.16.1-2.el7-x86_64/checksum_type
./var/lib/yum/yumdb/n/3bc86694c97be7f01fca0b34b0ffc25013f16468-nginx-mod-stream-1.16.1-2.el7-x86_64/checksum_data
./var/lib/yum/yumdb/n/3bc86694c97be7f01fca0b34b0ffc25013f16468-nginx-mod-stream-1.16.1-2.el7-x86_64/origin_url
./var/lib/yum/yumdb/n/3bc86694c97be7f01fca0b34b0ffc25013f16468-nginx-mod-stream-1.16.1-2.el7-x86_64/from_repo_revision
./var/lib/yum/yumdb/n/3bc86694c97be7f01fca0b34b0ffc25013f16468-nginx-mod-stream-1.16.1-2.el7-x86_64/from_repo_timestamp
./var/lib/yum/yumdb/n/3bc86694c97be7f01fca0b34b0ffc25013f16468-nginx-mod-stream-1.16.1-2.el7-x86_64/installed_by
./var/lib/yum/yumdb/n/f96fdbde5d55ea4a8868cd15ab016ede6c5d4c8e-nginx-mod-http-image-filter-1.16.1-2.el7-x86_64
./var/lib/yum/yumdb/n/f96fdbde5d55ea4a8868cd15ab016ede6c5d4c8e-nginx-mod-http-image-filter-1.16.1-2.el7-x86_64/from_repo
./var/lib/yum/yumdb/n/f96fdbde5d55ea4a8868cd15ab016ede6c5d4c8e-nginx-mod-http-image-filter-1.16.1-2.el7-x86_64/reason
./var/lib/yum/yumdb/n/f96fdbde5d55ea4a8868cd15ab016ede6c5d4c8e-nginx-mod-http-image-filter-1.16.1-2.el7-x86_64/releasever
./var/lib/yum/yumdb/n/f96fdbde5d55ea4a8868cd15ab016ede6c5d4c8e-nginx-mod-http-image-filter-1.16.1-2.el7-x86_64/var_product
./var/lib/yum/yumdb/n/f96fdbde5d55ea4a8868cd15ab016ede6c5d4c8e-nginx-mod-http-image-filter-1.16.1-2.el7-x86_64/var_target
./var/lib/yum/yumdb/n/f96fdbde5d55ea4a8868cd15ab016ede6c5d4c8e-nginx-mod-http-image-filter-1.16.1-2.el7-x86_64/var_awsregion
./var/lib/yum/yumdb/n/f96fdbde5d55ea4a8868cd15ab016ede6c5d4c8e-nginx-mod-http-image-filter-1.16.1-2.el7-x86_64/var_awsdomain
./var/lib/yum/yumdb/n/f96fdbde5d55ea4a8868cd15ab016ede6c5d4c8e-nginx-mod-http-image-filter-1.16.1-2.el7-x86_64/var_uuid
./var/lib/yum/yumdb/n/f96fdbde5d55ea4a8868cd15ab016ede6c5d4c8e-nginx-mod-http-image-filter-1.16.1-2.el7-x86_64/command_line
./var/lib/yum/yumdb/n/f96fdbde5d55ea4a8868cd15ab016ede6c5d4c8e-nginx-mod-http-image-filter-1.16.1-2.el7-x86_64/checksum_type
./var/lib/yum/yumdb/n/f96fdbde5d55ea4a8868cd15ab016ede6c5d4c8e-nginx-mod-http-image-filter-1.16.1-2.el7-x86_64/checksum_data
./var/lib/yum/yumdb/n/f96fdbde5d55ea4a8868cd15ab016ede6c5d4c8e-nginx-mod-http-image-filter-1.16.1-2.el7-x86_64/origin_url
./var/lib/yum/yumdb/n/f96fdbde5d55ea4a8868cd15ab016ede6c5d4c8e-nginx-mod-http-image-filter-1.16.1-2.el7-x86_64/from_repo_revision
./var/lib/yum/yumdb/n/f96fdbde5d55ea4a8868cd15ab016ede6c5d4c8e-nginx-mod-http-image-filter-1.16.1-2.el7-x86_64/from_repo_timestamp
./var/lib/yum/yumdb/n/f96fdbde5d55ea4a8868cd15ab016ede6c5d4c8e-nginx-mod-http-image-filter-1.16.1-2.el7-x86_64/installed_by
./var/lib/yum/yumdb/n/a4b598f96e3bba58c391aa09f82189865119ff95-nginx-mod-http-xslt-filter-1.16.1-2.el7-x86_64
./var/lib/yum/yumdb/n/a4b598f96e3bba58c391aa09f82189865119ff95-nginx-mod-http-xslt-filter-1.16.1-2.el7-x86_64/from_repo
./var/lib/yum/yumdb/n/a4b598f96e3bba58c391aa09f82189865119ff95-nginx-mod-http-xslt-filter-1.16.1-2.el7-x86_64/reason
./var/lib/yum/yumdb/n/a4b598f96e3bba58c391aa09f82189865119ff95-nginx-mod-http-xslt-filter-1.16.1-2.el7-x86_64/releasever
./var/lib/yum/yumdb/n/a4b598f96e3bba58c391aa09f82189865119ff95-nginx-mod-http-xslt-filter-1.16.1-2.el7-x86_64/var_product
./var/lib/yum/yumdb/n/a4b598f96e3bba58c391aa09f82189865119ff95-nginx-mod-http-xslt-filter-1.16.1-2.el7-x86_64/var_target
./var/lib/yum/yumdb/n/a4b598f96e3bba58c391aa09f82189865119ff95-nginx-mod-http-xslt-filter-1.16.1-2.el7-x86_64/var_awsregion
./var/lib/yum/yumdb/n/a4b598f96e3bba58c391aa09f82189865119ff95-nginx-mod-http-xslt-filter-1.16.1-2.el7-x86_64/var_awsdomain
./var/lib/yum/yumdb/n/a4b598f96e3bba58c391aa09f82189865119ff95-nginx-mod-http-xslt-filter-1.16.1-2.el7-x86_64/var_uuid
./var/lib/yum/yumdb/n/a4b598f96e3bba58c391aa09f82189865119ff95-nginx-mod-http-xslt-filter-1.16.1-2.el7-x86_64/command_line
./var/lib/yum/yumdb/n/a4b598f96e3bba58c391aa09f82189865119ff95-nginx-mod-http-xslt-filter-1.16.1-2.el7-x86_64/checksum_type
./var/lib/yum/yumdb/n/a4b598f96e3bba58c391aa09f82189865119ff95-nginx-mod-http-xslt-filter-1.16.1-2.el7-x86_64/checksum_data
./var/lib/yum/yumdb/n/a4b598f96e3bba58c391aa09f82189865119ff95-nginx-mod-http-xslt-filter-1.16.1-2.el7-x86_64/origin_url
./var/lib/yum/yumdb/n/a4b598f96e3bba58c391aa09f82189865119ff95-nginx-mod-http-xslt-filter-1.16.1-2.el7-x86_64/from_repo_revision
./var/lib/yum/yumdb/n/a4b598f96e3bba58c391aa09f82189865119ff95-nginx-mod-http-xslt-filter-1.16.1-2.el7-x86_64/from_repo_timestamp
./var/lib/yum/yumdb/n/a4b598f96e3bba58c391aa09f82189865119ff95-nginx-mod-http-xslt-filter-1.16.1-2.el7-x86_64/installed_by
./var/lib/yum/yumdb/n/60473512f7e8eb55a52fd43e13602418537884dc-nginx-mod-http-perl-1.16.1-2.el7-x86_64
./var/lib/yum/yumdb/n/60473512f7e8eb55a52fd43e13602418537884dc-nginx-mod-http-perl-1.16.1-2.el7-x86_64/from_repo
./var/lib/yum/yumdb/n/60473512f7e8eb55a52fd43e13602418537884dc-nginx-mod-http-perl-1.16.1-2.el7-x86_64/reason
./var/lib/yum/yumdb/n/60473512f7e8eb55a52fd43e13602418537884dc-nginx-mod-http-perl-1.16.1-2.el7-x86_64/releasever
./var/lib/yum/yumdb/n/60473512f7e8eb55a52fd43e13602418537884dc-nginx-mod-http-perl-1.16.1-2.el7-x86_64/var_product
./var/lib/yum/yumdb/n/60473512f7e8eb55a52fd43e13602418537884dc-nginx-mod-http-perl-1.16.1-2.el7-x86_64/var_target
./var/lib/yum/yumdb/n/60473512f7e8eb55a52fd43e13602418537884dc-nginx-mod-http-perl-1.16.1-2.el7-x86_64/var_awsregion
./var/lib/yum/yumdb/n/60473512f7e8eb55a52fd43e13602418537884dc-nginx-mod-http-perl-1.16.1-2.el7-x86_64/var_awsdomain
./var/lib/yum/yumdb/n/60473512f7e8eb55a52fd43e13602418537884dc-nginx-mod-http-perl-1.16.1-2.el7-x86_64/var_uuid
./var/lib/yum/yumdb/n/60473512f7e8eb55a52fd43e13602418537884dc-nginx-mod-http-perl-1.16.1-2.el7-x86_64/command_line
./var/lib/yum/yumdb/n/60473512f7e8eb55a52fd43e13602418537884dc-nginx-mod-http-perl-1.16.1-2.el7-x86_64/checksum_type
./var/lib/yum/yumdb/n/60473512f7e8eb55a52fd43e13602418537884dc-nginx-mod-http-perl-1.16.1-2.el7-x86_64/checksum_data
./var/lib/yum/yumdb/n/60473512f7e8eb55a52fd43e13602418537884dc-nginx-mod-http-perl-1.16.1-2.el7-x86_64/origin_url
./var/lib/yum/yumdb/n/60473512f7e8eb55a52fd43e13602418537884dc-nginx-mod-http-perl-1.16.1-2.el7-x86_64/from_repo_revision
./var/lib/yum/yumdb/n/60473512f7e8eb55a52fd43e13602418537884dc-nginx-mod-http-perl-1.16.1-2.el7-x86_64/from_repo_timestamp
./var/lib/yum/yumdb/n/60473512f7e8eb55a52fd43e13602418537884dc-nginx-mod-http-perl-1.16.1-2.el7-x86_64/installed_by
./var/lib/yum/yumdb/n/a23f970603fc4a92770969000ae7579d568e8fe6-nginx-mod-mail-1.16.1-2.el7-x86_64
./var/lib/yum/yumdb/n/a23f970603fc4a92770969000ae7579d568e8fe6-nginx-mod-mail-1.16.1-2.el7-x86_64/from_repo
./var/lib/yum/yumdb/n/a23f970603fc4a92770969000ae7579d568e8fe6-nginx-mod-mail-1.16.1-2.el7-x86_64/reason
./var/lib/yum/yumdb/n/a23f970603fc4a92770969000ae7579d568e8fe6-nginx-mod-mail-1.16.1-2.el7-x86_64/releasever
./var/lib/yum/yumdb/n/a23f970603fc4a92770969000ae7579d568e8fe6-nginx-mod-mail-1.16.1-2.el7-x86_64/var_product
./var/lib/yum/yumdb/n/a23f970603fc4a92770969000ae7579d568e8fe6-nginx-mod-mail-1.16.1-2.el7-x86_64/var_target
./var/lib/yum/yumdb/n/a23f970603fc4a92770969000ae7579d568e8fe6-nginx-mod-mail-1.16.1-2.el7-x86_64/var_awsregion
./var/lib/yum/yumdb/n/a23f970603fc4a92770969000ae7579d568e8fe6-nginx-mod-mail-1.16.1-2.el7-x86_64/var_awsdomain
./var/lib/yum/yumdb/n/a23f970603fc4a92770969000ae7579d568e8fe6-nginx-mod-mail-1.16.1-2.el7-x86_64/var_uuid
./var/lib/yum/yumdb/n/a23f970603fc4a92770969000ae7579d568e8fe6-nginx-mod-mail-1.16.1-2.el7-x86_64/command_line
./var/lib/yum/yumdb/n/a23f970603fc4a92770969000ae7579d568e8fe6-nginx-mod-mail-1.16.1-2.el7-x86_64/checksum_type
./var/lib/yum/yumdb/n/a23f970603fc4a92770969000ae7579d568e8fe6-nginx-mod-mail-1.16.1-2.el7-x86_64/checksum_data
./var/lib/yum/yumdb/n/a23f970603fc4a92770969000ae7579d568e8fe6-nginx-mod-mail-1.16.1-2.el7-x86_64/origin_url
./var/lib/yum/yumdb/n/a23f970603fc4a92770969000ae7579d568e8fe6-nginx-mod-mail-1.16.1-2.el7-x86_64/from_repo_revision
./var/lib/yum/yumdb/n/a23f970603fc4a92770969000ae7579d568e8fe6-nginx-mod-mail-1.16.1-2.el7-x86_64/from_repo_timestamp
./var/lib/yum/yumdb/n/a23f970603fc4a92770969000ae7579d568e8fe6-nginx-mod-mail-1.16.1-2.el7-x86_64/installed_by
./var/lib/yum/yumdb/n/707fa0c9e66b65530f0910b7fc8ec0010a2c6384-nginx-1.16.1-2.el7-x86_64
./var/lib/yum/yumdb/n/707fa0c9e66b65530f0910b7fc8ec0010a2c6384-nginx-1.16.1-2.el7-x86_64/from_repo
./var/lib/yum/yumdb/n/707fa0c9e66b65530f0910b7fc8ec0010a2c6384-nginx-1.16.1-2.el7-x86_64/reason
./var/lib/yum/yumdb/n/707fa0c9e66b65530f0910b7fc8ec0010a2c6384-nginx-1.16.1-2.el7-x86_64/releasever
./var/lib/yum/yumdb/n/707fa0c9e66b65530f0910b7fc8ec0010a2c6384-nginx-1.16.1-2.el7-x86_64/var_product
./var/lib/yum/yumdb/n/707fa0c9e66b65530f0910b7fc8ec0010a2c6384-nginx-1.16.1-2.el7-x86_64/var_target
./var/lib/yum/yumdb/n/707fa0c9e66b65530f0910b7fc8ec0010a2c6384-nginx-1.16.1-2.el7-x86_64/var_awsregion
./var/lib/yum/yumdb/n/707fa0c9e66b65530f0910b7fc8ec0010a2c6384-nginx-1.16.1-2.el7-x86_64/var_awsdomain
./var/lib/yum/yumdb/n/707fa0c9e66b65530f0910b7fc8ec0010a2c6384-nginx-1.16.1-2.el7-x86_64/var_uuid
./var/lib/yum/yumdb/n/707fa0c9e66b65530f0910b7fc8ec0010a2c6384-nginx-1.16.1-2.el7-x86_64/command_line
./var/lib/yum/yumdb/n/707fa0c9e66b65530f0910b7fc8ec0010a2c6384-nginx-1.16.1-2.el7-x86_64/checksum_type
./var/lib/yum/yumdb/n/707fa0c9e66b65530f0910b7fc8ec0010a2c6384-nginx-1.16.1-2.el7-x86_64/checksum_data
./var/lib/yum/yumdb/n/707fa0c9e66b65530f0910b7fc8ec0010a2c6384-nginx-1.16.1-2.el7-x86_64/origin_url
./var/lib/yum/yumdb/n/707fa0c9e66b65530f0910b7fc8ec0010a2c6384-nginx-1.16.1-2.el7-x86_64/from_repo_revision
./var/lib/yum/yumdb/n/707fa0c9e66b65530f0910b7fc8ec0010a2c6384-nginx-1.16.1-2.el7-x86_64/from_repo_timestamp
./var/lib/yum/yumdb/n/707fa0c9e66b65530f0910b7fc8ec0010a2c6384-nginx-1.16.1-2.el7-x86_64/installed_by
find: ‘./var/lib/yum/history/2020-10-24/1’: Permission denied
find: ‘./var/lib/yum/history/2020-10-24/2’: Permission denied
find: ‘./var/lib/yum/history/2020-10-24/3’: Permission denied
find: ‘./var/lib/yum/history/2020-10-24/4’: Permission denied
find: ‘./var/lib/yum/history/2020-10-24/5’: Permission denied
find: ‘./var/lib/yum/history/2020-10-24/6’: Permission denied
find: ‘./var/lib/yum/history/2020-10-24/7’: Permission denied
find: ‘./var/lib/yum/history/2020-10-24/8’: Permission denied
find: ‘./var/lib/yum/history/2020-10-24/9’: Permission denied
find: ‘./var/lib/yum/history/2020-10-24/10’: Permission denied
find: ‘./var/lib/machines’: Permission denied
find: ‘./var/lib/rpcbind’: Permission denied
find: ‘./var/lib/rsyslog’: Permission denied
find: ‘./var/lib/gssproxy/clients’: Permission denied
find: ‘./var/lib/gssproxy/rcache’: Permission denied
find: ‘./var/lib/nfs/statd’: Permission denied
find: ‘./var/lib/authconfig’: Permission denied
find: ‘./var/lib/mlocate’: Permission denied
find: ‘./var/lib/postfix’: Permission denied
find: ‘./var/lib/amazon/ssm/Vault’: Permission denied
./var/lib/nginx
./var/lib/nginx/tmp
./var/lib/nginx/tmp/client_body
./var/lib/nginx/tmp/proxy
./var/lib/nginx/tmp/fastcgi
./var/lib/nginx/tmp/uwsgi
./var/lib/nginx/tmp/scgi
find: ‘./var/lib/mysql’: Permission denied
find: ‘./var/lib/mysql-files’: Permission denied
find: ‘./var/lib/mysql-keyring’: Permission denied
find: ‘./var/db/sudo’: Permission denied
find: ‘./var/empty/sshd’: Permission denied
find: ‘./var/spool/cron’: Permission denied
find: ‘./var/spool/postfix/active’: Permission denied
find: ‘./var/spool/postfix/bounce’: Permission denied
find: ‘./var/spool/postfix/corrupt’: Permission denied
find: ‘./var/spool/postfix/defer’: Permission denied
find: ‘./var/spool/postfix/deferred’: Permission denied
find: ‘./var/spool/postfix/flush’: Permission denied
find: ‘./var/spool/postfix/hold’: Permission denied
find: ‘./var/spool/postfix/incoming’: Permission denied
find: ‘./var/spool/postfix/maildrop’: Permission denied
find: ‘./var/spool/postfix/private’: Permission denied
find: ‘./var/spool/postfix/public’: Permission denied
find: ‘./var/spool/postfix/saved’: Permission denied
find: ‘./var/spool/postfix/trace’: Permission denied
find: ‘./var/spool/at’: Permission denied
find: ‘./var/tmp/systemd-private-deeda8db7c714a3a8a457503bdf992cb-chronyd.service-VC9Z9q’: Permission denied
./usr/bin/nginx-upgrade
./usr/sbin/nginx
./usr/lib/systemd/system/nginx.service.d
./usr/lib/systemd/system/nginx.service
./usr/lib64/perl5/vendor_perl/auto/nginx
./usr/lib64/perl5/vendor_perl/auto/nginx/nginx.so
./usr/lib64/perl5/vendor_perl/nginx.pm
./usr/lib64/nginx
./usr/lib64/nginx/modules
./usr/lib64/nginx/modules/ngx_stream_module.so
./usr/lib64/nginx/modules/ngx_http_image_filter_module.so
./usr/lib64/nginx/modules/ngx_http_xslt_filter_module.so
./usr/lib64/nginx/modules/ngx_http_perl_module.so
./usr/lib64/nginx/modules/ngx_mail_module.so
./usr/share/doc/nginx-1.16.1
./usr/share/doc/nginx-1.16.1/CHANGES
./usr/share/doc/nginx-1.16.1/README
./usr/share/doc/nginx-1.16.1/README.dynamic
./usr/share/doc/nginx-1.16.1/UPGRADE-NOTES-1.6-to-1.10
./usr/share/licenses/nginx-1.16.1
./usr/share/licenses/nginx-1.16.1/LICENSE
./usr/share/vim/vimfiles/ftdetect/nginx.vim
./usr/share/vim/vimfiles/ftplugin/nginx.vim
./usr/share/vim/vimfiles/indent/nginx.vim
./usr/share/vim/vimfiles/syntax/nginx.vim
./usr/share/man/man3/nginx.3pm.gz
./usr/share/man/man8/nginx-upgrade.8.gz
./usr/share/man/man8/nginx.8.gz
./usr/share/nginx
./usr/share/nginx/html
./usr/share/nginx/html/404.html
./usr/share/nginx/html/50x.html
./usr/share/nginx/html/en-US
./usr/share/nginx/html/icons
./usr/share/nginx/html/icons/poweredby.png
./usr/share/nginx/html/img
./usr/share/nginx/html/index.html
./usr/share/nginx/html/nginx-logo.png
./usr/share/nginx/html/poweredby.png
./usr/share/nginx/modules
./usr/share/nginx/modules/mod-stream.conf
./usr/share/nginx/modules/mod-http-image-filter.conf
./usr/share/nginx/modules/mod-http-xslt-filter.conf
./usr/share/nginx/modules/mod-http-perl.conf
./usr/share/nginx/modules/mod-mail.conf
find: ‘./usr/libexec/initscripts/legacy-actions/auditd’: Permission denied
find: ‘./boot/grub2’: Permission denied
find: ‘./home/ec2-user’: Permission denied
./home/ozaki/.rbenv/versions/2.5.2/lib/ruby/gems/2.5.0/gems/puma-3.12.6/docs/nginx.md
find: ‘./root’: Permission denied
[ozaki@ip-10-1-1-229 /]$ vi etc/nginx.conf
[ozaki@ip-10-1-1-229 /]$ ll etc/nginx.conf
ls: cannot access etc/nginx.conf: No such file or directory
[ozaki@ip-10-1-1-229 /]$ cd etc
[ozaki@ip-10-1-1-229 etc]$ ls
acpi                     glvnd                motd               rwtab
adjtime                  gnupg                mtab               rwtab.d
aliases                  GREP_COLORS          my.cnf             sasl2
aliases.db               groff                my.cnf.d           scl
alternatives             group                nanorc             screenrc
amazon                   group-               netconfig          securetty
anacrontab               grub2.cfg            NetworkManager     security
at.deny                  grub.d               networks           selinux
audisp                   gshadow              nfs.conf           services
audit                    gshadow-             nfsmount.conf      sestatus.conf
bash_completion.d        gss                  nginx              setuptool.d
bashrc                   gssproxy             nsswitch.conf      shadow
binfmt.d                 hibagent-config.cfg  nsswitch.conf.bak  shadow-
chkconfig.d              hibinit-config.cfg   openldap           shells
chrony.conf              host.conf            opt                skel
chrony.keys              hostname             os-release         ssh
cifs-utils               hosts                pam.d              ssl
cloud                    hosts.allow          passwd             statetab
cron.d                   hosts.deny           passwd-            statetab.d
cron.daily               idmapd.conf          pkcs11             subgid
cron.deny                image-id             pki                subuid
cron.hourly              ImageMagick          plymouth           sudo.conf
cron.monthly             init.d               pm                 sudoers
crontab                  inittab              popt.d             sudoers.d
cron.weekly              inputrc              postfix            sudo-ldap.conf
csh.cshrc                iproute2             ppp                sysconfig
csh.login                issue                prelink.conf.d     sysctl.conf
dbus-1                   issue.net            printcap           sysctl.d
default                  krb5.conf            profile            systemd
depmod.d                 krb5.conf.d          profile.d          system-release
dhcp                     ld.so.cache          protocols          system-release-cpe
DIR_COLORS               ld.so.conf           python             terminfo
DIR_COLORS.256color      ld.so.conf.d         rc0.d              tmpfiles.d
DIR_COLORS.lightbgcolor  libaudit.conf        rc1.d              trusted-key.key
dracut.conf              libnl                rc2.d              udev
dracut.conf.d            libuser.conf         rc3.d              updatedb.conf
e2fsck.conf              locale.conf          rc4.d              update-motd.d
egl                      localtime            rc5.d              vimrc
environment              login.defs           rc6.d              virc
ethertypes               logrotate.conf       rc.d               wgetrc
exports                  logrotate.d          rc.local           X11
exports.d                lsm                  request-key.conf   xdg
filesystems              lvm                  request-key.d      xinetd.d
fonts                    machine-id           resolv.conf        yum
fstab                    magic                rpc                yum.conf
gcrypt                   man_db.conf          rpm                yum.repos.d
GeoIP.conf               mke2fs.conf          rsyncd.conf
GeoIP.conf.default       modprobe.d           rsyslog.conf
ghostscript              modules-load.d       rsyslog.d
[ozaki@ip-10-1-1-229 etc]$ ls | grep nginx
nginx
[ozaki@ip-10-1-1-229 etc]$ cd nginx
[ozaki@ip-10-1-1-229 nginx]$ ls
conf.d                fastcgi_params          mime.types          scgi_params           win-utf
default.d             fastcgi_params.default  mime.types.default  scgi_params.default
fastcgi.conf          koi-utf                 nginx.conf          uwsgi_params
fastcgi.conf.default  koi-win                 nginx.conf.default  uwsgi_params.default
[ozaki@ip-10-1-1-229 nginx]$ ll
total 68
drwxr-xr-x 2 root root   24 Oct 25 01:39 conf.d
drwxr-xr-x 2 root root    6 Jun  7 16:30 default.d
-rw-r--r-- 1 root root 1077 Jun  7 16:30 fastcgi.conf
-rw-r--r-- 1 root root 1077 Jun  7 16:30 fastcgi.conf.default
-rw-r--r-- 1 root root 1007 Jun  7 16:30 fastcgi_params
-rw-r--r-- 1 root root 1007 Jun  7 16:30 fastcgi_params.default
-rw-r--r-- 1 root root 2837 Jun  7 16:30 koi-utf
-rw-r--r-- 1 root root 2223 Jun  7 16:30 koi-win
-rw-r--r-- 1 root root 5231 Jun  7 16:30 mime.types
-rw-r--r-- 1 root root 5231 Jun  7 16:30 mime.types.default
-rw-r--r-- 1 root root 2455 Jun  7 16:29 nginx.conf
-rw-r--r-- 1 root root 2656 Jun  7 16:30 nginx.conf.default
-rw-r--r-- 1 root root  636 Jun  7 16:30 scgi_params
-rw-r--r-- 1 root root  636 Jun  7 16:30 scgi_params.default
-rw-r--r-- 1 root root  664 Jun  7 16:30 uwsgi_params
-rw-r--r-- 1 root root  664 Jun  7 16:30 uwsgi_params.default
-rw-r--r-- 1 root root 3610 Jun  7 16:30 win-utf
[ozaki@ip-10-1-1-229 nginx]$ vi nginx.conf
[ozaki@ip-10-1-1-229 nginx]$ vi nginx.conf.default
[ozaki@ip-10-1-1-229 nginx]$ vi nginx.conf
[ozaki@ip-10-1-1-229 nginx]$ vi fastcgi.conf
[ozaki@ip-10-1-1-229 nginx]$ vi nginx.conf
[ozaki@ip-10-1-1-229 nginx]$ ll /usr/share/nginx/html
total 12
-rw-r--r-- 1 root root 3650 Jun  7 16:28 404.html
-rw-r--r-- 1 root root 3693 Jun  7 16:28 50x.html
lrwxrwxrwx 1 root root   20 Oct 31 07:33 en-US -> ../../doc/HTML/en-US
drwxr-xr-x 2 root root   27 Oct 31 07:33 icons
lrwxrwxrwx 1 root root   18 Oct 31 07:33 img -> ../../doc/HTML/img
lrwxrwxrwx 1 root root   25 Oct 31 07:33 index.html -> ../../doc/HTML/index.html
-rw-r--r-- 1 root root  368 Jun  7 16:28 nginx-logo.png
lrwxrwxrwx 1 root root   14 Oct 31 07:33 poweredby.png -> nginx-logo.png
[ozaki@ip-10-1-1-229 nginx]$ packet_write_wait: Connection to 18.179.245.147 port 22: Broken pipe
administrators-MacBook-Pro:terraform admin$ ssh -i my-key-pair ec2-user@18.179.245.147
Last login: Sat Oct 31 07:13:45 2020 from 118-87-62-233.cnc.jp
-bash: /etc/profile: Permission denied
-bash-4.2$ sudo su - ozaki
最終ログイン: 2020/10/31 (土) 07:13:53 UTC日時 pts/1
[ozaki@ip-10-1-1-229 ~]$ vi /etc/nginx/conf.d/nginx.conf
[ozaki@ip-10-1-1-229 ~]$ sudo systemctl start nginx.service
[sudo] password for ozaki: 
Sorry, try again.
[sudo] password for ozaki: 
Job for nginx.service failed because the control process exited with error code. See "systemctl status nginx.service" and "journalctl -xe" for details.
[ozaki@ip-10-1-1-229 ~]$ sudo systemctl status -l nginx.service
● nginx.service - The nginx HTTP and reverse proxy server
   Loaded: loaded (/usr/lib/systemd/system/nginx.service; disabled; vendor preset: disabled)
   Active: failed (Result: exit-code) since Sat 2020-10-31 07:58:12 UTC; 11s ago
  Process: 31659 ExecStartPre=/usr/sbin/nginx -t (code=exited, status=1/FAILURE)
  Process: 31658 ExecStartPre=/usr/bin/rm -f /run/nginx.pid (code=exited, status=0/SUCCESS)
 Main PID: 20417 (code=exited, status=0/SUCCESS)

Oct 31 07:58:12 ip-10-1-1-229.ap-northeast-1.compute.internal systemd[1]: Starting The nginx HTTP and reverse proxy server...
Oct 31 07:58:12 ip-10-1-1-229.ap-northeast-1.compute.internal nginx[31659]: nginx: the configuration file /etc/nginx/nginx.conf syntax is ok
Oct 31 07:58:12 ip-10-1-1-229.ap-northeast-1.compute.internal nginx[31659]: nginx: [emerg] open() "/usr/share/nginx/~locker_app/log/nginx.error.log" failed (2: No such file or directory)
Oct 31 07:58:12 ip-10-1-1-229.ap-northeast-1.compute.internal nginx[31659]: nginx: configuration file /etc/nginx/nginx.conf test failed
Oct 31 07:58:12 ip-10-1-1-229.ap-northeast-1.compute.internal systemd[1]: nginx.service: control process exited, code=exited status=1
Oct 31 07:58:12 ip-10-1-1-229.ap-northeast-1.compute.internal systemd[1]: Failed to start The nginx HTTP and reverse proxy server.
Oct 31 07:58:12 ip-10-1-1-229.ap-northeast-1.compute.internal systemd[1]: Unit nginx.service entered failed state.
Oct 31 07:58:12 ip-10-1-1-229.ap-northeast-1.compute.internal systemd[1]: nginx.service failed.
[ozaki@ip-10-1-1-229 ~]$ vi /etc/nginx/conf.d/nginx.conf
[ozaki@ip-10-1-1-229 ~]$ ls
locker_app
[ozaki@ip-10-1-1-229 ~]$ mv locker_app /usr/share/nginx
[ozaki@ip-10-1-1-229 ~]$ ls
[ozaki@ip-10-1-1-229 ~]$ ls -a
.   .bash_history  .bash_profile  .bundle  .gem        .mysql_history  .ssh  .viminfo
..  .bash_logout   .bashrc        .cache   .gitconfig  .rbenv          .vim  .yarnrc
[ozaki@ip-10-1-1-229 ~]$ cd /etc/nginx/conf.d/nginx.conf
-bash: cd: /etc/nginx/conf.d/nginx.conf: Not a directory
[ozaki@ip-10-1-1-229 ~]$ vi /etc/nginx/conf.d/nginx.conf
[ozaki@ip-10-1-1-229 ~]$ sudo systemctl start nginx.service
[ozaki@ip-10-1-1-229 ~]$ ss -natu | grep LISTEN
tcp  LISTEN 0      128                             0.0.0.0:22           0.0.0.0:*                                                                               
tcp  LISTEN 0      128                             0.0.0.0:3000         0.0.0.0:*                                                                               
tcp  LISTEN 0      100                           127.0.0.1:25           0.0.0.0:*                                                                               
tcp  LISTEN 0      128                             0.0.0.0:111          0.0.0.0:*                                                                               
tcp  LISTEN 0      128                             0.0.0.0:80           0.0.0.0:*                                                                               
tcp  LISTEN 0      128                                [::]:22              [::]:*                                                                               
tcp  LISTEN 0      80                                    *:3306               *:*                                                                               
tcp  LISTEN 0      128                                [::]:111             [::]:*                                                                               
tcp  LISTEN 0      128                                [::]:80              [::]:*                                                                               
[ozaki@ip-10-1-1-229 ~]$ cd /usr/share/nginx
[ozaki@ip-10-1-1-229 nginx]$ ls
html  locker_app  modules
[ozaki@ip-10-1-1-229 nginx]$ cd locker_app
[ozaki@ip-10-1-1-229 locker_app]$ ls
app     config.ru  docker-compose.yml  Gemfile       lib           public     shell  vendor
bin     db         erd.pdf             Gemfile.lock  log           Rakefile   test   yarn.lock
config  docker     ext.txt             import.sh     package.json  README.md  tmp
[ozaki@ip-10-1-1-229 locker_app]$ kill -9 `cat tmp/pids/server.pid`
cat: tmp/pids/server.pid: No such file or directory
kill: usage: kill [-s sigspec | -n signum | -sigspec] pid | jobspec ... or kill -l [sigspec]
[ozaki@ip-10-1-1-229 locker_app]$ ll /tmp
total 132
lrwxrwxrwx 1 ozaki ozaki     25 Oct 25 08:52 mysql.sock -> /var/lib/mysql/mysql.sock
-rw-rw-r-- 1 ozaki ozaki    224 Oct 24 01:58 ruby-build.20201024015805.3606.log
drwx------ 3 ozaki ozaki     24 Oct 24 01:58 ruby-build.20201024015805.3606.TvtC2e
-rw-rw-r-- 1 ozaki ozaki 127449 Oct 24 02:16 ruby-build.20201024021132.4149.log
drwx------ 2 ozaki ozaki     25 Oct 24 03:16 ssh-TZrH6wFw2L02
drwx------ 3 root  root      17 Oct 23 10:43 systemd-private-deeda8db7c714a3a8a457503bdf992cb-chronyd.service-LxPTmK
drwx------ 3 root  root      17 Oct 31 08:01 systemd-private-deeda8db7c714a3a8a457503bdf992cb-nginx.service-8g0nbi
drwxrwxr-x 3 ozaki ozaki     25 Oct 25 14:34 v8-compile-cache-1001
[ozaki@ip-10-1-1-229 locker_app]$ ls tmp
cache  pids  restart.txt  sockets
[ozaki@ip-10-1-1-229 locker_app]$ ll tmp
total 0
drwxrwxr-x 3 ozaki ozaki 20 Oct 31 07:16 cache
drwxrwxr-x 2 ozaki ozaki  6 Oct 31 07:23 pids
-rw-rw-r-- 1 ozaki ozaki  0 Oct 31 07:16 restart.txt
drwxrwxr-x 2 ozaki ozaki  6 Oct 31 07:23 sockets
[ozaki@ip-10-1-1-229 locker_app]$ ll tmp/sockets
total 0
[ozaki@ip-10-1-1-229 locker_app]$ ll tmp/pids
total 0
[ozaki@ip-10-1-1-229 locker_app]$ packet_write_wait: Connection to 18.179.245.147 port 22: Broken pipe
administrators-MacBook-Pro:terraform admin$ ssh -i my-key-pair ec2-user@18.179.245.147
Last login: Sat Oct 31 07:52:16 2020 from 118-87-62-233.cnc.jp
-bash: /etc/profile: Permission denied
-bash-4.2$ sudo su - ozaki
最終ログイン: 2020/10/31 (土) 07:52:22 UTC日時 pts/2
[ozaki@ip-10-1-1-229 ~]$ cd /usr/share/nginx
[ozaki@ip-10-1-1-229 nginx]$ ls
html  locker_app  modules
[ozaki@ip-10-1-1-229 nginx]$ cd locker_app
[ozaki@ip-10-1-1-229 locker_app]$ bundle exec puma -t 5:5 -p 3000 -e production -C config/puma.rb -d
bundler: failed to load command: puma (/home/ozaki/.rbenv/versions/2.5.2/bin/puma)
NameError: uninitialized constant #<Class:#<Puma::DSL:0x0000000002c8d410>>::Rails
  config/puma.rb:13:in `_load_from'
  /home/ozaki/.rbenv/versions/2.5.2/lib/ruby/gems/2.5.0/gems/puma-3.12.6/lib/puma/dsl.rb:43:in `instance_eval'
  /home/ozaki/.rbenv/versions/2.5.2/lib/ruby/gems/2.5.0/gems/puma-3.12.6/lib/puma/dsl.rb:43:in `_load_from'
  /home/ozaki/.rbenv/versions/2.5.2/lib/ruby/gems/2.5.0/gems/puma-3.12.6/lib/puma/configuration.rb:194:in `block in load'
  /home/ozaki/.rbenv/versions/2.5.2/lib/ruby/gems/2.5.0/gems/puma-3.12.6/lib/puma/configuration.rb:194:in `each'
  /home/ozaki/.rbenv/versions/2.5.2/lib/ruby/gems/2.5.0/gems/puma-3.12.6/lib/puma/configuration.rb:194:in `load'
  /home/ozaki/.rbenv/versions/2.5.2/lib/ruby/gems/2.5.0/gems/puma-3.12.6/lib/puma/launcher.rb:61:in `initialize'
  /home/ozaki/.rbenv/versions/2.5.2/lib/ruby/gems/2.5.0/gems/puma-3.12.6/lib/puma/cli.rb:71:in `new'
  /home/ozaki/.rbenv/versions/2.5.2/lib/ruby/gems/2.5.0/gems/puma-3.12.6/lib/puma/cli.rb:71:in `initialize'
  /home/ozaki/.rbenv/versions/2.5.2/lib/ruby/gems/2.5.0/gems/puma-3.12.6/bin/puma:8:in `new'
  /home/ozaki/.rbenv/versions/2.5.2/lib/ruby/gems/2.5.0/gems/puma-3.12.6/bin/puma:8:in `<top (required)>'
  /home/ozaki/.rbenv/versions/2.5.2/bin/puma:23:in `load'
  /home/ozaki/.rbenv/versions/2.5.2/bin/puma:23:in `<top (required)>'
[ozaki@ip-10-1-1-229 locker_app]$ bundle install
The dependency tzinfo-data (>= 0) will be unused by any of the platforms Bundler is installing for. Bundler is installing for ruby but the dependency is only for x86-mingw32, x86-mswin32, x64-mingw32, java. To add those platforms to the bundle, run `bundle lock --add-platform x86-mingw32 x86-mswin32 x64-mingw32 java`.
Using rake 13.0.1
Using concurrent-ruby 1.1.7
Using i18n 1.8.5
Using minitest 5.14.2
Using thread_safe 0.3.6
Using tzinfo 1.2.7
Using activesupport 5.1.7
Using builder 3.2.4
Using erubi 1.9.0
Using mini_portile2 2.4.0
Using nokogiri 1.10.10
Using rails-dom-testing 2.0.3
Using crass 1.0.6
Using loofah 2.7.0
Using rails-html-sanitizer 1.3.0
Using actionview 5.1.7
Using rack 2.2.3
Using rack-test 1.1.0
Using actionpack 5.1.7
Using nio4r 2.5.2
Using websocket-extensions 0.1.5
Using websocket-driver 0.6.5
Using actioncable 5.1.7
Using globalid 0.4.2
Using activejob 5.1.7
Using mini_mime 1.0.2
Using mail 2.7.1
Using actionmailer 5.1.7
Using activemodel 5.1.7
Using arel 8.0.0
Using activerecord 5.1.7
Using public_suffix 4.0.5
Using addressable 2.7.0
Using ast 2.4.1
Using execjs 2.7.0
Using autoprefixer-rails 9.8.6.3
Using bcrypt 3.1.15
Using bindex 0.8.1
Using rb-fsevent 0.10.4
Using ffi 1.13.1
Using rb-inotify 0.10.1
Using sass-listen 4.0.0
Using sass 3.7.4
Using bootstrap-sass 3.3.7
Using will_paginate 3.1.6
Using bootstrap-will_paginate 1.0.0
Using bundler 2.1.4
Using byebug 11.1.3
Using regexp_parser 1.7.1
Using xpath 3.2.0
Using capybara 3.33.0
Using mime-types-data 3.2020.0512
Using mime-types 3.3.1
Using carrierwave 1.2.2
Using childprocess 3.0.0
Using choice 0.2.0
Using coffee-script-source 1.12.2
Using coffee-script 2.4.1
Using method_source 1.0.0
Using thor 1.0.1
Using railties 5.1.7
Using coffee-rails 4.2.2
Using faker 2.13.0
Using forgery 0.3.12
Using forgery_ja 0.2.2
Using geocoder 1.6.3
Using geokit 1.13.1
Using sprockets 3.7.2
Using sprockets-rails 3.2.1
Using rails 5.1.7
Using geokit-rails 2.3.1
Using multi_json 1.15.0
Using request_store 1.5.0
Using gon 6.3.2
Using jbuilder 2.10.0
Using jp_prefecture 0.10.0
Using jquery-rails 4.4.0
Using libv8 3.16.14.19 (x86_64-linux)
Using ruby_dep 1.5.0
Using listen 3.1.5
Using mini_magick 4.7.0
Using mysql2 0.5.3
Using parallel 1.19.2
Using parser 2.7.1.4
Using puma 3.12.6
Using rexml 3.2.4
Using ruby-graphviz 1.2.5
Using rails-erd 1.6.0
Using rainbow 3.0.0
Using ref 2.0.0
Using rmagick 4.1.2
Using rubocop-ast 0.3.0
Using ruby-progressbar 1.10.1
Using unicode-display_width 1.7.0
Using rubocop 0.90.0
Using rubyzip 2.3.0
Using tilt 2.0.10
Using sass-rails 5.0.7
Using selenium-webdriver 3.142.7
Using spring 2.1.1
Using spring-watcher-listen 2.0.1
Using therubyracer 0.12.3
Using turbolinks-source 5.2.0
Using turbolinks 5.2.1
Using uglifier 4.2.0
Using web-console 3.7.0
Bundle complete! 33 Gemfile dependencies, 106 gems now installed.
Use `bundle info [gemname]` to see where a bundled gem is installed.
[ozaki@ip-10-1-1-229 locker_app]$ bundle exec pumactl start
uninitialized constant #<Class:#<Puma::DSL:0x0000000002351018>>::Rails
config/puma.rb:13:in `_load_from'
/home/ozaki/.rbenv/versions/2.5.2/lib/ruby/gems/2.5.0/gems/puma-3.12.6/lib/puma/dsl.rb:43:in `instance_eval'
/home/ozaki/.rbenv/versions/2.5.2/lib/ruby/gems/2.5.0/gems/puma-3.12.6/lib/puma/dsl.rb:43:in `_load_from'
/home/ozaki/.rbenv/versions/2.5.2/lib/ruby/gems/2.5.0/gems/puma-3.12.6/lib/puma/configuration.rb:194:in `block in load'
/home/ozaki/.rbenv/versions/2.5.2/lib/ruby/gems/2.5.0/gems/puma-3.12.6/lib/puma/configuration.rb:194:in `each'
/home/ozaki/.rbenv/versions/2.5.2/lib/ruby/gems/2.5.0/gems/puma-3.12.6/lib/puma/configuration.rb:194:in `load'
/home/ozaki/.rbenv/versions/2.5.2/lib/ruby/gems/2.5.0/gems/puma-3.12.6/lib/puma/control_cli.rb:85:in `initialize'
/home/ozaki/.rbenv/versions/2.5.2/lib/ruby/gems/2.5.0/gems/puma-3.12.6/bin/pumactl:5:in `new'
/home/ozaki/.rbenv/versions/2.5.2/lib/ruby/gems/2.5.0/gems/puma-3.12.6/bin/pumactl:5:in `<top (required)>'
/home/ozaki/.rbenv/versions/2.5.2/bin/pumactl:23:in `load'
/home/ozaki/.rbenv/versions/2.5.2/bin/pumactl:23:in `<top (required)>'
/home/ozaki/.rbenv/versions/2.5.2/lib/ruby/gems/2.5.0/gems/bundler-2.1.4/lib/bundler/cli/exec.rb:63:in `load'
/home/ozaki/.rbenv/versions/2.5.2/lib/ruby/gems/2.5.0/gems/bundler-2.1.4/lib/bundler/cli/exec.rb:63:in `kernel_load'
/home/ozaki/.rbenv/versions/2.5.2/lib/ruby/gems/2.5.0/gems/bundler-2.1.4/lib/bundler/cli/exec.rb:28:in `run'
/home/ozaki/.rbenv/versions/2.5.2/lib/ruby/gems/2.5.0/gems/bundler-2.1.4/lib/bundler/cli.rb:476:in `exec'
/home/ozaki/.rbenv/versions/2.5.2/lib/ruby/gems/2.5.0/gems/bundler-2.1.4/lib/bundler/vendor/thor/lib/thor/command.rb:27:in `run'
/home/ozaki/.rbenv/versions/2.5.2/lib/ruby/gems/2.5.0/gems/bundler-2.1.4/lib/bundler/vendor/thor/lib/thor/invocation.rb:127:in `invoke_command'
/home/ozaki/.rbenv/versions/2.5.2/lib/ruby/gems/2.5.0/gems/bundler-2.1.4/lib/bundler/vendor/thor/lib/thor.rb:399:in `dispatch'
/home/ozaki/.rbenv/versions/2.5.2/lib/ruby/gems/2.5.0/gems/bundler-2.1.4/lib/bundler/cli.rb:30:in `dispatch'
/home/ozaki/.rbenv/versions/2.5.2/lib/ruby/gems/2.5.0/gems/bundler-2.1.4/lib/bundler/vendor/thor/lib/thor/base.rb:476:in `start'
/home/ozaki/.rbenv/versions/2.5.2/lib/ruby/gems/2.5.0/gems/bundler-2.1.4/lib/bundler/cli.rb:24:in `start'
/home/ozaki/.rbenv/versions/2.5.2/lib/ruby/gems/2.5.0/gems/bundler-2.1.4/exe/bundle:46:in `block in <top (required)>'
/home/ozaki/.rbenv/versions/2.5.2/lib/ruby/gems/2.5.0/gems/bundler-2.1.4/lib/bundler/friendly_errors.rb:123:in `with_friendly_errors'
/home/ozaki/.rbenv/versions/2.5.2/lib/ruby/gems/2.5.0/gems/bundler-2.1.4/exe/bundle:34:in `<top (required)>'
/home/ozaki/.rbenv/versions/2.5.2/bin/bundle:23:in `load'
/home/ozaki/.rbenv/versions/2.5.2/bin/bundle:23:in `<main>'
[ozaki@ip-10-1-1-229 locker_app]$ vi config/puma.rb
[ozaki@ip-10-1-1-229 locker_app]$ pwd
/usr/share/nginx/locker_app
[ozaki@ip-10-1-1-229 locker_app]$ bundle exec pumactl start
Puma starting in single mode...
* Version 3.12.6 (ruby 2.5.2-p104), codename: Llamas in Pajamas
* Min threads: 5, max threads: 5
* Environment: development
No such file or directory - connect(2) for usr/share/nginx/locker_app/tmp/sockets/puma.sock
/home/ozaki/.rbenv/versions/2.5.2/lib/ruby/gems/2.5.0/gems/puma-3.12.6/lib/puma/binder.rb:371:in `initialize'
/home/ozaki/.rbenv/versions/2.5.2/lib/ruby/gems/2.5.0/gems/puma-3.12.6/lib/puma/binder.rb:371:in `new'
/home/ozaki/.rbenv/versions/2.5.2/lib/ruby/gems/2.5.0/gems/puma-3.12.6/lib/puma/binder.rb:371:in `add_unix_listener'
/home/ozaki/.rbenv/versions/2.5.2/lib/ruby/gems/2.5.0/gems/puma-3.12.6/lib/puma/binder.rb:141:in `block in parse'
/home/ozaki/.rbenv/versions/2.5.2/lib/ruby/gems/2.5.0/gems/puma-3.12.6/lib/puma/binder.rb:90:in `each'
/home/ozaki/.rbenv/versions/2.5.2/lib/ruby/gems/2.5.0/gems/puma-3.12.6/lib/puma/binder.rb:90:in `parse'
/home/ozaki/.rbenv/versions/2.5.2/lib/ruby/gems/2.5.0/gems/puma-3.12.6/lib/puma/runner.rb:153:in `load_and_bind'
/home/ozaki/.rbenv/versions/2.5.2/lib/ruby/gems/2.5.0/gems/puma-3.12.6/lib/puma/single.rb:98:in `run'
/home/ozaki/.rbenv/versions/2.5.2/lib/ruby/gems/2.5.0/gems/puma-3.12.6/lib/puma/launcher.rb:186:in `run'
/home/ozaki/.rbenv/versions/2.5.2/lib/ruby/gems/2.5.0/gems/puma-3.12.6/lib/puma/cli.rb:80:in `run'
/home/ozaki/.rbenv/versions/2.5.2/lib/ruby/gems/2.5.0/gems/puma-3.12.6/lib/puma/control_cli.rb:261:in `start'
/home/ozaki/.rbenv/versions/2.5.2/lib/ruby/gems/2.5.0/gems/puma-3.12.6/lib/puma/control_cli.rb:225:in `run'
/home/ozaki/.rbenv/versions/2.5.2/lib/ruby/gems/2.5.0/gems/puma-3.12.6/bin/pumactl:8:in `<top (required)>'
/home/ozaki/.rbenv/versions/2.5.2/bin/pumactl:23:in `load'
/home/ozaki/.rbenv/versions/2.5.2/bin/pumactl:23:in `<top (required)>'
/home/ozaki/.rbenv/versions/2.5.2/lib/ruby/gems/2.5.0/gems/bundler-2.1.4/lib/bundler/cli/exec.rb:63:in `load'
/home/ozaki/.rbenv/versions/2.5.2/lib/ruby/gems/2.5.0/gems/bundler-2.1.4/lib/bundler/cli/exec.rb:63:in `kernel_load'
/home/ozaki/.rbenv/versions/2.5.2/lib/ruby/gems/2.5.0/gems/bundler-2.1.4/lib/bundler/cli/exec.rb:28:in `run'
/home/ozaki/.rbenv/versions/2.5.2/lib/ruby/gems/2.5.0/gems/bundler-2.1.4/lib/bundler/cli.rb:476:in `exec'
/home/ozaki/.rbenv/versions/2.5.2/lib/ruby/gems/2.5.0/gems/bundler-2.1.4/lib/bundler/vendor/thor/lib/thor/command.rb:27:in `run'
/home/ozaki/.rbenv/versions/2.5.2/lib/ruby/gems/2.5.0/gems/bundler-2.1.4/lib/bundler/vendor/thor/lib/thor/invocation.rb:127:in `invoke_command'
/home/ozaki/.rbenv/versions/2.5.2/lib/ruby/gems/2.5.0/gems/bundler-2.1.4/lib/bundler/vendor/thor/lib/thor.rb:399:in `dispatch'
/home/ozaki/.rbenv/versions/2.5.2/lib/ruby/gems/2.5.0/gems/bundler-2.1.4/lib/bundler/cli.rb:30:in `dispatch'
/home/ozaki/.rbenv/versions/2.5.2/lib/ruby/gems/2.5.0/gems/bundler-2.1.4/lib/bundler/vendor/thor/lib/thor/base.rb:476:in `start'
/home/ozaki/.rbenv/versions/2.5.2/lib/ruby/gems/2.5.0/gems/bundler-2.1.4/lib/bundler/cli.rb:24:in `start'
/home/ozaki/.rbenv/versions/2.5.2/lib/ruby/gems/2.5.0/gems/bundler-2.1.4/exe/bundle:46:in `block in <top (required)>'
/home/ozaki/.rbenv/versions/2.5.2/lib/ruby/gems/2.5.0/gems/bundler-2.1.4/lib/bundler/friendly_errors.rb:123:in `with_friendly_errors'
/home/ozaki/.rbenv/versions/2.5.2/lib/ruby/gems/2.5.0/gems/bundler-2.1.4/exe/bundle:34:in `<top (required)>'
/home/ozaki/.rbenv/versions/2.5.2/bin/bundle:23:in `load'
/home/ozaki/.rbenv/versions/2.5.2/bin/bundle:23:in `<main>'
[ozaki@ip-10-1-1-229 locker_app]$ bundle exec puma -t 5:5 -p 3000 -e production -C config/puma.rb -d
Puma starting in single mode...
* Version 3.12.6 (ruby 2.5.2-p104), codename: Llamas in Pajamas
* Min threads: 5, max threads: 5
* Environment: production
* Daemonizing...
[ozaki@ip-10-1-1-229 locker_app]$ ll tmp/sockets
total 0
[ozaki@ip-10-1-1-229 locker_app]$ cd tmp/sockets
[ozaki@ip-10-1-1-229 sockets]$ ls
[ozaki@ip-10-1-1-229 sockets]$ bundle exec pumactl start
Puma starting in single mode...
* Version 3.12.6 (ruby 2.5.2-p104), codename: Llamas in Pajamas
* Min threads: 0, max threads: 16
* Environment: development
ERROR: No application configured, nothing to run
[ozaki@ip-10-1-1-229 sockets]$ bundle exec pumactl start -e production
invalid option: -e
/home/ozaki/.rbenv/versions/2.5.2/lib/ruby/gems/2.5.0/gems/puma-3.12.6/lib/puma/control_cli.rb:74:in `initialize'
/home/ozaki/.rbenv/versions/2.5.2/lib/ruby/gems/2.5.0/gems/puma-3.12.6/bin/pumactl:5:in `new'
/home/ozaki/.rbenv/versions/2.5.2/lib/ruby/gems/2.5.0/gems/puma-3.12.6/bin/pumactl:5:in `<top (required)>'
/home/ozaki/.rbenv/versions/2.5.2/bin/pumactl:23:in `load'
/home/ozaki/.rbenv/versions/2.5.2/bin/pumactl:23:in `<top (required)>'
/home/ozaki/.rbenv/versions/2.5.2/lib/ruby/gems/2.5.0/gems/bundler-2.1.4/lib/bundler/cli/exec.rb:63:in `load'
/home/ozaki/.rbenv/versions/2.5.2/lib/ruby/gems/2.5.0/gems/bundler-2.1.4/lib/bundler/cli/exec.rb:63:in `kernel_load'
/home/ozaki/.rbenv/versions/2.5.2/lib/ruby/gems/2.5.0/gems/bundler-2.1.4/lib/bundler/cli/exec.rb:28:in `run'
/home/ozaki/.rbenv/versions/2.5.2/lib/ruby/gems/2.5.0/gems/bundler-2.1.4/lib/bundler/cli.rb:476:in `exec'
/home/ozaki/.rbenv/versions/2.5.2/lib/ruby/gems/2.5.0/gems/bundler-2.1.4/lib/bundler/vendor/thor/lib/thor/command.rb:27:in `run'
/home/ozaki/.rbenv/versions/2.5.2/lib/ruby/gems/2.5.0/gems/bundler-2.1.4/lib/bundler/vendor/thor/lib/thor/invocation.rb:127:in `invoke_command'
/home/ozaki/.rbenv/versions/2.5.2/lib/ruby/gems/2.5.0/gems/bundler-2.1.4/lib/bundler/vendor/thor/lib/thor.rb:399:in `dispatch'
/home/ozaki/.rbenv/versions/2.5.2/lib/ruby/gems/2.5.0/gems/bundler-2.1.4/lib/bundler/cli.rb:30:in `dispatch'
/home/ozaki/.rbenv/versions/2.5.2/lib/ruby/gems/2.5.0/gems/bundler-2.1.4/lib/bundler/vendor/thor/lib/thor/base.rb:476:in `start'
/home/ozaki/.rbenv/versions/2.5.2/lib/ruby/gems/2.5.0/gems/bundler-2.1.4/lib/bundler/cli.rb:24:in `start'
/home/ozaki/.rbenv/versions/2.5.2/lib/ruby/gems/2.5.0/gems/bundler-2.1.4/exe/bundle:46:in `block in <top (required)>'
/home/ozaki/.rbenv/versions/2.5.2/lib/ruby/gems/2.5.0/gems/bundler-2.1.4/lib/bundler/friendly_errors.rb:123:in `with_friendly_errors'
/home/ozaki/.rbenv/versions/2.5.2/lib/ruby/gems/2.5.0/gems/bundler-2.1.4/exe/bundle:34:in `<top (required)>'
/home/ozaki/.rbenv/versions/2.5.2/bin/bundle:23:in `load'
/home/ozaki/.rbenv/versions/2.5.2/bin/bundle:23:in `<main>'
[ozaki@ip-10-1-1-229 sockets]$ cd ../
[ozaki@ip-10-1-1-229 tmp]$ cd ../
[ozaki@ip-10-1-1-229 locker_app]$ vi config/puma.rb
[ozaki@ip-10-1-1-229 locker_app]$ cd ../
[ozaki@ip-10-1-1-229 nginx]$ mv locker_app /opt
mv: cannot move ‘locker_app’ to ‘/opt/locker_app’: Permission denied
[ozaki@ip-10-1-1-229 nginx]$ mv locker_app ~
[ozaki@ip-10-1-1-229 nginx]$ cd ~
[ozaki@ip-10-1-1-229 ~]$ mv locker_app /opt
mv: cannot move ‘locker_app’ to ‘/opt/locker_app’: Permission denied
[ozaki@ip-10-1-1-229 ~]$ ll /opt
total 0
drwxr-xr-x 4 root root 33 Sep 21 21:11 aws
drwxr-xr-x 2 root root  6 Aug 16  2018 rh
[ozaki@ip-10-1-1-229 ~]$ ll /
total 20
lrwxrwxrwx   1 root  root    7 Sep 21 21:10 bin -> usr/bin
dr-xr-xr-x   4 root  root 4096 Sep 21 21:12 boot
drwxr-xr-x  15 root  root 2820 Oct 23 10:43 dev
drwxrwx---  86 ozaki root 8192 Oct 31 07:40 etc
drwxr-xr-x   4 root  root   35 Oct 24 01:20 home
lrwxrwxrwx   1 root  root    7 Sep 21 21:10 lib -> usr/lib
lrwxrwxrwx   1 root  root    9 Sep 21 21:10 lib64 -> usr/lib64
drwxr-xr-x   2 root  root    6 Sep 21 21:10 local
drwxr-xr-x   2 root  root    6 Apr  9  2019 media
drwxr-xr-x   2 root  root    6 Apr  9  2019 mnt
drwxr-xr-x   4 root  root   27 Sep 21 21:11 opt
dr-xr-xr-x 123 root  root    0 Oct 23 10:43 proc
dr-xr-x---   3 root  root  103 Oct 23 10:43 root
drwxrwxrwx  28 root  root 1000 Oct 31 08:01 run
lrwxrwxrwx   1 root  root    8 Sep 21 21:10 sbin -> usr/sbin
drwxr-xr-x   2 root  root    6 Apr  9  2019 srv
dr-xr-xr-x  13 root  root    0 Oct 29 01:59 sys
drwxrwxrwt  12 root  root 4096 Oct 31 08:42 tmp
drwxr-xr-x  13 root  root  155 Sep 21 21:10 usr
drwxr-xr-x  20 ozaki root  280 Oct 24 02:24 var
[ozaki@ip-10-1-1-229 ~]$ sudo chmod 777 /opt
[sudo] password for ozaki: 
[ozaki@ip-10-1-1-229 ~]$ ll /opt
total 0
drwxr-xr-x 4 root root 33 Sep 21 21:11 aws
drwxr-xr-x 2 root root  6 Aug 16  2018 rh
[ozaki@ip-10-1-1-229 ~]$ ll /
total 20
lrwxrwxrwx   1 root  root    7 Sep 21 21:10 bin -> usr/bin
dr-xr-xr-x   4 root  root 4096 Sep 21 21:12 boot
drwxr-xr-x  15 root  root 2820 Oct 23 10:43 dev
drwxrwx---  86 ozaki root 8192 Oct 31 07:40 etc
drwxr-xr-x   4 root  root   35 Oct 24 01:20 home
lrwxrwxrwx   1 root  root    7 Sep 21 21:10 lib -> usr/lib
lrwxrwxrwx   1 root  root    9 Sep 21 21:10 lib64 -> usr/lib64
drwxr-xr-x   2 root  root    6 Sep 21 21:10 local
drwxr-xr-x   2 root  root    6 Apr  9  2019 media
drwxr-xr-x   2 root  root    6 Apr  9  2019 mnt
drwxrwxrwx   4 root  root   27 Sep 21 21:11 opt
dr-xr-xr-x 122 root  root    0 Oct 23 10:43 proc
dr-xr-x---   3 root  root  103 Oct 23 10:43 root
drwxrwxrwx  28 root  root 1000 Oct 31 08:01 run
lrwxrwxrwx   1 root  root    8 Sep 21 21:10 sbin -> usr/sbin
drwxr-xr-x   2 root  root    6 Apr  9  2019 srv
dr-xr-xr-x  13 root  root    0 Oct 29 01:59 sys
drwxrwxrwt  12 root  root 4096 Oct 31 08:42 tmp
drwxr-xr-x  13 root  root  155 Sep 21 21:10 usr
drwxr-xr-x  20 ozaki root  280 Oct 24 02:24 var
[ozaki@ip-10-1-1-229 ~]$ mv locker_app /opt
[ozaki@ip-10-1-1-229 ~]$ ll /opt
total 4
drwxr-xr-x  4 root  root    33 Sep 21 21:11 aws
drwxrwxr-x 14 ozaki ozaki 4096 Oct 31 07:17 locker_app
drwxr-xr-x  2 root  root     6 Aug 16  2018 rh
[ozaki@ip-10-1-1-229 ~]$ vi /opt/locker_app/config/puma.rb
[ozaki@ip-10-1-1-229 ~]$ cd /opt/locker_app
[ozaki@ip-10-1-1-229 locker_app]$ bundle exec puma -t 5:5 -p 3000 -e production -C config/puma.rb -d
bundler: failed to load command: puma (/home/ozaki/.rbenv/versions/2.5.2/bin/puma)
NameError: uninitialized constant #<Class:#<Puma::DSL:0x00000000030a2f28>>::Rails
  config/puma.rb:13:in `_load_from'
  /home/ozaki/.rbenv/versions/2.5.2/lib/ruby/gems/2.5.0/gems/puma-3.12.6/lib/puma/dsl.rb:43:in `instance_eval'
  /home/ozaki/.rbenv/versions/2.5.2/lib/ruby/gems/2.5.0/gems/puma-3.12.6/lib/puma/dsl.rb:43:in `_load_from'
  /home/ozaki/.rbenv/versions/2.5.2/lib/ruby/gems/2.5.0/gems/puma-3.12.6/lib/puma/configuration.rb:194:in `block in load'
  /home/ozaki/.rbenv/versions/2.5.2/lib/ruby/gems/2.5.0/gems/puma-3.12.6/lib/puma/configuration.rb:194:in `each'
  /home/ozaki/.rbenv/versions/2.5.2/lib/ruby/gems/2.5.0/gems/puma-3.12.6/lib/puma/configuration.rb:194:in `load'
  /home/ozaki/.rbenv/versions/2.5.2/lib/ruby/gems/2.5.0/gems/puma-3.12.6/lib/puma/launcher.rb:61:in `initialize'
  /home/ozaki/.rbenv/versions/2.5.2/lib/ruby/gems/2.5.0/gems/puma-3.12.6/lib/puma/cli.rb:71:in `new'
  /home/ozaki/.rbenv/versions/2.5.2/lib/ruby/gems/2.5.0/gems/puma-3.12.6/lib/puma/cli.rb:71:in `initialize'
  /home/ozaki/.rbenv/versions/2.5.2/lib/ruby/gems/2.5.0/gems/puma-3.12.6/bin/puma:8:in `new'
  /home/ozaki/.rbenv/versions/2.5.2/lib/ruby/gems/2.5.0/gems/puma-3.12.6/bin/puma:8:in `<top (required)>'
  /home/ozaki/.rbenv/versions/2.5.2/bin/puma:23:in `load'
  /home/ozaki/.rbenv/versions/2.5.2/bin/puma:23:in `<top (required)>'
[ozaki@ip-10-1-1-229 locker_app]$ bundle exec pumactl -e production start
invalid option: -e
/home/ozaki/.rbenv/versions/2.5.2/lib/ruby/gems/2.5.0/gems/puma-3.12.6/lib/puma/control_cli.rb:73:in `initialize'
/home/ozaki/.rbenv/versions/2.5.2/lib/ruby/gems/2.5.0/gems/puma-3.12.6/bin/pumactl:5:in `new'
/home/ozaki/.rbenv/versions/2.5.2/lib/ruby/gems/2.5.0/gems/puma-3.12.6/bin/pumactl:5:in `<top (required)>'
/home/ozaki/.rbenv/versions/2.5.2/bin/pumactl:23:in `load'
/home/ozaki/.rbenv/versions/2.5.2/bin/pumactl:23:in `<top (required)>'
/home/ozaki/.rbenv/versions/2.5.2/lib/ruby/gems/2.5.0/gems/bundler-2.1.4/lib/bundler/cli/exec.rb:63:in `load'
/home/ozaki/.rbenv/versions/2.5.2/lib/ruby/gems/2.5.0/gems/bundler-2.1.4/lib/bundler/cli/exec.rb:63:in `kernel_load'
/home/ozaki/.rbenv/versions/2.5.2/lib/ruby/gems/2.5.0/gems/bundler-2.1.4/lib/bundler/cli/exec.rb:28:in `run'
/home/ozaki/.rbenv/versions/2.5.2/lib/ruby/gems/2.5.0/gems/bundler-2.1.4/lib/bundler/cli.rb:476:in `exec'
/home/ozaki/.rbenv/versions/2.5.2/lib/ruby/gems/2.5.0/gems/bundler-2.1.4/lib/bundler/vendor/thor/lib/thor/command.rb:27:in `run'
/home/ozaki/.rbenv/versions/2.5.2/lib/ruby/gems/2.5.0/gems/bundler-2.1.4/lib/bundler/vendor/thor/lib/thor/invocation.rb:127:in `invoke_command'
/home/ozaki/.rbenv/versions/2.5.2/lib/ruby/gems/2.5.0/gems/bundler-2.1.4/lib/bundler/vendor/thor/lib/thor.rb:399:in `dispatch'
/home/ozaki/.rbenv/versions/2.5.2/lib/ruby/gems/2.5.0/gems/bundler-2.1.4/lib/bundler/cli.rb:30:in `dispatch'
/home/ozaki/.rbenv/versions/2.5.2/lib/ruby/gems/2.5.0/gems/bundler-2.1.4/lib/bundler/vendor/thor/lib/thor/base.rb:476:in `start'
/home/ozaki/.rbenv/versions/2.5.2/lib/ruby/gems/2.5.0/gems/bundler-2.1.4/lib/bundler/cli.rb:24:in `start'
/home/ozaki/.rbenv/versions/2.5.2/lib/ruby/gems/2.5.0/gems/bundler-2.1.4/exe/bundle:46:in `block in <top (required)>'
/home/ozaki/.rbenv/versions/2.5.2/lib/ruby/gems/2.5.0/gems/bundler-2.1.4/lib/bundler/friendly_errors.rb:123:in `with_friendly_errors'
/home/ozaki/.rbenv/versions/2.5.2/lib/ruby/gems/2.5.0/gems/bundler-2.1.4/exe/bundle:34:in `<top (required)>'
/home/ozaki/.rbenv/versions/2.5.2/bin/bundle:23:in `load'
/home/ozaki/.rbenv/versions/2.5.2/bin/bundle:23:in `<main>'
[ozaki@ip-10-1-1-229 locker_app]$ bundle exec pumactl start
uninitialized constant #<Class:#<Puma::DSL:0x00000000027ec528>>::Rails
config/puma.rb:13:in `_load_from'
/home/ozaki/.rbenv/versions/2.5.2/lib/ruby/gems/2.5.0/gems/puma-3.12.6/lib/puma/dsl.rb:43:in `instance_eval'
/home/ozaki/.rbenv/versions/2.5.2/lib/ruby/gems/2.5.0/gems/puma-3.12.6/lib/puma/dsl.rb:43:in `_load_from'
/home/ozaki/.rbenv/versions/2.5.2/lib/ruby/gems/2.5.0/gems/puma-3.12.6/lib/puma/configuration.rb:194:in `block in load'
/home/ozaki/.rbenv/versions/2.5.2/lib/ruby/gems/2.5.0/gems/puma-3.12.6/lib/puma/configuration.rb:194:in `each'
/home/ozaki/.rbenv/versions/2.5.2/lib/ruby/gems/2.5.0/gems/puma-3.12.6/lib/puma/configuration.rb:194:in `load'
/home/ozaki/.rbenv/versions/2.5.2/lib/ruby/gems/2.5.0/gems/puma-3.12.6/lib/puma/control_cli.rb:85:in `initialize'
/home/ozaki/.rbenv/versions/2.5.2/lib/ruby/gems/2.5.0/gems/puma-3.12.6/bin/pumactl:5:in `new'
/home/ozaki/.rbenv/versions/2.5.2/lib/ruby/gems/2.5.0/gems/puma-3.12.6/bin/pumactl:5:in `<top (required)>'
/home/ozaki/.rbenv/versions/2.5.2/bin/pumactl:23:in `load'
/home/ozaki/.rbenv/versions/2.5.2/bin/pumactl:23:in `<top (required)>'
/home/ozaki/.rbenv/versions/2.5.2/lib/ruby/gems/2.5.0/gems/bundler-2.1.4/lib/bundler/cli/exec.rb:63:in `load'
/home/ozaki/.rbenv/versions/2.5.2/lib/ruby/gems/2.5.0/gems/bundler-2.1.4/lib/bundler/cli/exec.rb:63:in `kernel_load'
/home/ozaki/.rbenv/versions/2.5.2/lib/ruby/gems/2.5.0/gems/bundler-2.1.4/lib/bundler/cli/exec.rb:28:in `run'
/home/ozaki/.rbenv/versions/2.5.2/lib/ruby/gems/2.5.0/gems/bundler-2.1.4/lib/bundler/cli.rb:476:in `exec'
/home/ozaki/.rbenv/versions/2.5.2/lib/ruby/gems/2.5.0/gems/bundler-2.1.4/lib/bundler/vendor/thor/lib/thor/command.rb:27:in `run'
/home/ozaki/.rbenv/versions/2.5.2/lib/ruby/gems/2.5.0/gems/bundler-2.1.4/lib/bundler/vendor/thor/lib/thor/invocation.rb:127:in `invoke_command'
/home/ozaki/.rbenv/versions/2.5.2/lib/ruby/gems/2.5.0/gems/bundler-2.1.4/lib/bundler/vendor/thor/lib/thor.rb:399:in `dispatch'
/home/ozaki/.rbenv/versions/2.5.2/lib/ruby/gems/2.5.0/gems/bundler-2.1.4/lib/bundler/cli.rb:30:in `dispatch'
/home/ozaki/.rbenv/versions/2.5.2/lib/ruby/gems/2.5.0/gems/bundler-2.1.4/lib/bundler/vendor/thor/lib/thor/base.rb:476:in `start'
/home/ozaki/.rbenv/versions/2.5.2/lib/ruby/gems/2.5.0/gems/bundler-2.1.4/lib/bundler/cli.rb:24:in `start'
/home/ozaki/.rbenv/versions/2.5.2/lib/ruby/gems/2.5.0/gems/bundler-2.1.4/exe/bundle:46:in `block in <top (required)>'
/home/ozaki/.rbenv/versions/2.5.2/lib/ruby/gems/2.5.0/gems/bundler-2.1.4/lib/bundler/friendly_errors.rb:123:in `with_friendly_errors'
/home/ozaki/.rbenv/versions/2.5.2/lib/ruby/gems/2.5.0/gems/bundler-2.1.4/exe/bundle:34:in `<top (required)>'
/home/ozaki/.rbenv/versions/2.5.2/bin/bundle:23:in `load'
/home/ozaki/.rbenv/versions/2.5.2/bin/bundle:23:in `<main>'
[ozaki@ip-10-1-1-229 locker_app]$ packet_write_wait: Connection to 18.179.245.147 port 22: Broken pipe
administrators-MacBook-Pro:terraform admin$ ssh -i my-key-pair ec2-user@18.179.245.147
Last login: Sat Oct 31 08:35:10 2020 from 118-87-62-233.cnc.jp
-bash: /etc/profile: Permission denied
-bash-4.2$ sudo su - ozaki
最終ログイン: 2020/10/31 (土) 08:35:13 UTC日時 pts/3
[ozaki@ip-10-1-1-229 ~]$ ss -natu | grep LISTEN
tcp  LISTEN 0      128                             0.0.0.0:22           0.0.0.0:*                                                                               
tcp  LISTEN 0      128                             0.0.0.0:3000         0.0.0.0:*                                                                               
tcp  LISTEN 0      100                           127.0.0.1:25           0.0.0.0:*                                                                               
tcp  LISTEN 0      128                             0.0.0.0:111          0.0.0.0:*                                                                               
tcp  LISTEN 0      128                             0.0.0.0:80           0.0.0.0:*                                                                               
tcp  LISTEN 0      128                                [::]:22              [::]:*                                                                               
tcp  LISTEN 0      80                                    *:3306               *:*                                                                               
tcp  LISTEN 0      128                                [::]:111             [::]:*                                                                               
tcp  LISTEN 0      128                                [::]:80              [::]:*                                                                               
[ozaki@ip-10-1-1-229 ~]$ vi /etc/nginx/conf.d/nginx.conf
[ozaki@ip-10-1-1-229 ~]$ ln /opt/locker_app /usr/share/nginx/locker_app
ln: ‘/opt/locker_app’: hard link not allowed for directory
[ozaki@ip-10-1-1-229 ~]$ mkdir /usr/share/nginx/locker_app
[ozaki@ip-10-1-1-229 ~]$ ln -s /opt/locker_app /usr/share/nginx/locker_app
[ozaki@ip-10-1-1-229 ~]$ ll /usr/share/nginx/locker_app
total 0
lrwxrwxrwx 1 ozaki ozaki 15 Oct 31 09:06 locker_app -> /opt/locker_app
[ozaki@ip-10-1-1-229 ~]$ sudo systemctl restart nginx.service
[sudo] password for ozaki: 
Job for nginx.service failed because the control process exited with error code. See "systemctl status nginx.service" and "journalctl -xe" for details.
[ozaki@ip-10-1-1-229 ~]$ sudo systemctl status nginx.service
● nginx.service - The nginx HTTP and reverse proxy server
   Loaded: loaded (/usr/lib/systemd/system/nginx.service; disabled; vendor preset: disabled)
   Active: failed (Result: exit-code) since Sat 2020-10-31 09:07:12 UTC; 11s ago
  Process: 31879 ExecStart=/usr/sbin/nginx (code=exited, status=0/SUCCESS)
  Process: 3550 ExecStartPre=/usr/sbin/nginx -t (code=exited, status=1/FAILURE)
  Process: 3548 ExecStartPre=/usr/bin/rm -f /run/nginx.pid (code=exited, status=0/SUCCESS)
 Main PID: 31882 (code=exited, status=0/SUCCESS)

Oct 31 09:07:12 ip-10-1-1-229.ap-northeast-1.compute.internal systemd[1]: Starting The nginx HTTP...
Oct 31 09:07:12 ip-10-1-1-229.ap-northeast-1.compute.internal nginx[3550]: nginx: the configurati...
Oct 31 09:07:12 ip-10-1-1-229.ap-northeast-1.compute.internal nginx[3550]: nginx: [emerg] open() ...
Oct 31 09:07:12 ip-10-1-1-229.ap-northeast-1.compute.internal nginx[3550]: nginx: configuration f...
Oct 31 09:07:12 ip-10-1-1-229.ap-northeast-1.compute.internal systemd[1]: nginx.service: control ...
Oct 31 09:07:12 ip-10-1-1-229.ap-northeast-1.compute.internal systemd[1]: Failed to start The ngi...
Oct 31 09:07:12 ip-10-1-1-229.ap-northeast-1.compute.internal systemd[1]: Unit nginx.service ente...
Oct 31 09:07:12 ip-10-1-1-229.ap-northeast-1.compute.internal systemd[1]: nginx.service failed.
Hint: Some lines were ellipsized, use -l to show in full.
[ozaki@ip-10-1-1-229 ~]$ sudo systemctl status -l nginx.service
● nginx.service - The nginx HTTP and reverse proxy server
   Loaded: loaded (/usr/lib/systemd/system/nginx.service; disabled; vendor preset: disabled)
   Active: failed (Result: exit-code) since Sat 2020-10-31 09:07:12 UTC; 17s ago
  Process: 31879 ExecStart=/usr/sbin/nginx (code=exited, status=0/SUCCESS)
  Process: 3550 ExecStartPre=/usr/sbin/nginx -t (code=exited, status=1/FAILURE)
  Process: 3548 ExecStartPre=/usr/bin/rm -f /run/nginx.pid (code=exited, status=0/SUCCESS)
 Main PID: 31882 (code=exited, status=0/SUCCESS)

Oct 31 09:07:12 ip-10-1-1-229.ap-northeast-1.compute.internal systemd[1]: Starting The nginx HTTP and reverse proxy server...
Oct 31 09:07:12 ip-10-1-1-229.ap-northeast-1.compute.internal nginx[3550]: nginx: the configuration file /etc/nginx/nginx.conf syntax is ok
Oct 31 09:07:12 ip-10-1-1-229.ap-northeast-1.compute.internal nginx[3550]: nginx: [emerg] open() "/usr/share/nginx/locker_app/log/nginx.error.log" failed (2: No such file or directory)
Oct 31 09:07:12 ip-10-1-1-229.ap-northeast-1.compute.internal nginx[3550]: nginx: configuration file /etc/nginx/nginx.conf test failed
Oct 31 09:07:12 ip-10-1-1-229.ap-northeast-1.compute.internal systemd[1]: nginx.service: control process exited, code=exited status=1
Oct 31 09:07:12 ip-10-1-1-229.ap-northeast-1.compute.internal systemd[1]: Failed to start The nginx HTTP and reverse proxy server.
Oct 31 09:07:12 ip-10-1-1-229.ap-northeast-1.compute.internal systemd[1]: Unit nginx.service entered failed state.
Oct 31 09:07:12 ip-10-1-1-229.ap-northeast-1.compute.internal systemd[1]: nginx.service failed.
[ozaki@ip-10-1-1-229 ~]$ cd /usr/share/nginx
[ozaki@ip-10-1-1-229 nginx]$ ls
html  locker_app  modules
[ozaki@ip-10-1-1-229 nginx]$ cd locker_app
[ozaki@ip-10-1-1-229 locker_app]$ ls
locker_app
[ozaki@ip-10-1-1-229 locker_app]$ cd ~
[ozaki@ip-10-1-1-229 ~]$ cd /opt
[ozaki@ip-10-1-1-229 opt]$ sudo ln -s locker_app /usr/share/nginx/locker_app
ln: failed to create symbolic link ‘/usr/share/nginx/locker_app/locker_app’: File exists
[ozaki@ip-10-1-1-229 opt]$ rm /usr/share/nginx/locker_app
rm: cannot remove ‘/usr/share/nginx/locker_app’: Is a directory
[ozaki@ip-10-1-1-229 opt]$ ll /usr/share/nginx/locker_app
total 0
lrwxrwxrwx 1 ozaki ozaki 15 Oct 31 09:06 locker_app -> /opt/locker_app
[ozaki@ip-10-1-1-229 opt]$ rm -rf /usr/share/nginx/locker_app
[ozaki@ip-10-1-1-229 opt]$ ll /usr/share/nginx/locker_app
ls: cannot access /usr/share/nginx/locker_app: No such file or directory
[ozaki@ip-10-1-1-229 opt]$ sudo ln -s locker_app /usr/share/nginx/locker_app
[ozaki@ip-10-1-1-229 opt]$ ll /usr/share/nginx
total 0
drwxr-xr-x 3 root root 136 Oct 31 07:33 html
lrwxrwxrwx 1 root root  10 Oct 31 09:10 locker_app -> locker_app
drwxr-xr-x 2 root root 143 Oct 31 07:33 modules
[ozaki@ip-10-1-1-229 opt]$ sudo systemctl restart nginx.service
Job for nginx.service failed because the control process exited with error code. See "systemctl status nginx.service" and "journalctl -xe" for details.
[ozaki@ip-10-1-1-229 opt]$ sudo systemctl status -l nginx.service
● nginx.service - The nginx HTTP and reverse proxy server
   Loaded: loaded (/usr/lib/systemd/system/nginx.service; disabled; vendor preset: disabled)
   Active: failed (Result: exit-code) since Sat 2020-10-31 09:11:08 UTC; 11s ago
  Process: 31879 ExecStart=/usr/sbin/nginx (code=exited, status=0/SUCCESS)
  Process: 3774 ExecStartPre=/usr/sbin/nginx -t (code=exited, status=1/FAILURE)
  Process: 3773 ExecStartPre=/usr/bin/rm -f /run/nginx.pid (code=exited, status=0/SUCCESS)
 Main PID: 31882 (code=exited, status=0/SUCCESS)

Oct 31 09:11:08 ip-10-1-1-229.ap-northeast-1.compute.internal systemd[1]: Starting The nginx HTTP and reverse proxy server...
Oct 31 09:11:08 ip-10-1-1-229.ap-northeast-1.compute.internal nginx[3774]: nginx: the configuration file /etc/nginx/nginx.conf syntax is ok
Oct 31 09:11:08 ip-10-1-1-229.ap-northeast-1.compute.internal nginx[3774]: nginx: [emerg] open() "/usr/share/nginx/locker_app/log/nginx.error.log" failed (40: Too many levels of symbolic links)
Oct 31 09:11:08 ip-10-1-1-229.ap-northeast-1.compute.internal nginx[3774]: nginx: configuration file /etc/nginx/nginx.conf test failed
Oct 31 09:11:08 ip-10-1-1-229.ap-northeast-1.compute.internal systemd[1]: nginx.service: control process exited, code=exited status=1
Oct 31 09:11:08 ip-10-1-1-229.ap-northeast-1.compute.internal systemd[1]: Failed to start The nginx HTTP and reverse proxy server.
Oct 31 09:11:08 ip-10-1-1-229.ap-northeast-1.compute.internal systemd[1]: Unit nginx.service entered failed state.
Oct 31 09:11:08 ip-10-1-1-229.ap-northeast-1.compute.internal systemd[1]: nginx.service failed.
[ozaki@ip-10-1-1-229 opt]$ rm -rf /usr/share/nginx/locker_app
[ozaki@ip-10-1-1-229 opt]$ cd ~
[ozaki@ip-10-1-1-229 ~]$ ln /opt/locker_app/ /usr/share/nginx/locker_app
ln: ‘/opt/locker_app/’: hard link not allowed for directory
[ozaki@ip-10-1-1-229 ~]$ mkdir /usr/share/nginx/locker_app
[ozaki@ip-10-1-1-229 ~]$ sudo ln /opt/locker_app/ /usr/share/nginx/locker_app
ln: ‘/opt/locker_app/’: hard link not allowed for directory
[ozaki@ip-10-1-1-229 ~]$ sudo ln /opt/locker_app /usr/share/nginx/locker_app
ln: ‘/opt/locker_app’: hard link not allowed for directory
[ozaki@ip-10-1-1-229 ~]$ sudo ln -s /opt/locker_app/ /usr/share/nginx/locker_app
[ozaki@ip-10-1-1-229 ~]$ ll /usr/share/nginx
total 0
drwxr-xr-x 3 root  root  136 Oct 31 07:33 html
drwxrwxr-x 2 ozaki ozaki  24 Oct 31 09:13 locker_app
drwxr-xr-x 2 root  root  143 Oct 31 07:33 modules
[ozaki@ip-10-1-1-229 ~]$ cd /usr/share/nginx
[ozaki@ip-10-1-1-229 nginx]$ cd locker_app
[ozaki@ip-10-1-1-229 locker_app]$ ls
locker_app
[ozaki@ip-10-1-1-229 locker_app]$ ls
locker_app
[ozaki@ip-10-1-1-229 locker_app]$ cd locker_app
[ozaki@ip-10-1-1-229 locker_app]$ ls
app     config.ru  docker-compose.yml  Gemfile       lib           public     shell  vendor
bin     db         erd.pdf             Gemfile.lock  log           Rakefile   test   yarn.lock
config  docker     ext.txt             import.sh     package.json  README.md  tmp
[ozaki@ip-10-1-1-229 locker_app]$ rm -rf /usr/share/nginx/locker_app
[ozaki@ip-10-1-1-229 locker_app]$ ll /usr/share/nginx
total 0
drwxr-xr-x 3 root root 136 Oct 31 07:33 html
drwxr-xr-x 2 root root 143 Oct 31 07:33 modules
[ozaki@ip-10-1-1-229 locker_app]$ sudo ln /opt/locker_app/ /usr/share/nginx/locker_app
ln: ‘/opt/locker_app/’: hard link not allowed for directory
[ozaki@ip-10-1-1-229 locker_app]$ sudo ln /opt/locker_app/ /usr/share/nginx
ln: ‘/opt/locker_app/’: hard link not allowed for directory
[ozaki@ip-10-1-1-229 locker_app]$ sudo ln -s /opt/locker_app/ /usr/share/nginx
[ozaki@ip-10-1-1-229 locker_app]$ ll /usr/share/nginx
total 0
drwxr-xr-x 3 root root 136 Oct 31 07:33 html
lrwxrwxrwx 1 root root  16 Oct 31 09:16 locker_app -> /opt/locker_app/
drwxr-xr-x 2 root root 143 Oct 31 07:33 modules
[ozaki@ip-10-1-1-229 locker_app]$ cd /usr/share/nginx
[ozaki@ip-10-1-1-229 nginx]$ cd locker_app
[ozaki@ip-10-1-1-229 locker_app]$ ls
app     config.ru  docker-compose.yml  Gemfile       lib           public     shell  vendor
bin     db         erd.pdf             Gemfile.lock  log           Rakefile   test   yarn.lock
config  docker     ext.txt             import.sh     package.json  README.md  tmp
[ozaki@ip-10-1-1-229 locker_app]$ sudo systemctl start nginx.service
[ozaki@ip-10-1-1-229 locker_app]$ cd ../
[ozaki@ip-10-1-1-229 nginx]$ cd ~
[ozaki@ip-10-1-1-229 ~]$ cd /opt/locker_app
[ozaki@ip-10-1-1-229 locker_app]$ ll /tmp
total 132
lrwxrwxrwx 1 ozaki ozaki     25 Oct 25 08:52 mysql.sock -> /var/lib/mysql/mysql.sock
-rw-rw-r-- 1 ozaki ozaki    224 Oct 24 01:58 ruby-build.20201024015805.3606.log
drwx------ 3 ozaki ozaki     24 Oct 24 01:58 ruby-build.20201024015805.3606.TvtC2e
-rw-rw-r-- 1 ozaki ozaki 127449 Oct 24 02:16 ruby-build.20201024021132.4149.log
drwx------ 2 ozaki ozaki     25 Oct 24 03:16 ssh-TZrH6wFw2L02
drwx------ 3 root  root      17 Oct 23 10:43 systemd-private-deeda8db7c714a3a8a457503bdf992cb-chronyd.service-LxPTmK
drwx------ 3 root  root      17 Oct 31 09:17 systemd-private-deeda8db7c714a3a8a457503bdf992cb-nginx.service-u9IeKE
drwxrwxr-x 3 ozaki ozaki     25 Oct 25 14:34 v8-compile-cache-1001
[ozaki@ip-10-1-1-229 locker_app]$ ls tmp
cache  pids  restart.txt  sockets
[ozaki@ip-10-1-1-229 locker_app]$ ls tmp/pids
[ozaki@ip-10-1-1-229 locker_app]$ ls -a tmp/pids
.  ..
[ozaki@ip-10-1-1-229 locker_app]$ ls -a tmp/sockets
.  ..
[ozaki@ip-10-1-1-229 locker_app]$ packet_write_wait: Connection to 18.179.245.147 port 22: Broken pipe
administrators-MacBook-Pro:terraform admin$ ssh -i my-key-pair ec2-user@18.179.245.147
Last login: Sat Oct 31 09:01:27 2020 from 118-87-62-233.cnc.jp
-bash: /etc/profile: Permission denied
-bash-4.2$ sudo su - ozaki
最終ログイン: 2020/10/31 (土) 09:01:32 UTC日時 pts/4
[ozaki@ip-10-1-1-229 ~]$ vi /opt/locker/config/puma.rb
[ozaki@ip-10-1-1-229 ~]$ vi /opt/locker_app/config/puma.rb
[ozaki@ip-10-1-1-229 ~]$ ss -natu | grep LISTEN
tcp  LISTEN 0      128                             0.0.0.0:22           0.0.0.0:*                                                                               
tcp  LISTEN 0      128                             0.0.0.0:3000         0.0.0.0:*                                                                               
tcp  LISTEN 0      100                           127.0.0.1:25           0.0.0.0:*                                                                               
tcp  LISTEN 0      128                             0.0.0.0:111          0.0.0.0:*                                                                               
tcp  LISTEN 0      128                             0.0.0.0:80           0.0.0.0:*                                                                               
tcp  LISTEN 0      128                                [::]:22              [::]:*                                                                               
tcp  LISTEN 0      80                                    *:3306               *:*                                                                               
tcp  LISTEN 0      128                                [::]:111             [::]:*                                                                               
tcp  LISTEN 0      128                                [::]:80              [::]:*                                                                               
[ozaki@ip-10-1-1-229 ~]$ cd /opt/locker_app
[ozaki@ip-10-1-1-229 locker_app]$ git status
On branch temporal
Your branch is up to date with 'origin/temporal'.

Changes not staged for commit:
  (use "git add <file>..." to update what will be committed)
  (use "git restore <file>..." to discard changes in working directory)
	modified:   config/puma.rb

no changes added to commit (use "git add" and/or "git commit -a")
[ozaki@ip-10-1-1-229 locker_app]$ ll /tmp
total 132
lrwxrwxrwx 1 ozaki ozaki     25 Oct 25 08:52 mysql.sock -> /var/lib/mysql/mysql.sock
-rw-rw-r-- 1 ozaki ozaki    224 Oct 24 01:58 ruby-build.20201024015805.3606.log
drwx------ 3 ozaki ozaki     24 Oct 24 01:58 ruby-build.20201024015805.3606.TvtC2e
-rw-rw-r-- 1 ozaki ozaki 127449 Oct 24 02:16 ruby-build.20201024021132.4149.log
drwx------ 2 ozaki ozaki     25 Oct 24 03:16 ssh-TZrH6wFw2L02
drwx------ 3 root  root      17 Oct 23 10:43 systemd-private-deeda8db7c714a3a8a457503bdf992cb-chronyd.service-LxPTmK
drwx------ 3 root  root      17 Oct 31 09:17 systemd-private-deeda8db7c714a3a8a457503bdf992cb-nginx.service-u9IeKE
drwxrwxr-x 3 ozaki ozaki     25 Oct 25 14:34 v8-compile-cache-1001
[ozaki@ip-10-1-1-229 locker_app]$ ll /tmp/sockets
ls: cannot access /tmp/sockets: No such file or directory
[ozaki@ip-10-1-1-229 locker_app]$ ls -a tmp
.  ..  cache  .keep  pids  restart.txt  sockets
[ozaki@ip-10-1-1-229 locker_app]$ ll sockets
ls: cannot access sockets: No such file or directory
[ozaki@ip-10-1-1-229 locker_app]$ ll
total 84
drwxrwxr-x 11 ozaki ozaki   158 Oct 31 07:17 app
drwxrwxr-x  2 ozaki ozaki    98 Oct 31 07:16 bin
drwxrwxr-x  5 ozaki ozaki   225 Oct 31 10:09 config
-rw-rw-r--  1 ozaki ozaki   130 Oct 31 07:16 config.ru
drwxrwxr-x  3 ozaki ozaki   101 Oct 31 07:17 db
drwxrwxr-x  2 ozaki ozaki    24 Oct 31 07:17 docker
-rw-rw-r--  1 ozaki ozaki   247 Oct 31 07:17 docker-compose.yml
-rw-rw-r--  1 ozaki ozaki 40032 Oct 31 07:17 erd.pdf
-rw-rw-r--  1 ozaki ozaki   973 Oct 31 07:17 ext.txt
-rw-rw-r--  1 ozaki ozaki  2628 Oct 31 07:17 Gemfile
-rw-rw-r--  1 ozaki ozaki  6886 Oct 31 07:17 Gemfile.lock
-rw-rw-r--  1 ozaki ozaki   130 Oct 31 07:16 import.sh
drwxrwxr-x  4 ozaki ozaki    33 Oct 31 07:16 lib
drwxrwxr-x  2 ozaki ozaki   127 Oct 31 08:01 log
-rw-rw-r--  1 ozaki ozaki    68 Oct 31 07:16 package.json
drwxrwxr-x  3 ozaki ozaki   191 Oct 31 07:16 public
-rw-rw-r--  1 ozaki ozaki   227 Oct 31 07:16 Rakefile
-rw-rw-r--  1 ozaki ozaki   387 Oct 31 07:17 README.md
-rw-rw-r--  1 ozaki ozaki     0 Oct 31 07:16 shell
drwxrwxr-x  9 ozaki ozaki   179 Oct 31 07:16 test
drwxrwxr-x  5 ozaki ozaki    78 Oct 31 07:23 tmp
drwxrwxr-x  2 ozaki ozaki    19 Oct 31 07:16 vendor
-rw-rw-r--  1 ozaki ozaki    86 Oct 31 07:16 yarn.lock
[ozaki@ip-10-1-1-229 locker_app]$ cd tmp
[ozaki@ip-10-1-1-229 tmp]$ ls
cache  pids  restart.txt  sockets
[ozaki@ip-10-1-1-229 tmp]$ rm pids
rm: cannot remove ‘pids’: Is a directory
[ozaki@ip-10-1-1-229 tmp]$ ls
cache  pids  restart.txt  sockets
[ozaki@ip-10-1-1-229 tmp]$ cd pids
[ozaki@ip-10-1-1-229 pids]$ ls
[ozaki@ip-10-1-1-229 pids]$ cd ../
[ozaki@ip-10-1-1-229 tmp]$ rm -rf pids
[ozaki@ip-10-1-1-229 tmp]$ rm -rf sockets
[ozaki@ip-10-1-1-229 tmp]$ ls
cache  restart.txt
[ozaki@ip-10-1-1-229 tmp]$ mkdir sockets
[ozaki@ip-10-1-1-229 tmp]$ mkdir pids
[ozaki@ip-10-1-1-229 tmp]$ ls
cache  pids  restart.txt  sockets
[ozaki@ip-10-1-1-229 tmp]$ ll
total 0
drwxrwxr-x 3 ozaki ozaki 20 Oct 31 07:16 cache
drwxrwxr-x 2 ozaki ozaki  6 Oct 31 10:13 pids
-rw-rw-r-- 1 ozaki ozaki  0 Oct 31 07:16 restart.txt
drwxrwxr-x 2 ozaki ozaki  6 Oct 31 10:13 sockets
[ozaki@ip-10-1-1-229 tmp]$ sudo chmod 777 pids
[sudo] password for ozaki: 
[ozaki@ip-10-1-1-229 tmp]$ sudo chmod 777 sockets
[ozaki@ip-10-1-1-229 tmp]$ ll
total 0
drwxrwxr-x 3 ozaki ozaki 20 Oct 31 07:16 cache
drwxrwxrwx 2 ozaki ozaki  6 Oct 31 10:13 pids
-rw-rw-r-- 1 ozaki ozaki  0 Oct 31 07:16 restart.txt
drwxrwxrwx 2 ozaki ozaki  6 Oct 31 10:13 sockets
[ozaki@ip-10-1-1-229 tmp]$ cd ../
[ozaki@ip-10-1-1-229 locker_app]$ lsof -i:3000
COMMAND  PID  USER   FD   TYPE DEVICE SIZE/OFF NODE NAME
ruby    9465 ozaki    9u  IPv4 650314      0t0  TCP *:hbci (LISTEN)
[ozaki@ip-10-1-1-229 locker_app]$ kill 9465
[ozaki@ip-10-1-1-229 locker_app]$ lsof -i:3000
[ozaki@ip-10-1-1-229 locker_app]$ rails s -d -e production
=> Booting Puma
=> Rails 5.1.7 application starting in production 
=> Run `rails server -h` for more startup options
[ozaki@ip-10-1-1-229 locker_app]$ ll tmp
total 0
drwxrwxr-x 3 ozaki ozaki 20 Oct 31 07:16 cache
drwxrwxrwx 2 ozaki ozaki 24 Oct 31 10:16 pids
-rw-rw-r-- 1 ozaki ozaki  0 Oct 31 07:16 restart.txt
drwxrwxrwx 2 ozaki ozaki  6 Oct 31 10:13 sockets
[ozaki@ip-10-1-1-229 locker_app]$ ll tmp/pids
total 4
-rw-rw-r-- 1 ozaki ozaki 4 Oct 31 10:16 server.pid
[ozaki@ip-10-1-1-229 locker_app]$ ll tmp/sockets
total 0
[ozaki@ip-10-1-1-229 locker_app]$ bundle exec puma -t 5:5 -p 3000 -e production -C config/puma.rb -d
Puma starting in single mode...
* Version 3.12.6 (ruby 2.5.2-p104), codename: Llamas in Pajamas
* Min threads: 5, max threads: 5
* Environment: production
* Daemonizing...
[ozaki@ip-10-1-1-229 locker_app]$ ll /tmp/sockets
ls: cannot access /tmp/sockets: No such file or directory
[ozaki@ip-10-1-1-229 locker_app]$ ll /tmp/pids
ls: cannot access /tmp/pids: No such file or directory
[ozaki@ip-10-1-1-229 locker_app]$ ll tmp/pids
total 4
-rw-rw-r-- 1 ozaki ozaki 4 Oct 31 10:16 server.pid
[ozaki@ip-10-1-1-229 locker_app]$ ll tmp/sockets
total 0
[ozaki@ip-10-1-1-229 locker_app]$ vi config/puma.rb
[ozaki@ip-10-1-1-229 locker_app]$ bundle exec pumactl start
Puma starting in single mode...
* Version 3.12.6 (ruby 2.5.2-p104), codename: Llamas in Pajamas
* Min threads: 5, max threads: 5
* Environment: production
* Listening on unix:///opt/locker_app/tmp/sockets/puma.sock
Use Ctrl-C to stop
^C- Gracefully stopping, waiting for requests to finish
=== puma shutdown: 2020-10-31 10:19:20 +0000 ===
- Goodbye!
[ozaki@ip-10-1-1-229 locker_app]$ vi config/puma.rb
[ozaki@ip-10-1-1-229 locker_app]$ bundle exec pumactl start
Puma starting in single mode...
* Version 3.12.6 (ruby 2.5.2-p104), codename: Llamas in Pajamas
* Min threads: 5, max threads: 5
* Environment: production
* Daemonizing...
[ozaki@ip-10-1-1-229 locker_app]$ lsof -i:3000
COMMAND  PID  USER   FD   TYPE DEVICE SIZE/OFF NODE NAME
ruby    7413 ozaki    9u  IPv4 772872      0t0  TCP *:hbci (LISTEN)
[ozaki@ip-10-1-1-229 locker_app]$ ll tmp/sockets
total 0
srwxrwxrwx 1 ozaki ozaki 0 Oct 31 10:19 puma.sock
[ozaki@ip-10-1-1-229 locker_app]$ ss -natu | grep LISTEN
tcp  LISTEN 0      128                             0.0.0.0:22           0.0.0.0:*                                                                               
tcp  LISTEN 0      128                             0.0.0.0:3000         0.0.0.0:*                                                                               
tcp  LISTEN 0      100                           127.0.0.1:25           0.0.0.0:*                                                                               
tcp  LISTEN 0      128                             0.0.0.0:111          0.0.0.0:*                                                                               
tcp  LISTEN 0      128                             0.0.0.0:80           0.0.0.0:*                                                                               
tcp  LISTEN 0      128                                [::]:22              [::]:*                                                                               
tcp  LISTEN 0      80                                    *:3306               *:*                                                                               
tcp  LISTEN 0      128                                [::]:111             [::]:*                                                                               
tcp  LISTEN 0      128                                [::]:80              [::]:*                                                                               
[ozaki@ip-10-1-1-229 locker_app]$ sudo systemctl restart nginx.service
[sudo] password for ozaki: 
[ozaki@ip-10-1-1-229 locker_app]$ vi /etc/nginx/conf.d/nginx.conf
[ozaki@ip-10-1-1-229 locker_app]$ sudo systemctl restart nginx.service
[ozaki@ip-10-1-1-229 locker_app]$ sudo nginx -t
[sudo] password for ozaki: 
nginx: the configuration file /etc/nginx/nginx.conf syntax is ok
nginx: configuration file /etc/nginx/nginx.conf test is successful
[ozaki@ip-10-1-1-229 locker_app]$ vi /etc/nginx/conf.d/nginx.conf
[ozaki@ip-10-1-1-229 locker_app]$ ll tmp/sockets
total 0
srwxrwxrwx 1 ozaki ozaki 0 Oct 31 10:19 puma.sock
[ozaki@ip-10-1-1-229 locker_app]$ sudo chown nginx tmp/sockets/puma.sock
[ozaki@ip-10-1-1-229 locker_app]$ ll tmp/sockets
total 0
srwxrwxrwx 1 nginx ozaki 0 Oct 31 10:19 puma.sock
[ozaki@ip-10-1-1-229 locker_app]$ sudo systemctl restart nginx.service
[ozaki@ip-10-1-1-229 locker_app]$ pwd
/opt/locker_app
[ozaki@ip-10-1-1-229 locker_app]$ cd ~
[ozaki@ip-10-1-1-229 ~]$ cd /etc/nginx/conf.d
[ozaki@ip-10-1-1-229 conf.d]$ ls
nginx.conf
[ozaki@ip-10-1-1-229 conf.d]$ mv nginx.conf locker_app.conf
mv: cannot move ‘nginx.conf’ to ‘locker_app.conf’: Permission denied
[ozaki@ip-10-1-1-229 conf.d]$ ll
total 4
-rwxrwxrwx 1 ozaki root 866 Oct 31 10:26 nginx.conf
[ozaki@ip-10-1-1-229 conf.d]$ mv /nginx.conf /locker_app.conf
mv: cannot stat ‘/nginx.conf’: No such file or directory
[ozaki@ip-10-1-1-229 conf.d]$ mv nginx.conf locker_app.conf
mv: cannot move ‘nginx.conf’ to ‘locker_app.conf’: Permission denied
[ozaki@ip-10-1-1-229 conf.d]$ mv nginx.conf locker.conf
mv: cannot move ‘nginx.conf’ to ‘locker.conf’: Permission denied
[ozaki@ip-10-1-1-229 conf.d]$ packet_write_wait: Connection to 18.179.245.147 port 22: Broken pipe
administrators-MacBook-Pro:terraform admin$ ssh -i my-key-pair ec2-user@18.179.245.147
Last login: Sat Oct 31 10:02:11 2020 from 118-87-62-233.cnc.jp
-bash: /etc/profile: Permission denied
-bash-4.2$ sudo su - ozaki
最終ログイン: 2020/10/31 (土) 10:02:16 UTC日時 pts/0
[ozaki@ip-10-1-1-229 ~]$ packet_write_wait: Connection to 18.179.245.147 port 22: Broken pipe
administrators-MacBook-Pro:terraform admin$ ssh -i my-key-pair ec2-user@18.179.245.147
Last login: Sat Oct 31 11:32:46 2020 from 118-87-62-233.cnc.jp
-bash: /etc/profile: Permission denied
-bash-4.2$ sudo su - ozaki
最終ログイン: 2020/10/31 (土) 11:32:52 UTC日時 pts/1
[ozaki@ip-10-1-1-229 ~]$ ll /opt
total 4
drwxr-xr-x  4 root  root    33 Sep 21 21:11 aws
drwxrwxr-x 14 ozaki ozaki 4096 Oct 31 07:17 locker_app
drwxr-xr-x  2 root  root     6 Aug 16  2018 rh
[ozaki@ip-10-1-1-229 ~]$ mv /opt/locker_app ~
[ozaki@ip-10-1-1-229 ~]$ ls
locker_app
[ozaki@ip-10-1-1-229 ~]$ sudo systemctl restart nginx.service
[sudo] password for ozaki: 
Job for nginx.service failed because the control process exited with error code. See "systemctl status nginx.service" and "journalctl -xe" for details.
[ozaki@ip-10-1-1-229 ~]$ sudo systemctl status -l nginx.service
● nginx.service - The nginx HTTP and reverse proxy server
   Loaded: loaded (/usr/lib/systemd/system/nginx.service; disabled; vendor preset: disabled)
   Active: failed (Result: exit-code) since Sat 2020-10-31 11:40:38 UTC; 14s ago
  Process: 8673 ExecStart=/usr/sbin/nginx (code=exited, status=0/SUCCESS)
  Process: 12234 ExecStartPre=/usr/sbin/nginx -t (code=exited, status=1/FAILURE)
  Process: 12232 ExecStartPre=/usr/bin/rm -f /run/nginx.pid (code=exited, status=0/SUCCESS)
 Main PID: 8676 (code=exited, status=0/SUCCESS)

Oct 31 11:40:38 ip-10-1-1-229.ap-northeast-1.compute.internal systemd[1]: Starting The nginx HTTP and reverse proxy server...
Oct 31 11:40:38 ip-10-1-1-229.ap-northeast-1.compute.internal nginx[12234]: nginx: the configuration file /etc/nginx/nginx.conf syntax is ok
Oct 31 11:40:38 ip-10-1-1-229.ap-northeast-1.compute.internal nginx[12234]: nginx: [emerg] open() "/usr/share/nginx/locker_app/log/nginx.error.log" failed (2: No such file or directory)
Oct 31 11:40:38 ip-10-1-1-229.ap-northeast-1.compute.internal nginx[12234]: nginx: configuration file /etc/nginx/nginx.conf test failed
Oct 31 11:40:38 ip-10-1-1-229.ap-northeast-1.compute.internal systemd[1]: nginx.service: control process exited, code=exited status=1
Oct 31 11:40:38 ip-10-1-1-229.ap-northeast-1.compute.internal systemd[1]: Failed to start The nginx HTTP and reverse proxy server.
Oct 31 11:40:38 ip-10-1-1-229.ap-northeast-1.compute.internal systemd[1]: Unit nginx.service entered failed state.
Oct 31 11:40:38 ip-10-1-1-229.ap-northeast-1.compute.internal systemd[1]: nginx.service failed.
[ozaki@ip-10-1-1-229 ~]$ sudo ls -s locker_app/ /usr/share/nginx
locker_app/:
total 84
 0 app	       0 db		      4 ext.txt        0 lib	        4 Rakefile    0 tmp
 0 bin	       0 docker		      4 Gemfile        0 log	        4 README.md   0 vendor
 0 config      4 docker-compose.yml   8 Gemfile.lock   4 package.json   0 shell       4 yarn.lock
 4 config.ru  40 erd.pdf	      4 import.sh      0 public         0 test

/usr/share/nginx:
total 0
0 html	0 locker_app  0 modules
[ozaki@ip-10-1-1-229 ~]$ ll /usr/share/nginx
total 0
drwxr-xr-x 3 root root 136 Oct 31 07:33 html
lrwxrwxrwx 1 root root  16 Oct 31 09:16 locker_app -> /opt/locker_app/
drwxr-xr-x 2 root root 143 Oct 31 07:33 modules
[ozaki@ip-10-1-1-229 ~]$ rm -rf /usr/share/nginx
rm: cannot remove ‘/usr/share/nginx/html/404.html’: Permission denied
rm: cannot remove ‘/usr/share/nginx/html/50x.html’: Permission denied
rm: cannot remove ‘/usr/share/nginx/html/en-US’: Permission denied
rm: cannot remove ‘/usr/share/nginx/html/icons/poweredby.png’: Permission denied
rm: cannot remove ‘/usr/share/nginx/html/img’: Permission denied
rm: cannot remove ‘/usr/share/nginx/html/index.html’: Permission denied
rm: cannot remove ‘/usr/share/nginx/html/nginx-logo.png’: Permission denied
rm: cannot remove ‘/usr/share/nginx/html/poweredby.png’: Permission denied
rm: cannot remove ‘/usr/share/nginx/modules/mod-stream.conf’: Permission denied
rm: cannot remove ‘/usr/share/nginx/modules/mod-http-image-filter.conf’: Permission denied
rm: cannot remove ‘/usr/share/nginx/modules/mod-http-xslt-filter.conf’: Permission denied
rm: cannot remove ‘/usr/share/nginx/modules/mod-http-perl.conf’: Permission denied
rm: cannot remove ‘/usr/share/nginx/modules/mod-mail.conf’: Permission denied
[ozaki@ip-10-1-1-229 ~]$ cd /usr
[ozaki@ip-10-1-1-229 usr]$ ls
bin  etc  games  include  lib  lib64  libexec  local  sbin  share  src  tmp
[ozaki@ip-10-1-1-229 usr]$ cd /share
-bash: cd: /share: No such file or directory
[ozaki@ip-10-1-1-229 usr]$ cd share
[ozaki@ip-10-1-1-229 share]$ ls
aclocal              et              gnome              libthai        os-prober  systemtap
anaconda             file            gnupg              licenses       p11-kit    tabset
applications         firstboot       groff              locale         perl5      terminfo
augeas               fontconfig      grub               lua            pixmaps    themes
authconfig           fonts           gtk-doc            magic          pkgconfig  thumbnailers
awk                  games           hwdata             man            pki        vim
backgrounds          gcc-7           i18n               microcode_ctl  plymouth   X11
bash-completion      gdb             icons              mime           polkit-1   xml
cracklib             gems            icu                mime-info      poppler    xsessions
dbus-1               GeoIP           idl                misc           ruby       yarn
desktop-directories  gettext         ImageMagick-6.7.8  myspell        rubygems   yum-cli
dict                 gettext-0.19.8  info               mysql          screen     yum-plugins
doc                  ghostscript     kde4               nano           selinux    zoneinfo
egl                  git-core        keyutils           nginx          setuptool  zsh
emacs                glib-2.0        langtable          node           sounds
empty                glvnd           libdrm             omf            systemd
[ozaki@ip-10-1-1-229 share]$ cd nginx
[ozaki@ip-10-1-1-229 nginx]$ ls
html  modules
[ozaki@ip-10-1-1-229 nginx]$ ll
total 0
drwxr-xr-x 3 root root 136 Oct 31 07:33 html
drwxr-xr-x 2 root root 143 Oct 31 07:33 modules
[ozaki@ip-10-1-1-229 nginx]$ cd ~
[ozaki@ip-10-1-1-229 ~]$ cd /usr/share/nginx
[ozaki@ip-10-1-1-229 nginx]$ ll
total 0
drwxr-xr-x 3 root root 136 Oct 31 07:33 html
drwxr-xr-x 2 root root 143 Oct 31 07:33 modules
[ozaki@ip-10-1-1-229 nginx]$ mkdir locker_app
[ozaki@ip-10-1-1-229 nginx]$ cd ~
[ozaki@ip-10-1-1-229 ~]$ sudo ln -s locker_app/ /usr/share/nginx
ln: failed to create symbolic link ‘/usr/share/nginx/locker_app’: File exists
[ozaki@ip-10-1-1-229 ~]$ cd /usr/share/nginx
[ozaki@ip-10-1-1-229 nginx]$ ls
html  locker_app  modules
[ozaki@ip-10-1-1-229 nginx]$ rm -rf locker_app
[ozaki@ip-10-1-1-229 nginx]$ ls
html  modules
[ozaki@ip-10-1-1-229 nginx]$ cd ~
[ozaki@ip-10-1-1-229 ~]$ sudo ln -s locker_app/ /usr/share/nginx
[ozaki@ip-10-1-1-229 ~]$ ll /usr/share/nginx
total 0
drwxr-xr-x 3 root root 136 Oct 31 07:33 html
lrwxrwxrwx 1 root root  11 Oct 31 11:46 locker_app -> locker_app/
drwxr-xr-x 2 root root 143 Oct 31 07:33 modules
[ozaki@ip-10-1-1-229 ~]$ sudo systemctl restart nginx.service
Job for nginx.service failed because the control process exited with error code. See "systemctl status nginx.service" and "journalctl -xe" for details.
[ozaki@ip-10-1-1-229 ~]$ sudo systemctl status -l nginx.service
● nginx.service - The nginx HTTP and reverse proxy server
   Loaded: loaded (/usr/lib/systemd/system/nginx.service; disabled; vendor preset: disabled)
   Active: failed (Result: exit-code) since Sat 2020-10-31 11:47:13 UTC; 11s ago
  Process: 8673 ExecStart=/usr/sbin/nginx (code=exited, status=0/SUCCESS)
  Process: 12586 ExecStartPre=/usr/sbin/nginx -t (code=exited, status=1/FAILURE)
  Process: 12585 ExecStartPre=/usr/bin/rm -f /run/nginx.pid (code=exited, status=0/SUCCESS)
 Main PID: 8676 (code=exited, status=0/SUCCESS)

Oct 31 11:47:13 ip-10-1-1-229.ap-northeast-1.compute.internal systemd[1]: Starting The nginx HTTP and reverse proxy server...
Oct 31 11:47:13 ip-10-1-1-229.ap-northeast-1.compute.internal nginx[12586]: nginx: the configuration file /etc/nginx/nginx.conf syntax is ok
Oct 31 11:47:13 ip-10-1-1-229.ap-northeast-1.compute.internal nginx[12586]: nginx: [emerg] open() "/usr/share/nginx/locker_app/log/nginx.error.log" failed (40: Too many levels of symbolic links)
Oct 31 11:47:13 ip-10-1-1-229.ap-northeast-1.compute.internal nginx[12586]: nginx: configuration file /etc/nginx/nginx.conf test failed
Oct 31 11:47:13 ip-10-1-1-229.ap-northeast-1.compute.internal systemd[1]: nginx.service: control process exited, code=exited status=1
Oct 31 11:47:13 ip-10-1-1-229.ap-northeast-1.compute.internal systemd[1]: Failed to start The nginx HTTP and reverse proxy server.
Oct 31 11:47:13 ip-10-1-1-229.ap-northeast-1.compute.internal systemd[1]: Unit nginx.service entered failed state.
Oct 31 11:47:13 ip-10-1-1-229.ap-northeast-1.compute.internal systemd[1]: nginx.service failed.
[ozaki@ip-10-1-1-229 ~]$ cd /usr/share/nginx
[ozaki@ip-10-1-1-229 nginx]$ cd locker_app
-bash: cd: locker_app: Too many levels of symbolic links
[ozaki@ip-10-1-1-229 nginx]$ ll
total 0
drwxr-xr-x 3 root root 136 Oct 31 07:33 html
lrwxrwxrwx 1 root root  11 Oct 31 11:46 locker_app -> locker_app/
drwxr-xr-x 2 root root 143 Oct 31 07:33 modules
[ozaki@ip-10-1-1-229 nginx]$ rm -rf locker_app
[ozaki@ip-10-1-1-229 nginx]$ ls
html  modules
[ozaki@ip-10-1-1-229 nginx]$ cd ~
[ozaki@ip-10-1-1-229 ~]$ sudo ln -s locker_app /usr/share/nginx
[ozaki@ip-10-1-1-229 ~]$ ll /usr/share/nginx
total 0
drwxr-xr-x 3 root root 136 Oct 31 07:33 html
lrwxrwxrwx 1 root root  10 Oct 31 11:48 locker_app -> locker_app
drwxr-xr-x 2 root root 143 Oct 31 07:33 modules
[ozaki@ip-10-1-1-229 ~]$ mv locker_app /opt
[ozaki@ip-10-1-1-229 ~]$ ll
total 0
[ozaki@ip-10-1-1-229 ~]$ ll /opt
total 4
drwxr-xr-x  4 root  root    33 Sep 21 21:11 aws
drwxrwxr-x 14 ozaki ozaki 4096 Oct 31 07:17 locker_app
drwxr-xr-x  2 root  root     6 Aug 16  2018 rh
[ozaki@ip-10-1-1-229 ~]$ ll /usr/share/nginx
total 0
drwxr-xr-x 3 root root 136 Oct 31 07:33 html
lrwxrwxrwx 1 root root  10 Oct 31 11:48 locker_app -> locker_app
drwxr-xr-x 2 root root 143 Oct 31 07:33 modules
[ozaki@ip-10-1-1-229 ~]$ cd /usr/share/nginx
[ozaki@ip-10-1-1-229 nginx]$ ll
total 0
drwxr-xr-x 3 root root 136 Oct 31 07:33 html
lrwxrwxrwx 1 root root  10 Oct 31 11:48 locker_app -> locker_app
drwxr-xr-x 2 root root 143 Oct 31 07:33 modules
[ozaki@ip-10-1-1-229 nginx]$ rm -rf locker_app
[ozaki@ip-10-1-1-229 nginx]$ ls
html  modules
[ozaki@ip-10-1-1-229 nginx]$ cd ~
[ozaki@ip-10-1-1-229 ~]$ sudo ln -s /opt/locker_app/ /usr/share/nginx
[ozaki@ip-10-1-1-229 ~]$ ll /usr/share/nginx
total 0
drwxr-xr-x 3 root root 136 Oct 31 07:33 html
lrwxrwxrwx 1 root root  16 Oct 31 11:50 locker_app -> /opt/locker_app/
drwxr-xr-x 2 root root 143 Oct 31 07:33 modules
[ozaki@ip-10-1-1-229 ~]$ sudo systemctl restart nginx.service
[ozaki@ip-10-1-1-229 ~]$ cd /opt/locker_app
[ozaki@ip-10-1-1-229 locker_app]$ ls
app     config.ru  docker-compose.yml  Gemfile       lib           public     shell  vendor
bin     db         erd.pdf             Gemfile.lock  log           Rakefile   test   yarn.lock
config  docker     ext.txt             import.sh     package.json  README.md  tmp
[ozaki@ip-10-1-1-229 locker_app]$ git status
On branch temporal
Your branch is up to date with 'origin/temporal'.

Changes not staged for commit:
  (use "git add <file>..." to update what will be committed)
  (use "git restore <file>..." to discard changes in working directory)
	modified:   config/puma.rb

no changes added to commit (use "git add" and/or "git commit -a")
[ozaki@ip-10-1-1-229 locker_app]$ vi config/puma.rb
[ozaki@ip-10-1-1-229 locker_app]$ vi /etc/nginx/conf.d/nginx.conf
[ozaki@ip-10-1-1-229 locker_app]$ cd tmp/sockets
[ozaki@ip-10-1-1-229 sockets]$ ls
puma.sock
[ozaki@ip-10-1-1-229 sockets]$ pwd
/opt/locker_app/tmp/sockets
[ozaki@ip-10-1-1-229 sockets]$ ls -a
.  ..  puma.sock
[ozaki@ip-10-1-1-229 sockets]$ packet_write_wait: Connection to 18.179.245.147 port 22: Broken pipe
administrators-MacBook-Pro:terraform admin$ ssh -i my-key-pair ec2-user@18.179.245.147
Last login: Sat Oct 31 11:38:46 2020 from 118-87-62-233.cnc.jp
-bash: /etc/profile: Permission denied
-bash-4.2$ sudo su - ozaki
最終ログイン: 2020/10/31 (土) 11:38:51 UTC日時 pts/2
[ozaki@ip-10-1-1-229 ~]$ 
